Archive member included because of file (symbol)

c:/sjsu_dev/toolchain/bin/../lib/gcc/arm-none-eabi/4.7.4/../../../../arm-none-eabi/lib/armv7-m\libstdc++_s.a(si_class_type_info.o)
                              ./L5_Application/source/MotorControlTask.o (vtable for __cxxabiv1::__si_class_type_info)
c:/sjsu_dev/toolchain/bin/../lib/gcc/arm-none-eabi/4.7.4/../../../../arm-none-eabi/lib/armv7-m\libstdc++_s.a(pure.o)
                              ./L5_Application/source/MotorControlTask.o (__cxa_pure_virtual)
c:/sjsu_dev/toolchain/bin/../lib/gcc/arm-none-eabi/4.7.4/../../../../arm-none-eabi/lib/armv7-m\libstdc++_s.a(guard.o)
                              ./L5_Application/source/cmd_handlers/handlers.o (__cxa_guard_acquire)
c:/sjsu_dev/toolchain/bin/../lib/gcc/arm-none-eabi/4.7.4/../../../../arm-none-eabi/lib/armv7-m\libstdc++_s.a(class_type_info.o)
                              c:/sjsu_dev/toolchain/bin/../lib/gcc/arm-none-eabi/4.7.4/../../../../arm-none-eabi/lib/armv7-m\libstdc++_s.a(si_class_type_info.o) (__cxxabiv1::__class_type_info::__do_upcast(__cxxabiv1::__class_type_info const*, void**) const)
c:/sjsu_dev/toolchain/bin/../lib/gcc/arm-none-eabi/4.7.4/../../../../arm-none-eabi/lib/armv7-m\libstdc++_s.a(vmi_class_type_info.o)
                              ./L3_Utils/src/file_logger.o (vtable for __cxxabiv1::__vmi_class_type_info)
c:/sjsu_dev/toolchain/bin/../lib/gcc/arm-none-eabi/4.7.4/../../../../arm-none-eabi/lib/armv7-m\libstdc++_s.a(eh_terminate.o)
                              c:/sjsu_dev/toolchain/bin/../lib/gcc/arm-none-eabi/4.7.4/../../../../arm-none-eabi/lib/armv7-m\libstdc++_s.a(pure.o) (std::terminate())
c:/sjsu_dev/toolchain/bin/../lib/gcc/arm-none-eabi/4.7.4/../../../../arm-none-eabi/lib/armv7-m\libstdc++_s.a(tinfo.o)
                              c:/sjsu_dev/toolchain/bin/../lib/gcc/arm-none-eabi/4.7.4/../../../../arm-none-eabi/lib/armv7-m\libstdc++_s.a(class_type_info.o) (std::type_info::~type_info())
c:/sjsu_dev/toolchain/bin/../lib/gcc/arm-none-eabi/4.7.4/../../../../arm-none-eabi/lib/armv7-m\libstdc++_s.a(eh_unex_handler.o)
                              c:/sjsu_dev/toolchain/bin/../lib/gcc/arm-none-eabi/4.7.4/../../../../arm-none-eabi/lib/armv7-m\libstdc++_s.a(eh_terminate.o) (__cxxabiv1::__unexpected_handler)
c:/sjsu_dev/toolchain/bin/../lib/gcc/arm-none-eabi/4.7.4/../../../../arm-none-eabi/lib/armv7-m\libstdc++_s.a(eh_term_handler.o)
                              c:/sjsu_dev/toolchain/bin/../lib/gcc/arm-none-eabi/4.7.4/../../../../arm-none-eabi/lib/armv7-m\libstdc++_s.a(eh_terminate.o) (__cxxabiv1::__terminate_handler)
c:/sjsu_dev/toolchain/bin/../lib/gcc/arm-none-eabi/4.7.4/../../../../arm-none-eabi/lib/armv7-m\libm.a(lib_a-w_atan2.o)
                              ./L5_Application/source/OrientationTask.o (atan2)
c:/sjsu_dev/toolchain/bin/../lib/gcc/arm-none-eabi/4.7.4/../../../../arm-none-eabi/lib/armv7-m\libm.a(lib_a-e_atan2.o)
                              c:/sjsu_dev/toolchain/bin/../lib/gcc/arm-none-eabi/4.7.4/../../../../arm-none-eabi/lib/armv7-m\libm.a(lib_a-w_atan2.o) (__ieee754_atan2)
c:/sjsu_dev/toolchain/bin/../lib/gcc/arm-none-eabi/4.7.4/../../../../arm-none-eabi/lib/armv7-m\libm.a(lib_a-s_atan.o)
                              c:/sjsu_dev/toolchain/bin/../lib/gcc/arm-none-eabi/4.7.4/../../../../arm-none-eabi/lib/armv7-m\libm.a(lib_a-e_atan2.o) (atan)
c:/sjsu_dev/toolchain/bin/../lib/gcc/arm-none-eabi/4.7.4/../../../../arm-none-eabi/lib/armv7-m\libm.a(lib_a-s_fabs.o)
                              c:/sjsu_dev/toolchain/bin/../lib/gcc/arm-none-eabi/4.7.4/../../../../arm-none-eabi/lib/armv7-m\libm.a(lib_a-e_atan2.o) (fabs)
c:/sjsu_dev/toolchain/bin/../lib/gcc/arm-none-eabi/4.7.4/armv7-m\libgcc.a(_ashldi3.o)
                              ./L2_Drivers/src/eint.o (__aeabi_llsl)
c:/sjsu_dev/toolchain/bin/../lib/gcc/arm-none-eabi/4.7.4/armv7-m\libgcc.a(_arm_addsubdf3.o)
                              c:/sjsu_dev/toolchain/bin/../lib/gcc/arm-none-eabi/4.7.4/../../../../arm-none-eabi/lib/armv7-m\libm.a(lib_a-e_atan2.o) (__aeabi_dsub)
c:/sjsu_dev/toolchain/bin/../lib/gcc/arm-none-eabi/4.7.4/armv7-m\libgcc.a(_arm_muldivdf3.o)
                              ./L5_Application/source/MotorControlTask.o (__aeabi_dmul)
c:/sjsu_dev/toolchain/bin/../lib/gcc/arm-none-eabi/4.7.4/armv7-m\libgcc.a(_arm_cmpdf2.o)
                              ./L5_Application/source/OrientationTask.o (__aeabi_dcmpgt)
c:/sjsu_dev/toolchain/bin/../lib/gcc/arm-none-eabi/4.7.4/armv7-m\libgcc.a(_arm_fixunsdfsi.o)
                              ./L5_Application/source/OrientationTask.o (__aeabi_d2uiz)
c:/sjsu_dev/toolchain/bin/../lib/gcc/arm-none-eabi/4.7.4/armv7-m\libgcc.a(_arm_truncdfsf2.o)
                              ./L5_Application/source/MotorControlTask.o (__aeabi_d2f)
c:/sjsu_dev/toolchain/bin/../lib/gcc/arm-none-eabi/4.7.4/armv7-m\libgcc.a(_arm_addsubsf3.o)
                              ./L5_Application/source/cmd_handlers/handlers.o (__aeabi_fsub)
[...]
Memory Configuration

Name             Origin             Length             Attributes
MFlash512        0x00010000         0x00070000         xr
RamLoc32         0x10000000         0x00008000         xrw
RamAHB32         0x2007c000         0x00008000         xrw
*default*        0x00000000         0xffffffff

Linker script and memory map

LOAD ./newlib/malloc_lock.o
LOAD ./newlib/memory.o
LOAD ./newlib/newlib_syscalls.o
LOAD ./newlib/newlib_time.o
LOAD ./newlib/printf_lib.o
LOAD ./L5_Application/source/cmd_handlers/handlers.o
LOAD ./L5_Application/source/cmd_handlers/prog_handlers.o
LOAD ./L5_Application/source/cmd_handlers/wireless_handlers.o
LOAD ./L5_Application/source/10dof.o
LOAD ./L5_Application/source/BM_Controller.o
LOAD ./L5_Application/source/LCD.o
LOAD ./L5_Application/source/MotorControlTask.o
LOAD ./L5_Application/source/OrientationTask.o
LOAD ./L5_Application/source/PIDController.o
LOAD ./L5_Application/source/PWMController.o
LOAD ./L5_Application/source/debug_sensor.o
LOAD ./L5_Application/source/high_level_init.o
LOAD ./L5_Application/source/pid_controllers.o
LOAD ./L5_Application/source/remote.o
LOAD ./L5_Application/source/terminal.o
LOAD ./L5_Application/examples/examples.o
LOAD ./L5_Application/examples/rn_xv_task.o
LOAD ./L5_Application/main.o
LOAD ./L4_IO/wireless/src/mesh.o
LOAD ./L4_IO/wireless/src/nrf24L01Plus.o
LOAD ./L4_IO/wireless/src/wireless.o
LOAD ./L4_IO/src/gpio.o
LOAD ./L4_IO/src/io_source.o
LOAD ./L4_IO/src/storage.o
LOAD ./L4_IO/fat/option/ccsbcs.o
LOAD ./L4_IO/fat/option/reentrant.o
LOAD ./L4_IO/fat/disk/diskio.o
LOAD ./L4_IO/fat/disk/sd.o
LOAD ./L4_IO/fat/disk/spi_flash.o
LOAD ./L4_IO/fat/fatfs_time.o
LOAD ./L4_IO/fat/ff.o
LOAD ./L3_Utils/tlm/src/c_tlm_binary.o
LOAD ./L3_Utils/tlm/src/c_tlm_comp.o
LOAD ./L3_Utils/tlm/src/c_tlm_stream.o
LOAD ./L3_Utils/tlm/src/c_tlm_var.o
LOAD ./L3_Utils/src/c_list.o
LOAD ./L3_Utils/src/command_handler.o
LOAD ./L3_Utils/src/file_logger.o
LOAD ./L3_Utils/src/freertos_timer.o
LOAD ./L3_Utils/src/logger.o
LOAD ./L3_Utils/src/rtc_alarm.o
LOAD ./L3_Utils/src/scheduler_task.o
LOAD ./L3_Utils/src/str.o
LOAD ./L3_Utils/src/utilities.o
LOAD ./L2_Drivers/src/can.o
LOAD ./L2_Drivers/src/eint.o
LOAD ./L2_Drivers/src/i2c2.o
LOAD ./L2_Drivers/src/lpc_pwm.o
LOAD ./L2_Drivers/src/nrf_stream.o
LOAD ./L2_Drivers/src/rtc.o
LOAD ./L2_Drivers/src/spi_dma.o
LOAD ./L2_Drivers/src/spi_sem.o
LOAD ./L2_Drivers/src/uart0.o
LOAD ./L2_Drivers/src/uart2.o
LOAD ./L2_Drivers/src/uart3.o
LOAD ./L2_Drivers/base/char_dev.o
LOAD ./L2_Drivers/base/i2c_base.o
LOAD ./L2_Drivers/base/uart_dev.o
LOAD ./L1_FreeRTOS/src/croutine.o
LOAD ./L1_FreeRTOS/src/event_groups.o
LOAD ./L1_FreeRTOS/src/list.o
LOAD ./L1_FreeRTOS/src/queue.o
LOAD ./L1_FreeRTOS/src/tasks.o
LOAD ./L1_FreeRTOS/src/timers.o
LOAD ./L1_FreeRTOS/portable/port.o
LOAD ./L1_FreeRTOS/portable/run_time_stats.o
LOAD ./L1_FreeRTOS/hooks/hooks.o
LOAD ./L1_FreeRTOS/MemMang/heap_1.o
LOAD ./L1_FreeRTOS/MemMang/heap_2.o
LOAD ./L1_FreeRTOS/MemMang/heap_3.o
LOAD ./L1_FreeRTOS/MemMang/heap_4.o
LOAD ./L0_LowLevel/source/core_cm3.o
LOAD ./L0_LowLevel/source/low_level_init.o
LOAD ./L0_LowLevel/source/lpc_peripherals.o
LOAD ./L0_LowLevel/source/lpc_sys.o
LOAD ./L0_LowLevel/source/startup.o
LOAD ./L0_LowLevel/source/sys_clock.o
LOAD ./L0_LowLevel/source/uart0_min.o
LOAD c:/sjsu_dev/toolchain/bin/../lib/gcc/arm-none-eabi/4.7.4/../../../../arm-none-eabi/lib/armv7-m\libstdc++_s.a
LOAD c:/sjsu_dev/toolchain/bin/../lib/gcc/arm-none-eabi/4.7.4/../../../../arm-none-eabi/lib/armv7-m\libm.a
START GROUP
LOAD c:/sjsu_dev/toolchain/bin/../lib/gcc/arm-none-eabi/4.7.4/armv7-m\libgcc.a
LOAD c:/sjsu_dev/toolchain/bin/../lib/gcc/arm-none-eabi/4.7.4/../../../../arm-none-eabi/lib/armv7-m\libc_s.a
END GROUP
                0x20084000                __top_RamAHB32 = 0x20084000

.text           0x00010000    0x16fb0
 FILL mask 0xff
 *(.isr_vector)
 .isr_vector    0x00010000       0xcc ./L0_LowLevel/source/startup.o
                0x00010000                g_pfnVectors
                0x000100cc                . = ALIGN (0x4)
                0x000100cc                __section_table_start = .
                0x000100cc                __data_section_table = .
                0x000100cc        0x4 LONG 0x26fb8 LOADADDR (.data)
                0x000100d0        0x4 LONG 0x2007c000 ADDR (.data)
                0x000100d4        0x4 LONG 0x120 SIZEOF (.data)
                0x000100d8                __data_section_table_end = .
                0x000100d8                __bss_section_table = .
                0x000100d8        0x4 LONG 0x2007c120 ADDR (.bss)
                0x000100dc        0x4 LONG 0x57c SIZEOF (.bss)
                0x000100e0                __bss_section_table_end = .
                0x000100e0                __section_table_end = .
 *(.after_vectors*)
 .after_vectors
                0x000100e0      0x138 ./L0_LowLevel/source/startup.o
                0x000100e0                HardFault_Handler
                0x000100fc                I2C0_IRQHandler
                0x000100fc                MCPWM_IRQHandler
                0x000100fc                TIMER2_IRQHandler
                0x000100fc                DMA_IRQHandler
                0x000100fc                USBActivity_IRQHandler
                0x000100fc                PWM1_IRQHandler
                0x000100fc                EINT0_IRQHandler
                0x000100fc                QEI_IRQHandler
                0x000100fc                I2C1_IRQHandler
                0x000100fc                EINT2_IRQHandler
                0x000100fc                UART1_IRQHandler
                0x000100fc                CANActivity_IRQHandler
                0x000100fc                TIMER3_IRQHandler
                0x000100fc                WDT_IRQHandler
                0x000100fc                IntDefaultHandler
                0x000100fc                PLL0_IRQHandler
                0x000100fc                PLL1_IRQHandler
                0x000100fc                SSP0_IRQHandler
                0x000100fc                I2S_IRQHandler
                0x000100fc                TIMER0_IRQHandler
                0x000100fc                SPI_IRQHandler
                0x000100fc                EINT1_IRQHandler
                0x000100fc                ADC_IRQHandler
                0x000100fc                SSP1_IRQHandler
                0x000100fc                BOD_IRQHandler
                0x000100fc                USB_IRQHandler
                0x000100fc                ENET_IRQHandler
                0x0001010c                DebugMon_Handler
                0x0001011c                UsageFault_Handler
                0x0001012c                BusFault_Handler
                0x0001013c                MemManage_Handler
                0x0001014c                NMI_Handler
                0x0001015c                data_init(unsigned int, unsigned int, unsigned int)
                0x0001016e                bss_init(unsigned int, unsigned int)
                0x0001017e                ResetISR
                0x000101e8                SVC_Handler
                0x000101f8                PendSV_Handler
                0x00010208                SysTick_Handler
 *(.text*)
 .text._sbrk    0x00010218       0x70 ./newlib/memory.o
                0x00010218                _sbrk
 .text._Znwj    0x00010288        0x4 ./newlib/memory.o
                0x00010288                operator new(unsigned int)
 .text._Znaj    0x0001028c        0x4 ./newlib/memory.o
                0x0001028c                operator new[](unsigned int)
 .text._ZdlPv   0x00010290        0x4 ./newlib/memory.o
                0x00010290                operator delete(void*)
 .text._ZdaPv   0x00010294        0x4 ./newlib/memory.o
                0x00010294                operator delete[](void*)
 .text.sys_get_mem_info
                0x00010298       0xb4 ./newlib/memory.o
                0x00010298                sys_get_mem_info
 .text.__aeabi_atexit
                0x0001034c        0x4 ./newlib/memory.o
                0x0001034c                __aeabi_atexit
 .text._ZN9__gnu_cxx27__verbose_terminate_handlerEv
                0x00010350        0x2 ./newlib/memory.o
                0x00010350                __gnu_cxx::__verbose_terminate_handler()
 *fill*         0x00010352        0x2 00
 .text.sys_set_outchar_func
                0x00010354        0xc ./newlib/newlib_syscalls.o
                0x00010354                sys_set_outchar_func
 .text.sys_set_inchar_func
                0x00010360        0xc ./newlib/newlib_syscalls.o
                0x00010360                sys_set_inchar_func
 .text._kill    0x0001036c       0x10 ./newlib/newlib_syscalls.o
                0x0001036c                _kill
 .text._exit    0x0001037c       0x10 ./newlib/newlib_syscalls.o
                0x0001037c                _exit
 .text._getpid  0x0001038c        0x4 ./newlib/newlib_syscalls.o
                0x0001038c                _getpid
 .text._init    0x00010390        0x4 ./newlib/newlib_syscalls.o
                0x00010390                _init
 .text._write   0x00010394       0x28 ./newlib/newlib_syscalls.o
                0x00010394                _write
 .text._read    0x000103bc       0x2c ./newlib/newlib_syscalls.o
                0x000103bc                _read
 .text.syscalls_init
                0x000103e8        0x2 ./newlib/newlib_syscalls.o
                0x000103e8                syscalls_init
 .text._fstat   0x000103ea        0x4 ./newlib/newlib_syscalls.o
                0x000103ea                _fstat
 *fill*         0x000103ee        0x2 00
 .text._isatty  0x000103f0       0x24 ./newlib/newlib_syscalls.o
                0x000103f0                _isatty
 .text._lseek   0x00010414        0x4 ./newlib/newlib_syscalls.o
                0x00010414                _lseek
 .text._close   0x00010418        0x4 ./newlib/newlib_syscalls.o
                0x00010418                _close
 .text._gettimeofday
                0x0001041c       0x80 ./newlib/newlib_time.o
                0x0001041c                _gettimeofday
 .text.u0_dbg_put
                0x0001049c       0x20 ./newlib/printf_lib.o
                0x0001049c                u0_dbg_put
 .text._ZN7Storage13getFlashDriveEv
                0x000104bc       0x48 ./L5_Application/source/cmd_handlers/handlers.o
                0x000104bc                Storage::getFlashDrive()
 .text._ZN7Storage10getSDDriveEv
                0x00010504       0x4c ./L5_Application/source/cmd_handlers/handlers.o
                0x00010504                Storage::getSDDrive()
 .text._Z7pid_setR3strR7CharDevPv
                0x00010550      0x18c ./L5_Application/source/cmd_handlers/handlers.o
                0x00010550                pid_set(str&, CharDev&, void*)
 .text._Z7pid_getR3strR7CharDevPv
                0x000106dc      0x188 ./L5_Application/source/cmd_handlers/handlers.o
                0x000106dc                pid_get(str&, CharDev&, void*)
 .text._Z15taskListHandlerR3strR7CharDevPv
                0x00010864       0xcc ./L5_Application/source/cmd_handlers/handlers.o
                0x00010864                taskListHandler(str&, CharDev&, void*)
 .text._Z14memInfoHandlerR3strR7CharDevPv
                0x00010930       0x22 ./L5_Application/source/cmd_handlers/handlers.o
                0x00010930                memInfoHandler(str&, CharDev&, void*)
 *fill*         0x00010952        0x2 00
 .text._Z11timeHandlerR3strR7CharDevPv
                0x00010954       0xc4 ./L5_Application/source/cmd_handlers/handlers.o
                0x00010954                timeHandler(str&, CharDev&, void*)
 .text._Z9cpHandlerR3strR7CharDevPv
                0x00010a18       0x80 ./L5_Application/source/cmd_handlers/handlers.o
                0x00010a18                cpHandler(str&, CharDev&, void*)
 .text._Z10catHandlerR3strR7CharDevPv
                0x00010a98       0xe0 ./L5_Application/source/cmd_handlers/handlers.o
                0x00010a98                catHandler(str&, CharDev&, void*)
 .text._Z9lsHandlerR3strR7CharDevPv
                0x00010b78      0x1a8 ./L5_Application/source/cmd_handlers/handlers.o
                0x00010b78                lsHandler(str&, CharDev&, void*)
 .text._Z12mkdirHandlerR3strR7CharDevPv
                0x00010d20       0x3c ./L5_Application/source/cmd_handlers/handlers.o
                0x00010d20                mkdirHandler(str&, CharDev&, void*)
 .text._Z9rmHandlerR3strR7CharDevPv
                0x00010d5c       0x3c ./L5_Application/source/cmd_handlers/handlers.o
                0x00010d5c                rmHandler(str&, CharDev&, void*)
 .text._Z9mvHandlerR3strR7CharDevPv
                0x00010d98       0x5c ./L5_Application/source/cmd_handlers/handlers.o
                0x00010d98                mvHandler(str&, CharDev&, void*)
 .text._Z14newFileHandlerR3strR7CharDevPv
                0x00010df4       0xac ./L5_Application/source/cmd_handlers/handlers.o
                0x00010df4                newFileHandler(str&, CharDev&, void*)
 .text._Z10dcpHandlerR3strR7CharDevPv
                0x00010ea0      0x138 ./L5_Application/source/cmd_handlers/handlers.o
                0x00010ea0                dcpHandler(str&, CharDev&, void*)
 .text._Z14storageHandlerR3strR7CharDevPv
                0x00010fd8       0xb4 ./L5_Application/source/cmd_handlers/handlers.o
                0x00010fd8                storageHandler(str&, CharDev&, void*)
 .text._Z14learnIrHandlerR3strR7CharDevPv
                0x0001108c       0x34 ./L5_Application/source/cmd_handlers/handlers.o
                0x0001108c                learnIrHandler(str&, CharDev&, void*)
 .text._ZN17SingletonTemplateI4I2C2E11getInstanceEv
                0x000110c0       0x20 ./L5_Application/source/cmd_handlers/handlers.o
                0x000110c0                SingletonTemplate<I2C2>::getInstance()
 .text._Z12i2cIoHandlerR3strR7CharDevPv
                0x000110e0      0x128 ./L5_Application/source/cmd_handlers/handlers.o
                0x000110e0                i2cIoHandler(str&, CharDev&, void*)
 .text._Z13healthHandlerR3strR7CharDevPv
                0x00011208      0x1a0 ./L5_Application/source/cmd_handlers/handlers.o
                0x00011208                healthHandler(str&, CharDev&, void*)
 .text._ZN17SingletonTemplateI13PWMControllerE11getInstanceEv
                0x000113a8       0x20 ./L5_Application/source/cmd_handlers/handlers.o
                0x000113a8                SingletonTemplate<PWMController>::getInstance()
 .text._Z7pwm_setR3strR7CharDevPv
                0x000113c8       0xf8 ./L5_Application/source/cmd_handlers/handlers.o
                0x000113c8                pwm_set(str&, CharDev&, void*)
 .text._Z10killcopterR3strR7CharDevPv
                0x000114c0       0x2a ./L5_Application/source/cmd_handlers/handlers.o
                0x000114c0                killcopter(str&, CharDev&, void*)
 *fill*         0x000114ea        0x2 00
 .text._ZN17SingletonTemplateI10FileLoggerE11getInstanceEv
                0x000114ec       0x20 ./L5_Application/source/cmd_handlers/handlers.o
                0x000114ec                SingletonTemplate<FileLogger>::getInstance()
 .text._Z13rebootHandlerR3strR7CharDevPv
                0x0001150c       0x34 ./L5_Application/source/cmd_handlers/handlers.o
                0x0001150c                rebootHandler(str&, CharDev&, void*)
 .text._Z10logHandlerR3strR7CharDevPv
                0x00011540       0x6c ./L5_Application/source/cmd_handlers/handlers.o
                0x00011540                logHandler(str&, CharDev&, void*)
 .text._Z16flashProgHandlerR3strR7CharDevPv
                0x000115ac       0x94 ./L5_Application/source/cmd_handlers/prog_handlers.o
                0x000115ac                flashProgHandler(str&, CharDev&, void*)
 .text._Z14getFileHandlerR3strR7CharDevPv
                0x00011640      0x134 ./L5_Application/source/cmd_handlers/prog_handlers.o
                0x00011640                getFileHandler(str&, CharDev&, void*)
 .text._ZL25wirelessHandlerPrintStatsR7CharDevP12mesh_stats_th
                0x00011774       0x3c ./L5_Application/source/cmd_handlers/wireless_handlers.o
 .text._ZL14wsStatsHandlerR3strR7CharDevPv
                0x000117b0       0x1e ./L5_Application/source/cmd_handlers/wireless_handlers.o
 *fill*         0x000117ce        0x2 00
 .text._ZL11wsTxHandlerR3strR7CharDevPv
                0x000117d0      0x10c ./L5_Application/source/cmd_handlers/wireless_handlers.o
 .text._ZL13wsAddrHandlerR3strR7CharDevPv
                0x000118dc       0x34 ./L5_Application/source/cmd_handlers/wireless_handlers.o
 .text._ZL11wsRxHandlerR3strR7CharDevPv
                0x00011910       0x80 ./L5_Application/source/cmd_handlers/wireless_handlers.o
 .text._Z12wsRteHandlerR3strR7CharDevPv
                0x00011990       0x74 ./L5_Application/source/cmd_handlers/wireless_handlers.o
                0x00011990                wsRteHandler(str&, CharDev&, void*)
 .text._ZN17SingletonTemplateI12NordicStreamE11getInstanceEv
                0x00011a04       0x20 ./L5_Application/source/cmd_handlers/wireless_handlers.o
                0x00011a04                SingletonTemplate<NordicStream>::getInstance()
 .text._ZL15wsFileTxHandlerR3strR7CharDevPv
                0x00011a24      0x21c ./L5_Application/source/cmd_handlers/wireless_handlers.o
 .text._ZL15wsStreamHandlerR3strR7CharDevPv
                0x00011c40      0x11c ./L5_Application/source/cmd_handlers/wireless_handlers.o
 .text._ZN6VECTORIN16CommandProcessor16CmdProcessorTypeEE14changeCapacityEj
                0x00011d5c       0x42 ./L5_Application/source/cmd_handlers/wireless_handlers.o
                0x00011d5c                VECTOR<CommandProcessor::CmdProcessorType>::changeCapacity(unsigned int)
 *fill*         0x00011d9e        0x2 00
 .text._Z15wirelessHandlerR3strR7CharDevPv
                0x00011da0      0x130 ./L5_Application/source/cmd_handlers/wireless_handlers.o
                0x00011da0                wirelessHandler(str&, CharDev&, void*)
 .text._ZN15I2C_Device_Base13readRegistersEhPcj
                0x00011ed0       0x18 ./L5_Application/source/10dof.o
                0x00011ed0                I2C_Device_Base::readRegisters(unsigned char, char*, unsigned int)
 .text._ZN6_10dof13Accelerometer4initEv
                0x00011ee8       0x24 ./L5_Application/source/10dof.o
                0x00011ee8                _10dof::Accelerometer::init()
 .text._ZN6_10dof13Accelerometer6getXYZEv
                0x00011f0c       0x14 ./L5_Application/source/10dof.o
                0x00011f0c                _10dof::Accelerometer::getXYZ()
 .text._ZN6_10dof9Gyroscope4initEv
                0x00011f20       0x16 ./L5_Application/source/10dof.o
                0x00011f20                _10dof::Gyroscope::init()
 .text._ZN6_10dof9Gyroscope6getXYZEv
                0x00011f36       0x52 ./L5_Application/source/10dof.o
                0x00011f36                _10dof::Gyroscope::getXYZ()
 .text._ZN14scheduler_taskD2Ev
                0x00011f88        0xc ./L5_Application/source/MotorControlTask.o
                0x00011f88                scheduler_task::~scheduler_task()
                0x00011f88                scheduler_task::~scheduler_task()
 .text._ZN14scheduler_task4initEv
                0x00011f94        0x4 ./L5_Application/source/MotorControlTask.o
                0x00011f94                scheduler_task::init()
 .text._ZN14scheduler_task6regTlmEv
                0x00011f98        0x4 ./L5_Application/source/MotorControlTask.o
                0x00011f98                scheduler_task::regTlm()
 .text._ZN14scheduler_task9taskEntryEv
                0x00011f9c        0x4 ./L5_Application/source/MotorControlTask.o
                0x00011f9c                scheduler_task::taskEntry()
 .text._ZN16MotorControlTaskD2Ev
                0x00011fa0        0xc ./L5_Application/source/MotorControlTask.o
                0x00011fa0                MotorControlTask::~MotorControlTask()
                0x00011fa0                MotorControlTask::~MotorControlTask()
 .text._ZN16MotorControlTaskD0Ev
                0x00011fac       0x14 ./L5_Application/source/MotorControlTask.o
                0x00011fac                MotorControlTask::~MotorControlTask()
 .text._ZN14scheduler_taskD0Ev
                0x00011fc0       0x14 ./L5_Application/source/MotorControlTask.o
                0x00011fc0                scheduler_task::~scheduler_task()
 *fill*         0x00011fd4        0x4 00
 .text._ZN16MotorControlTask13timeToResolveEff
                0x00011fd8       0x58 ./L5_Application/source/MotorControlTask.o
                0x00011fd8                MotorControlTask::timeToResolve(float, float)
 .text._ZN16MotorControlTask23getOrientationFromQueueEv
                0x00012030        0xe ./L5_Application/source/MotorControlTask.o
                0x00012030                MotorControlTask::getOrientationFromQueue()
 *fill*         0x0001203e        0x2 00
 .text._ZN16MotorControlTask23updateMotorServoControlEv
                0x00012040      0x300 ./L5_Application/source/MotorControlTask.o
                0x00012040                MotorControlTask::updateMotorServoControl()
 .text._ZN16MotorControlTask3runEPv
                0x00012340       0x40 ./L5_Application/source/MotorControlTask.o
                0x00012340                MotorControlTask::run(void*)
 .text._ZN16MotorControlTask4initEv
                0x00012380       0xa8 ./L5_Application/source/MotorControlTask.o
                0x00012380                MotorControlTask::init()
 .text._ZN15OrientationTaskD2Ev
                0x00012428        0xc ./L5_Application/source/OrientationTask.o
                0x00012428                OrientationTask::~OrientationTask()
                0x00012428                OrientationTask::~OrientationTask()
 .text._ZN15OrientationTaskD0Ev
                0x00012434       0x14 ./L5_Application/source/OrientationTask.o
                0x00012434                OrientationTask::~OrientationTask()
 .text._Z15distance_sensorv
                0x00012448       0x78 ./L5_Application/source/OrientationTask.o
                0x00012448                distance_sensor()
 .text._ZN15OrientationTask15get_orientationEv
                0x000124c0        0x4 ./L5_Application/source/OrientationTask.o
                0x000124c0                OrientationTask::get_orientation()
 .text._ZN15OrientationTask15compute_averageEv
                0x000124c4      0x160 ./L5_Application/source/OrientationTask.o
                0x000124c4                OrientationTask::compute_average()
 *fill*         0x00012624        0x4 00
 .text._ZN15OrientationTask3runEPv
                0x00012628      0x2d8 ./L5_Application/source/OrientationTask.o
                0x00012628                OrientationTask::run(void*)
 .text._ZN15OrientationTask4initEv
                0x00012900      0x118 ./L5_Application/source/OrientationTask.o
                0x00012900                OrientationTask::init()
 .text._ZN13PIDControllerC2Effff
                0x00012a18       0x16 ./L5_Application/source/PIDController.o
                0x00012a18                PIDController::PIDController(float, float, float, float)
                0x00012a18                PIDController::PIDController(float, float, float, float)
 .text._ZN13PIDController6get_kpEv
                0x00012a2e        0x4 ./L5_Application/source/PIDController.o
                0x00012a2e                PIDController::get_kp()
 .text._ZN13PIDController6get_kiEv
                0x00012a32        0x4 ./L5_Application/source/PIDController.o
                0x00012a32                PIDController::get_ki()
 .text._ZN13PIDController6get_kdEv
                0x00012a36        0x4 ./L5_Application/source/PIDController.o
                0x00012a36                PIDController::get_kd()
 .text._ZN13PIDController6get_ksEv
                0x00012a3a        0x4 ./L5_Application/source/PIDController.o
                0x00012a3a                PIDController::get_ks()
 .text._ZN13PIDController15updateConstantsEffff
                0x00012a3e       0x10 ./L5_Application/source/PIDController.o
                0x00012a3e                PIDController::updateConstants(float, float, float, float)
 *fill*         0x00012a4e        0x2 00
 .text._ZN13PIDController16calculate_outputEfff
                0x00012a50       0xa4 ./L5_Application/source/PIDController.o
                0x00012a50                PIDController::calculate_output(float, float, float)
 .text._ZN13PWMControllerC2Ev
                0x00012af4       0x48 ./L5_Application/source/PWMController.o
                0x00012af4                PWMController::PWMController()
                0x00012af4                PWMController::PWMController()
 .text._ZN13PWMController10enablePortENS_7pwmTypeE
                0x00012b3c       0x54 ./L5_Application/source/PWMController.o
                0x00012b3c                PWMController::enablePort(PWMController::pwmType)
 .text._ZN13PWMController10setPercentENS_7pwmTypeEf
                0x00012b90       0x6c ./L5_Application/source/PWMController.o
                0x00012b90                PWMController::setPercent(PWMController::pwmType, float)
 .text.ssp_set_max_clock
                0x00012bfc       0x2c ./L5_Application/source/high_level_init.o
 .text._ZL13hl_print_linev
                0x00012c28        0xc ./L5_Application/source/high_level_init.o
 .text._ZL16hl_mount_storageR16FileSystemObjectPKc
                0x00012c34       0x94 ./L5_Application/source/high_level_init.o
 .text._ZL19hl_periodic_servicev
                0x00012cc8       0x74 ./L5_Application/source/high_level_init.o
 .text.vApplicationTickHook
                0x00012d3c        0x4 ./L5_Application/source/high_level_init.o
                0x00012d3c                vApplicationTickHook
 .text.sys_get_uptime_ms
                0x00012d40       0x10 ./L5_Application/source/high_level_init.o
                0x00012d40                sys_get_uptime_ms
 .text._ZN17SingletonTemplateI11LED_DisplayE11getInstanceEv
                0x00012d50       0x28 ./L5_Application/source/high_level_init.o
                0x00012d50                SingletonTemplate<LED_Display>::getInstance()
 .text._ZN17SingletonTemplateI3LEDE11getInstanceEv
                0x00012d78       0x1c ./L5_Application/source/high_level_init.o
                0x00012d78                SingletonTemplate<LED>::getInstance()
 .text._Z15high_level_initv
                0x00012d94      0x4d0 ./L5_Application/source/high_level_init.o
                0x00012d94                high_level_init()
 .text._ZN13PIDControllerD2Ev
                0x00013264        0x2 ./L5_Application/source/pid_controllers.o
                0x00013264                PIDController::~PIDController()
                0x00013264                PIDController::~PIDController()
 *fill*         0x00013266        0x2 00
 .text.startup._GLOBAL__sub_I_pid_roll
                0x00013268       0xc8 ./L5_Application/source/pid_controllers.o
 .text._ZN12terminalTask6regTlmEv
                0x00013330        0x4 ./L5_Application/source/terminal.o
                0x00013330                terminalTask::regTlm()
 .text._ZN12terminalTask22handleEchoAndBackspaceEPNS_9cmdChan_tEc
                0x00013334       0x5c ./L5_Application/source/terminal.o
                0x00013334                terminalTask::handleEchoAndBackspace(terminalTask::cmdChan_t*, char)
 .text._ZN12terminalTask10getCommandEv
                0x00013390      0x106 ./L5_Application/source/terminal.o
                0x00013390                terminalTask::getCommand()
 *fill*         0x00013496        0x2 00
 .text._ZN12terminalTask3runEPv
                0x00013498       0x98 ./L5_Application/source/terminal.o
                0x00013498                terminalTask::run(void*)
 .text._ZN17SingletonTemplateI5Uart0E11getInstanceEv
                0x00013530       0x20 ./L5_Application/source/terminal.o
                0x00013530                SingletonTemplate<Uart0>::getInstance()
 .text._ZN5Uart017putcharIntrDrivenEc
                0x00013550       0x18 ./L5_Application/source/terminal.o
                0x00013550                Uart0::putcharIntrDriven(char)
 .text._ZN5Uart017getcharIntrDrivenEc
                0x00013568       0x20 ./L5_Application/source/terminal.o
                0x00013568                Uart0::getcharIntrDriven(char)
 .text._ZN6VECTORIN16CommandProcessor16CmdProcessorTypeEED2Ev
                0x00013588       0x24 ./L5_Application/source/terminal.o
                0x00013588                VECTOR<CommandProcessor::CmdProcessorType>::~VECTOR()
                0x00013588                VECTOR<CommandProcessor::CmdProcessorType>::~VECTOR()
 .text._ZN12terminalTaskD2Ev
                0x000135ac       0x40 ./L5_Application/source/terminal.o
                0x000135ac                terminalTask::~terminalTask()
                0x000135ac                terminalTask::~terminalTask()
 .text._ZN12terminalTaskD0Ev
                0x000135ec       0x12 ./L5_Application/source/terminal.o
                0x000135ec                terminalTask::~terminalTask()
 .text._ZN6VECTORIN12terminalTask9cmdChan_tEE14changeCapacityEj
                0x000135fe       0x3a ./L5_Application/source/terminal.o
                0x000135fe                VECTOR<terminalTask::cmdChan_t>::changeCapacity(unsigned int)
 .text._ZN12terminalTask17addCommandChannelEP7CharDevb
                0x00013638       0x44 ./L5_Application/source/terminal.o
                0x00013638                terminalTask::addCommandChannel(CharDev*, bool)
 .text._ZN12terminalTask9taskEntryEv
                0x0001367c      0x2e0 ./L5_Application/source/terminal.o
                0x0001367c                terminalTask::taskEntry()
 .text._ZN12terminalTaskC2Eh
                0x0001395c       0x7c ./L5_Application/source/terminal.o
                0x0001395c                terminalTask::terminalTask(unsigned char)
                0x0001395c                terminalTask::terminalTask(unsigned char)
 .text._Z9debugTaskPv
                0x000139d8      0x23c ./L5_Application/main.o
                0x000139d8                debugTask(void*)
 .text.startup.main
                0x00013c14       0xb8 ./L5_Application/main.o
                0x00013c14                main
 .text.startup._GLOBAL__sub_I__Z5get_xP7balance
                0x00013ccc       0x28 ./L5_Application/main.o
 .text.mesh_incr_soft_timers_for_arr
                0x00013cf4       0x26 ./L4_IO/wireless/src/mesh.o
 *fill*         0x00013d1a        0x2 00
 .text.mesh_update_soft_timers
                0x00013d1c       0x4c ./L4_IO/wireless/src/mesh.o
 .text.mesh_send_packet
                0x00013d68       0x3c ./L4_IO/wireless/src/mesh.o
 .text.mesh_send_retry_packet
                0x00013da4       0x34 ./L4_IO/wireless/src/mesh.o
 .text.mesh_find_rte_tbl_entry
                0x00013dd8       0x24 ./L4_IO/wireless/src/mesh.o
 .text.mesh_update_rte_scores
                0x00013dfc       0x28 ./L4_IO/wireless/src/mesh.o
 .text.mesh_get_pnd_pkt_slot
                0x00013e24       0x4c ./L4_IO/wireless/src/mesh.o
 .text.mesh_pending_packets_add
                0x00013e70       0x8c ./L4_IO/wireless/src/mesh.o
 .text.mesh_get_rte_to_modify
                0x00013efc       0x64 ./L4_IO/wireless/src/mesh.o
 .text.mesh_handle_pnd_pkts_for_arr
                0x00013f60      0x19c ./L4_IO/wireless/src/mesh.o
 .text.mesh_set_node_address
                0x000140fc       0x18 ./L4_IO/wireless/src/mesh.o
                0x000140fc                mesh_set_node_address
 .text.mesh_get_node_address
                0x00014114        0xc ./L4_IO/wireless/src/mesh.o
                0x00014114                mesh_get_node_address
 .text.mesh_set_retry_count
                0x00014120       0x10 ./L4_IO/wireless/src/mesh.o
                0x00014120                mesh_set_retry_count
 .text.mesh_form_pkt
                0x00014130       0xe4 ./L4_IO/wireless/src/mesh.o
                0x00014130                mesh_form_pkt
 .text.mesh_send_formed_pkt
                0x00014214       0x60 ./L4_IO/wireless/src/mesh.o
                0x00014214                mesh_send_formed_pkt
 .text.mesh_init
                0x00014274      0x104 ./L4_IO/wireless/src/mesh.o
                0x00014274                mesh_init
 .text.mesh_send
                0x00014378       0x42 ./L4_IO/wireless/src/mesh.o
                0x00014378                mesh_send
 .text.mesh_send_ack
                0x000143ba       0x18 ./L4_IO/wireless/src/mesh.o
 *fill*         0x000143d2        0x2 00
 .text.mesh_get_routing_entry
                0x000143d4       0x2c ./L4_IO/wireless/src/mesh.o
                0x000143d4                mesh_get_routing_entry
 .text.mesh_get_num_routing_entries
                0x00014400       0x1c ./L4_IO/wireless/src/mesh.o
                0x00014400                mesh_get_num_routing_entries
 .text.mesh_service
                0x0001441c      0x2c4 ./L4_IO/wireless/src/mesh.o
                0x0001441c                mesh_service
 .text.mesh_get_pnd_pkt_count
                0x000146e0       0x34 ./L4_IO/wireless/src/mesh.o
                0x000146e0                mesh_get_pnd_pkt_count
 .text.mesh_get_max_timeout_before_packet_fails
                0x00014714       0x20 ./L4_IO/wireless/src/mesh.o
                0x00014714                mesh_get_max_timeout_before_packet_fails
 .text.mesh_get_stats
                0x00014734       0x14 ./L4_IO/wireless/src/mesh.o
                0x00014734                mesh_get_stats
 .text.nordic_transfer
                0x00014748      0x10c ./L4_IO/wireless/src/nrf24L01Plus.o
 .text.nordic_readRegister
                0x00014854       0x1c ./L4_IO/wireless/src/nrf24L01Plus.o
 .text.nordic_writeRegister
                0x00014870       0x1c ./L4_IO/wireless/src/nrf24L01Plus.o
 .text.nordic_is_tx_fifo_empty
                0x0001488c        0xe ./L4_IO/wireless/src/nrf24L01Plus.o
                0x0001488c                nordic_is_tx_fifo_empty
 .text.nordic_clear_all_intr_flags
                0x0001489a        0x8 ./L4_IO/wireless/src/nrf24L01Plus.o
                0x0001489a                nordic_clear_all_intr_flags
 .text.nordic_queue_tx_fifo
                0x000148a2       0x10 ./L4_IO/wireless/src/nrf24L01Plus.o
                0x000148a2                nordic_queue_tx_fifo
 .text.nordic_standby1_to_tx_mode1
                0x000148b2       0x18 ./L4_IO/wireless/src/nrf24L01Plus.o
                0x000148b2                nordic_standby1_to_tx_mode1
 *fill*         0x000148ca        0x2 00
 .text.nordic_rx_to_Stanby1
                0x000148cc       0x10 ./L4_IO/wireless/src/nrf24L01Plus.o
                0x000148cc                nordic_rx_to_Stanby1
 .text.nordic_standby1_to_rx
                0x000148dc       0x24 ./L4_IO/wireless/src/nrf24L01Plus.o
                0x000148dc                nordic_standby1_to_rx
 .text.nordic_clear_packet_sent_flag
                0x00014900        0x8 ./L4_IO/wireless/src/nrf24L01Plus.o
                0x00014900                nordic_clear_packet_sent_flag
 .text.nordic_flush_tx_fifo
                0x00014908        0xe ./L4_IO/wireless/src/nrf24L01Plus.o
                0x00014908                nordic_flush_tx_fifo
 *fill*         0x00014916        0x2 00
 .text.nordic_mode1_send_single_packet
                0x00014918       0x4c ./L4_IO/wireless/src/nrf24L01Plus.o
                0x00014918                nordic_mode1_send_single_packet
 .text.nordic_is_packet_available
                0x00014964       0x12 ./L4_IO/wireless/src/nrf24L01Plus.o
                0x00014964                nordic_is_packet_available
 .text.nordic_clear_packet_available_flag
                0x00014976        0x8 ./L4_IO/wireless/src/nrf24L01Plus.o
                0x00014976                nordic_clear_packet_available_flag
 .text.nordic_read_rx_fifo
                0x0001497e       0x16 ./L4_IO/wireless/src/nrf24L01Plus.o
                0x0001497e                nordic_read_rx_fifo
 .text.nordic_flush_rx_fifo
                0x00014994        0xe ./L4_IO/wireless/src/nrf24L01Plus.o
                0x00014994                nordic_flush_rx_fifo
 .text.nordic_set_intr_signals
                0x000149a2       0x40 ./L4_IO/wireless/src/nrf24L01Plus.o
                0x000149a2                nordic_set_intr_signals
 .text.nordic_set_crc
                0x000149e2       0x3a ./L4_IO/wireless/src/nrf24L01Plus.o
                0x000149e2                nordic_set_crc
 .text.nordic_power_up
                0x00014a1c       0x18 ./L4_IO/wireless/src/nrf24L01Plus.o
                0x00014a1c                nordic_power_up
 .text.nordic_power_down
                0x00014a34       0x18 ./L4_IO/wireless/src/nrf24L01Plus.o
                0x00014a34                nordic_power_down
 .text.nordic_set_channel
                0x00014a4c       0x24 ./L4_IO/wireless/src/nrf24L01Plus.o
                0x00014a4c                nordic_set_channel
 .text.nordic_set_air_data_rate
                0x00014a70       0x2e ./L4_IO/wireless/src/nrf24L01Plus.o
                0x00014a70                nordic_set_air_data_rate
 .text.nordic_set_power_level
                0x00014a9e       0x26 ./L4_IO/wireless/src/nrf24L01Plus.o
                0x00014a9e                nordic_set_power_level
 .text.nordic_set_auto_transmit_options
                0x00014ac4       0x30 ./L4_IO/wireless/src/nrf24L01Plus.o
                0x00014ac4                nordic_set_auto_transmit_options
 .text.nordic_set_payload_for_pipe
                0x00014af4       0x18 ./L4_IO/wireless/src/nrf24L01Plus.o
                0x00014af4                nordic_set_payload_for_pipe
 .text.nordic_set_addr_width
                0x00014b0c       0x16 ./L4_IO/wireless/src/nrf24L01Plus.o
                0x00014b0c                nordic_set_addr_width
 .text.nordic_set_tx_address
                0x00014b22        0xe ./L4_IO/wireless/src/nrf24L01Plus.o
                0x00014b22                nordic_set_tx_address
 .text.nordic_set_rx_pipe0_addr
                0x00014b30        0xe ./L4_IO/wireless/src/nrf24L01Plus.o
                0x00014b30                nordic_set_rx_pipe0_addr
 *fill*         0x00014b3e        0x2 00
 .text.nordic_init
                0x00014b40       0xc4 ./L4_IO/wireless/src/nrf24L01Plus.o
                0x00014b40                nordic_init
 .text.nrf_driver_get_timer
                0x00014c04       0x1e ./L4_IO/wireless/src/wireless.o
 *fill*         0x00014c22        0x2 00
 .text.nrf_irq_callback
                0x00014c24       0x2c ./L4_IO/wireless/src/wireless.o
 .text.nrf_driver_app_recv
                0x00014c50       0x60 ./L4_IO/wireless/src/wireless.o
 .text.nrf_driver_init
                0x00014cb0       0x78 ./L4_IO/wireless/src/wireless.o
 .text.wireless_get_queued_pkt
                0x00014d28       0x50 ./L4_IO/wireless/src/wireless.o
 .text.nrf_driver_send
                0x00014d78       0x70 ./L4_IO/wireless/src/wireless.o
 .text.nrf_driver_receive
                0x00014de8       0x22 ./L4_IO/wireless/src/wireless.o
 *fill*         0x00014e0a        0x2 00
 .text.wireless_init
                0x00014e0c       0x4c ./L4_IO/wireless/src/wireless.o
                0x00014e0c                wireless_init
 .text.wireless_get_rx_pkt
                0x00014e58       0x14 ./L4_IO/wireless/src/wireless.o
                0x00014e58                wireless_get_rx_pkt
 .text.wireless_get_ack_pkt
                0x00014e6c       0x14 ./L4_IO/wireless/src/wireless.o
                0x00014e6c                wireless_get_ack_pkt
 .text.wireless_service
                0x00014e80       0x4c ./L4_IO/wireless/src/wireless.o
                0x00014e80                wireless_service
 .text.adc0_get_reading.constprop.0
                0x00014ecc       0x3c ./L4_IO/src/io_source.o
 .text._ZN15I2C_Device_Base8writeRegEhh
                0x00014f08       0x18 ./L4_IO/src/io_source.o
                0x00014f08                I2C_Device_Base::writeReg(unsigned char, unsigned char)
 .text._ZN15I2C_Device_Base16get16BitRegisterEh
                0x00014f20       0x30 ./L4_IO/src/io_source.o
                0x00014f20                I2C_Device_Base::get16BitRegister(unsigned char)
 .text.TIMER1_IRQHandler
                0x00014f50       0xa0 ./L4_IO/src/io_source.o
                0x00014f50                TIMER1_IRQHandler
 .text._ZN11LED_Display12setLeftDigitEc
                0x00014ff0       0x18 ./L4_IO/src/io_source.o
                0x00014ff0                LED_Display::setLeftDigit(char)
 .text._ZN11LED_Display13setRightDigitEc
                0x00015008       0x18 ./L4_IO/src/io_source.o
                0x00015008                LED_Display::setRightDigit(char)
 .text._ZN11LED_Display9setNumberEc
                0x00015020       0x3e ./L4_IO/src/io_source.o
                0x00015020                LED_Display::setNumber(char)
 *fill*         0x0001505e        0x2 00
 .text._ZN3LED6setAllEc
                0x00015060       0x50 ./L4_IO/src/io_source.o
                0x00015060                LED::setAll(char)
 .text._ZN12Light_Sensor11getRawValueEv
                0x000150b0        0x4 ./L4_IO/src/io_source.o
                0x000150b0                Light_Sensor::getRawValue()
 .text._ZN8Switches15getSwitchValuesEv
                0x000150b4       0x18 ./L4_IO/src/io_source.o
                0x000150b4                Switches::getSwitchValues()
 .text._ZN8I2C_Temp10getCelsiusEv
                0x000150cc       0x32 ./L4_IO/src/io_source.o
                0x000150cc                I2C_Temp::getCelsius()
 *fill*         0x000150fe        0x2 00
 .text._ZN8I2C_Temp12getFarenheitEv
                0x00015100       0x24 ./L4_IO/src/io_source.o
                0x00015100                I2C_Temp::getFarenheit()
 .text._ZN7Storage4copyEPKcS1_PjS2_S2_
                0x00015124       0xd2 ./L4_IO/src/storage.o
                0x00015124                Storage::copy(char const*, char const*, unsigned int*, unsigned int*, unsigned int*)
 .text._ZN7Storage4readEPKcPvjj
                0x000151f6       0x42 ./L4_IO/src/storage.o
                0x000151f6                Storage::read(char const*, void*, unsigned int, unsigned int)
 .text._ZN7Storage5writeEPKcPvjj
                0x00015238       0x42 ./L4_IO/src/storage.o
                0x00015238                Storage::write(char const*, void*, unsigned int, unsigned int)
 .text._ZN7Storage6appendEPKcPvjj
                0x0001527a       0x46 ./L4_IO/src/storage.o
                0x0001527a                Storage::append(char const*, void*, unsigned int, unsigned int)
 .text.ff_convert
                0x000152c0       0x38 ./L4_IO/fat/option/ccsbcs.o
                0x000152c0                ff_convert
 .text.ff_wtoupper
                0x000152f8       0x24 ./L4_IO/fat/option/ccsbcs.o
                0x000152f8                ff_wtoupper
 .text.ff_cre_syncobj
                0x0001531c       0x14 ./L4_IO/fat/option/reentrant.o
                0x0001531c                ff_cre_syncobj
 .text.ff_del_syncobj
                0x00015330        0x4 ./L4_IO/fat/option/reentrant.o
                0x00015330                ff_del_syncobj
 .text.ff_req_grant
                0x00015334       0x26 ./L4_IO/fat/option/reentrant.o
                0x00015334                ff_req_grant
 .text.ff_rel_grant
                0x0001535a       0x1e ./L4_IO/fat/option/reentrant.o
                0x0001535a                ff_rel_grant
 .text.disk_initialize
                0x00015378       0x26 ./L4_IO/fat/disk/diskio.o
                0x00015378                disk_initialize
 .text.disk_status
                0x0001539e        0xe ./L4_IO/fat/disk/diskio.o
                0x0001539e                disk_status
 .text.disk_read
                0x000153ac       0x38 ./L4_IO/fat/disk/diskio.o
                0x000153ac                disk_read
 .text.disk_write
                0x000153e4       0x38 ./L4_IO/fat/disk/diskio.o
                0x000153e4                disk_write
 .text.disk_ioctl
                0x0001541c       0x32 ./L4_IO/fat/disk/diskio.o
                0x0001541c                disk_ioctl
 *fill*         0x0001544e        0x2 00
 .text.ssp_set_max_clock.constprop.2
                0x00015450       0x30 ./L4_IO/fat/disk/sd.o
 .text.ssp1_exchange_byte
                0x00015480       0x18 ./L4_IO/fat/disk/sd.o
 .text.wait_ready
                0x00015498       0x34 ./L4_IO/fat/disk/sd.o
                0x00015498                wait_ready
 .text.power_off
                0x000154cc       0x24 ./L4_IO/fat/disk/sd.o
                0x000154cc                power_off
 .text.rcvr_datablock
                0x000154f0       0x8c ./L4_IO/fat/disk/sd.o
                0x000154f0                rcvr_datablock
 .text.xmit_datablock
                0x0001557c       0x54 ./L4_IO/fat/disk/sd.o
                0x0001557c                xmit_datablock
 .text.send_cmd
                0x000155d0       0x94 ./L4_IO/fat/disk/sd.o
                0x000155d0                send_cmd
 .text.sd_update_card_status
                0x00015664       0x20 ./L4_IO/fat/disk/sd.o
                0x00015664                sd_update_card_status
 .text.sd_ioctl
                0x00015684      0x24c ./L4_IO/fat/disk/sd.o
                0x00015684                sd_ioctl
 .text.sd_write
                0x000158d0       0xc0 ./L4_IO/fat/disk/sd.o
                0x000158d0                sd_write
 .text.sd_read  0x00015990       0xa0 ./L4_IO/fat/disk/sd.o
                0x00015990                sd_read
 .text.sd_status
                0x00015a30       0x10 ./L4_IO/fat/disk/sd.o
                0x00015a30                sd_status
 .text.sd_initialize
                0x00015a40      0x16c ./L4_IO/fat/disk/sd.o
                0x00015a40                sd_initialize
 .text._ZL37flash_perform_page_io_of_fatfs_sectorPFvPhmmES_m
                0x00015bac       0x70 ./L4_IO/fat/disk/spi_flash.o
 .text.ssp1_exchange_data
                0x00015c1c       0xc8 ./L4_IO/fat/disk/spi_flash.o
 .text._ZL18flash_send_op_addr14flash_opcode_tm
                0x00015ce4       0x20 ./L4_IO/fat/disk/spi_flash.o
 .text._ZL15flash_read_pagePhmm
                0x00015d04       0x3c ./L4_IO/fat/disk/spi_flash.o
 .text._ZL20flash_wait_for_readyv
                0x00015d40       0x40 ./L4_IO/fat/disk/spi_flash.o
 .text.flash_initialize
                0x00015d80       0x88 ./L4_IO/fat/disk/spi_flash.o
                0x00015d80                flash_initialize
 .text.flash_read_sectors
                0x00015e08       0x38 ./L4_IO/fat/disk/spi_flash.o
                0x00015e08                flash_read_sectors
 .text.flash_write_sectors
                0x00015e40       0x34 ./L4_IO/fat/disk/spi_flash.o
                0x00015e40                flash_write_sectors
 .text.flash_ioctl
                0x00015e74       0x4c ./L4_IO/fat/disk/spi_flash.o
                0x00015e74                flash_ioctl
 .text.flash_write_permanent_id
                0x00015ec0       0x3c ./L4_IO/fat/disk/spi_flash.o
                0x00015ec0                flash_write_permanent_id
 .text.flash_read_permanent_id
                0x00015efc       0x24 ./L4_IO/fat/disk/spi_flash.o
                0x00015efc                flash_read_permanent_id
 .text.flash_get_page_count
                0x00015f20       0x30 ./L4_IO/fat/disk/spi_flash.o
                0x00015f20                flash_get_page_count
 .text.flash_supports_metadata
                0x00015f50       0x10 ./L4_IO/fat/disk/spi_flash.o
                0x00015f50                flash_supports_metadata
 .text._ZL16flash_write_pagePhmm
                0x00015f60       0x80 ./L4_IO/fat/disk/spi_flash.o
 .text.flash_get_page_write_count
                0x00015fe0       0x50 ./L4_IO/fat/disk/spi_flash.o
                0x00015fe0                flash_get_page_write_count
 .text.get_fattime
                0x00016030       0x50 ./L4_IO/fat/fatfs_time.o
                0x00016030                get_fattime
 .text.mem_cpy  0x00016080       0x2e ./L4_IO/fat/ff.o
 .text.mem_set  0x000160ae        0xe ./L4_IO/fat/ff.o
 .text.chk_lock
                0x000160bc       0x64 ./L4_IO/fat/ff.o
 .text.inc_lock
                0x00016120       0x88 ./L4_IO/fat/ff.o
 .text.dec_lock
                0x000161a8       0x3c ./L4_IO/fat/ff.o
 .text.sum_sfn  0x000161e4       0x1e ./L4_IO/fat/ff.o
 .text.get_ldnumber
                0x00016202       0x2c ./L4_IO/fat/ff.o
 .text.get_fileinfo
                0x0001622e       0xac ./L4_IO/fat/ff.o
 .text.sync_window
                0x000162da       0x4a ./L4_IO/fat/ff.o
 .text.sync_fs  0x00016324       0x74 ./L4_IO/fat/ff.o
 .text.validate
                0x00016398       0x3a ./L4_IO/fat/ff.o
 .text.move_window
                0x000163d2       0x2e ./L4_IO/fat/ff.o
 .text.check_fs
                0x00016400       0x4c ./L4_IO/fat/ff.o
 .text.unlock_fs
                0x0001644c       0x1a ./L4_IO/fat/ff.o
 *fill*         0x00016466        0x2 00
 .text.find_volume
                0x00016468      0x244 ./L4_IO/fat/ff.o
 .text.clust2sect
                0x000166ac       0x18 ./L4_IO/fat/ff.o
                0x000166ac                clust2sect
 .text.get_fat  0x000166c4       0xa0 ./L4_IO/fat/ff.o
                0x000166c4                get_fat
 .text.dir_sdi  0x00016764       0x84 ./L4_IO/fat/ff.o
 .text.put_fat  0x000167e8       0xce ./L4_IO/fat/ff.o
                0x000167e8                put_fat
 .text.create_chain
                0x000168b6       0x9e ./L4_IO/fat/ff.o
 .text.dir_next
                0x00016954       0xf0 ./L4_IO/fat/ff.o
 .text.dir_find.part.8
                0x00016a44      0x120 ./L4_IO/fat/ff.o
 .text.follow_path
                0x00016b64      0x280 ./L4_IO/fat/ff.o
 .text.dir_remove
                0x00016de4       0x4e ./L4_IO/fat/ff.o
 *fill*         0x00016e32        0x2 00
 .text.dir_read.constprop.10
                0x00016e34       0xec ./L4_IO/fat/ff.o
 .text.remove_chain
                0x00016f20       0x58 ./L4_IO/fat/ff.o
 .text.gen_numname
                0x00016f78       0x78 ./L4_IO/fat/ff.o
                0x00016f78                gen_numname
 .text.dir_register
                0x00016ff0      0x1b0 ./L4_IO/fat/ff.o
 .text.f_mount  0x000171a0       0xa0 ./L4_IO/fat/ff.o
                0x000171a0                f_mount
 .text.f_open   0x00017240      0x198 ./L4_IO/fat/ff.o
                0x00017240                f_open
 .text.f_read   0x000173d8      0x14c ./L4_IO/fat/ff.o
                0x000173d8                f_read
 .text.f_write  0x00017524      0x1a4 ./L4_IO/fat/ff.o
                0x00017524                f_write
 .text.f_sync   0x000176c8       0x64 ./L4_IO/fat/ff.o
                0x000176c8                f_sync
 .text.f_close  0x0001772c       0x30 ./L4_IO/fat/ff.o
                0x0001772c                f_close
 .text.f_lseek  0x0001775c      0x116 ./L4_IO/fat/ff.o
                0x0001775c                f_lseek
 .text.f_opendir
                0x00017872       0xa4 ./L4_IO/fat/ff.o
                0x00017872                f_opendir
 .text.f_readdir
                0x00017916       0x5e ./L4_IO/fat/ff.o
                0x00017916                f_readdir
 .text.f_getfree
                0x00017974       0xc8 ./L4_IO/fat/ff.o
                0x00017974                f_getfree
 .text.f_unlink
                0x00017a3c       0xd2 ./L4_IO/fat/ff.o
                0x00017a3c                f_unlink
 .text.f_mkdir  0x00017b0e      0x14e ./L4_IO/fat/ff.o
                0x00017b0e                f_mkdir
 .text.f_rename
                0x00017c5c      0x124 ./L4_IO/fat/ff.o
                0x00017c5c                f_rename
 .text.f_mkfs   0x00017d80      0x48c ./L4_IO/fat/ff.o
                0x00017d80                f_mkfs
 .text.c_list_for_each_elm
                0x0001820c       0x32 ./L3_Utils/src/c_list.o
                0x0001820c                c_list_for_each_elm
 *fill*         0x0001823e        0x2 00
 .text._ZN16CommandProcessor10addHandlerEPFbR3strR7CharDevPvEPKcS8_S4_
                0x00018240       0x78 ./L3_Utils/src/command_handler.o
                0x00018240                CommandProcessor::addHandler(bool (*)(str&, CharDev&, void*), char const*, char const*, void*)
 .text._ZN16CommandProcessor15prepareCmdParamER3strPKc
                0x000182b8       0x3c ./L3_Utils/src/command_handler.o
                0x000182b8                CommandProcessor::prepareCmdParam(str&, char const*)
 .text._ZN6VECTORIN16CommandProcessor16CmdProcessorTypeEEixEj
                0x000182f4       0x12 ./L3_Utils/src/command_handler.o
                0x000182f4                VECTOR<CommandProcessor::CmdProcessorType>::operator[](unsigned int)
 *fill*         0x00018306        0x2 00
 .text._ZN16CommandProcessor24getRegisteredCommandListER7CharDev
                0x00018308       0x68 ./L3_Utils/src/command_handler.o
                0x00018308                CommandProcessor::getRegisteredCommandList(CharDev&)
 .text._ZN16CommandProcessor11getHelpTextER3strR7CharDev
                0x00018370       0x70 ./L3_Utils/src/command_handler.o
                0x00018370                CommandProcessor::getHelpText(str&, CharDev&)
 .text._ZN16CommandProcessor13handleCommandER3strR7CharDev
                0x000183e0      0x144 ./L3_Utils/src/command_handler.o
                0x000183e0                CommandProcessor::handleCommand(str&, CharDev&)
 .text._ZN10LoggerBaseD2Ev
                0x00018524        0xc ./L3_Utils/src/file_logger.o
                0x00018524                LoggerBase::~LoggerBase()
                0x00018524                LoggerBase::~LoggerBase()
 .text._ZN10LoggerBase7semTakeEv
                0x00018530        0x2 ./L3_Utils/src/file_logger.o
                0x00018530                LoggerBase::semTake()
 .text._ZN10LoggerBase7semGiveEv
                0x00018532        0x2 ./L3_Utils/src/file_logger.o
                0x00018532                LoggerBase::semGive()
 .text._ZN10LoggerBase12getTimestampEv
                0x00018534        0x4 ./L3_Utils/src/file_logger.o
                0x00018534                LoggerBase::getTimestamp()
 .text._ZN10FileLoggerD2Ev
                0x00018538        0xc ./L3_Utils/src/file_logger.o
                0x00018538                FileLogger::~FileLogger()
                0x00018538                FileLogger::~FileLogger()
 .text._ZN10FileLoggerD0Ev
                0x00018544       0x14 ./L3_Utils/src/file_logger.o
                0x00018544                FileLogger::~FileLogger()
 .text._ZN10LoggerBaseD0Ev
                0x00018558       0x14 ./L3_Utils/src/file_logger.o
                0x00018558                LoggerBase::~LoggerBase()
 .text._ZN10FileLogger12getTimestampEv
                0x0001856c        0x8 ./L3_Utils/src/file_logger.o
                0x0001856c                FileLogger::getTimestamp()
 .text._ZN10FileLogger7semGiveEv
                0x00018574       0x1c ./L3_Utils/src/file_logger.o
                0x00018574                FileLogger::semGive()
 .text._ZN10FileLogger7semTakeEv
                0x00018590       0x1e ./L3_Utils/src/file_logger.o
                0x00018590                FileLogger::semTake()
 *fill*         0x000185ae        0x2 00
 .text._ZN10FileLogger21handleCompletedBufferEPcj
                0x000185b0       0x74 ./L3_Utils/src/file_logger.o
                0x000185b0                FileLogger::handleCompletedBuffer(char*, unsigned int)
 .text._ZN10FileLogger5flushEv
                0x00018624       0x1a ./L3_Utils/src/file_logger.o
                0x00018624                FileLogger::flush()
 *fill*         0x0001863e        0x2 00
 .text._ZN10FileLoggerC2Ev
                0x00018640       0x34 ./L3_Utils/src/file_logger.o
                0x00018640                FileLogger::FileLogger()
                0x00018640                FileLogger::FileLogger()
 .text._ZN10LoggerBase5flushEv
                0x00018674       0x16 ./L3_Utils/src/logger.o
                0x00018674                LoggerBase::flush()
 .text._ZN10LoggerBase3logEPKc
                0x0001868a       0x4e ./L3_Utils/src/logger.o
                0x0001868a                LoggerBase::log(char const*)
 .text._ZN10LoggerBase13logCsvMessageEPKcS1_S1_S1_i
                0x000186d8      0x11c ./L3_Utils/src/logger.o
                0x000186d8                LoggerBase::logCsvMessage(char const*, char const*, char const*, char const*, int)
 .text._ZN10LoggerBase7logInfoEPKcS1_S1_i
                0x000187f4       0x1c ./L3_Utils/src/logger.o
                0x000187f4                LoggerBase::logInfo(char const*, char const*, char const*, int)
 .text.for_each_recur_alarm_callback
                0x00018810       0x24 ./L3_Utils/src/rtc_alarm.o
 .text.for_each_alarm_callback
                0x00018834       0x5e ./L3_Utils/src/rtc_alarm.o
 *fill*         0x00018892        0x2 00
 .text.RTC_IRQHandler
                0x00018894       0xa4 ./L3_Utils/src/rtc_alarm.o
                0x00018894                RTC_IRQHandler
 .text._ZL9printlinePKcS0_
                0x00018938       0xb4 ./L3_Utils/src/scheduler_task.o
 .text._ZL9dbg_printPKcS0_
                0x000189ec       0x78 ./L3_Utils/src/scheduler_task.o
 .text._Z24scheduler_c_task_privatePv
                0x00018a64      0x110 ./L3_Utils/src/scheduler_task.o
                0x00018a64                scheduler_c_task_private(void*)
 .text._Z18scheduler_init_allb
                0x00018b74       0xe8 ./L3_Utils/src/scheduler_task.o
                0x00018b74                scheduler_init_all(bool)
 .text._Z18scheduler_add_taskP14scheduler_task
                0x00018c5c       0x20 ./L3_Utils/src/scheduler_task.o
                0x00018c5c                scheduler_add_task(scheduler_task*)
 .text._Z15scheduler_startbb
                0x00018c7c       0x5c ./L3_Utils/src/scheduler_task.o
                0x00018c7c                scheduler_start(bool, bool)
 .text._ZN14scheduler_taskC2EPKcmhPv
                0x00018cd8       0x34 ./L3_Utils/src/scheduler_task.o
                0x00018cd8                scheduler_task::scheduler_task(char const*, unsigned long, unsigned char, void*)
                0x00018cd8                scheduler_task::scheduler_task(char const*, unsigned long, unsigned char, void*)
 .text._ZN14scheduler_task15getSharedObjectEh
                0x00018d0c       0x18 ./L3_Utils/src/scheduler_task.o
                0x00018d0c                scheduler_task::getSharedObject(unsigned char)
 .text._ZN3str7toFloatEPKc
                0x00018d24        0xc ./L3_Utils/src/str.o
                0x00018d24                str::toFloat(char const*)
 .text._ZN3strC2EPci
                0x00018d30       0x28 ./L3_Utils/src/str.o
                0x00018d30                str::str(char*, int)
                0x00018d30                str::str(char*, int)
 .text._ZN3strD2Ev
                0x00018d58       0x24 ./L3_Utils/src/str.o
                0x00018d58                str::~str()
                0x00018d58                str::~str()
 .text._ZNK3str6getLenEv
                0x00018d7c        0x6 ./L3_Utils/src/str.o
                0x00018d7c                str::getLen() const
 .text._ZNK3str11getCapacityEv
                0x00018d82        0x4 ./L3_Utils/src/str.o
                0x00018d82                str::getCapacity() const
 .text._ZN3str5clearEv
                0x00018d86        0x8 ./L3_Utils/src/str.o
                0x00018d86                str::clear()
 .text._ZN3str5scanfEPKcz
                0x00018d8e       0x1a ./L3_Utils/src/str.o
                0x00018d8e                str::scanf(char const*, ...)
 .text._ZN3str8tokenizeEPKciz
                0x00018da8       0x48 ./L3_Utils/src/str.o
                0x00018da8                str::tokenize(char const*, int, ...)
 .text._ZNK3str9compareToEPKc
                0x00018df0       0x16 ./L3_Utils/src/str.o
                0x00018df0                str::compareTo(char const*) const
 .text._ZNK3str19compareToIgnoreCaseEPKc
                0x00018e06       0x12 ./L3_Utils/src/str.o
                0x00018e06                str::compareToIgnoreCase(char const*) const
 .text._ZNK3str22firstIndexOfIgnoreCaseEPKc
                0x00018e18       0x8c ./L3_Utils/src/str.o
                0x00018e18                str::firstIndexOfIgnoreCase(char const*) const
 .text._ZNK3str18containsIgnoreCaseEPKc
                0x00018ea4        0xe ./L3_Utils/src/str.o
                0x00018ea4                str::containsIgnoreCase(char const*) const
 .text._ZNK3str12firstIndexOfEPKc
                0x00018eb2       0x16 ./L3_Utils/src/str.o
                0x00018eb2                str::firstIndexOf(char const*) const
 .text._ZNK3str10beginsWithEPKc
                0x00018ec8       0x30 ./L3_Utils/src/str.o
                0x00018ec8                str::beginsWith(char const*) const
 .text._ZNK3str20beginsWithIgnoreCaseEPKc
                0x00018ef8       0x30 ./L3_Utils/src/str.o
                0x00018ef8                str::beginsWithIgnoreCase(char const*) const
 .text._ZNK3str29beginsWithWholeWordIgnoreCaseEPKcc
                0x00018f28       0x3a ./L3_Utils/src/str.o
                0x00018f28                str::beginsWithWholeWordIgnoreCase(char const*, char) const
 .text._ZN3str10eraseFirstEi
                0x00018f62       0x28 ./L3_Utils/src/str.o
                0x00018f62                str::eraseFirst(int)
 .text._ZN3str9eraseLastEi
                0x00018f8a       0x20 ./L3_Utils/src/str.o
                0x00018f8a                str::eraseLast(int)
 .text._ZN3str10eraseAfterEii
                0x00018faa       0x38 ./L3_Utils/src/str.o
                0x00018faa                str::eraseAfter(int, int)
 .text._ZN3str5eraseEPKc
                0x00018fe2       0x28 ./L3_Utils/src/str.o
                0x00018fe2                str::erase(char const*)
 .text._ZN3str15eraseFirstWordsEic
                0x0001900a       0x2a ./L3_Utils/src/str.o
                0x0001900a                str::eraseFirstWords(int, char)
 .text._ZN3str9trimStartEPKc
                0x00019034       0x40 ./L3_Utils/src/str.o
                0x00019034                str::trimStart(char const*)
 .text._ZN3str7trimEndEPKc
                0x00019074       0x3c ./L3_Utils/src/str.o
                0x00019074                str::trimEnd(char const*)
 .text._ZNK3streqEPKc
                0x000190b0        0x4 ./L3_Utils/src/str.o
                0x000190b0                str::operator==(char const*) const
 .text._ZNK3strclEv
                0x000190b4        0x4 ./L3_Utils/src/str.o
                0x000190b4                str::operator()() const
 .text._ZNK3strcviEv
                0x000190b8        0x6 ./L3_Utils/src/str.o
                0x000190b8                str::operator int() const
 .text._ZNK3strcvfEv
                0x000190be        0x6 ./L3_Utils/src/str.o
                0x000190be                str::operator float() const
 .text._ZN3strixEi
                0x000190c4       0x14 ./L3_Utils/src/str.o
                0x000190c4                str::operator[](int)
 .text._ZN3str13reAllocateMemEi
                0x000190d8       0x4c ./L3_Utils/src/str.o
                0x000190d8                str::reAllocateMem(int)
 .text._ZN3str26ensureMemoryToInsertNCharsEi
                0x00019124       0x22 ./L3_Utils/src/str.o
                0x00019124                str::ensureMemoryToInsertNChars(int)
 .text._ZN3str11insertAtEndEPKc
                0x00019146       0x22 ./L3_Utils/src/str.o
                0x00019146                str::insertAtEnd(char const*)
 .text._ZN3strpLEc
                0x00019168       0x16 ./L3_Utils/src/str.o
                0x00019168                str::operator+=(char)
 .text._ZN3str4initEi
                0x0001917e       0x10 ./L3_Utils/src/str.o
                0x0001917e                str::init(int)
 .text._ZN3strC2Ei
                0x0001918e        0xc ./L3_Utils/src/str.o
                0x0001918e                str::str(int)
                0x0001918e                str::str(int)
 .text._ZN3strC2Ev
                0x0001919a        0xe ./L3_Utils/src/str.o
                0x0001919a                str::str()
                0x0001919a                str::str()
 .text._ZN3str7reserveEi
                0x000191a8        0xe ./L3_Utils/src/str.o
                0x000191a8                str::reserve(int)
 .text._ZN3str9subStringEii
                0x000191b6       0x66 ./L3_Utils/src/str.o
                0x000191b6                str::subString(int, int)
 .text._ZN3str9subStringEi
                0x0001921c       0x18 ./L3_Utils/src/str.o
                0x0001921c                str::subString(int)
 .text._ZN3str6printfEPKcz
                0x00019234       0x40 ./L3_Utils/src/str.o
                0x00019234                str::printf(char const*, ...)
 .text._ZN3str8copyFromEPKc
                0x00019274       0x3c ./L3_Utils/src/str.o
                0x00019274                str::copyFrom(char const*)
 .text._ZN3straSEPKc
                0x000192b0        0x4 ./L3_Utils/src/str.o
                0x000192b0                str::operator=(char const*)
 .text._ZN3straSERKS_
                0x000192b4       0x12 ./L3_Utils/src/str.o
                0x000192b4                str::operator=(str const&)
 .text._ZN3strC2ERKS_
                0x000192c6       0x20 ./L3_Utils/src/str.o
                0x000192c6                str::str(str const&)
                0x000192c6                str::str(str const&)
 .text.delay_us
                0x000192e6       0x2a ./L3_Utils/src/utilities.o
                0x000192e6                delay_us
 .text.is_freertos_running
                0x00019310        0xe ./L3_Utils/src/utilities.o
                0x00019310                is_freertos_running
 .text.delay_ms
                0x0001931e       0x22 ./L3_Utils/src/utilities.o
                0x0001931e                delay_ms
 .text.CAN_tx_now
                0x00019340       0x42 ./L2_Drivers/src/can.o
 *fill*         0x00019382        0x2 00
 .text.CAN_handle_isr
                0x00019384       0xac ./L2_Drivers/src/can.o
 .text.CAN_IRQHandler
                0x00019430       0x3c ./L2_Drivers/src/can.o
                0x00019430                CAN_IRQHandler
 .text.eint3_enable.part.0
                0x0001946c       0x70 ./L2_Drivers/src/eint.o
 .text.EINT3_IRQHandler
                0x000194dc       0x70 ./L2_Drivers/src/eint.o
                0x000194dc                EINT3_IRQHandler
 .text.eint3_enable_port0
                0x0001954c        0xc ./L2_Drivers/src/eint.o
                0x0001954c                eint3_enable_port0
 .text._ZN4I2C24initEj
                0x00019558       0x6c ./L2_Drivers/src/i2c2.o
                0x00019558                I2C2::init(unsigned int)
 .text._ZN4I2C2C2Ev
                0x000195c4       0x14 ./L2_Drivers/src/i2c2.o
                0x000195c4                I2C2::I2C2()
                0x000195c4                I2C2::I2C2()
 .text.I2C2_IRQHandler
                0x000195d8       0x24 ./L2_Drivers/src/i2c2.o
                0x000195d8                I2C2_IRQHandler
 .text._ZN12NordicStreamD2Ev
                0x000195fc       0x14 ./L2_Drivers/src/nrf_stream.o
                0x000195fc                NordicStream::~NordicStream()
                0x000195fc                NordicStream::~NordicStream()
 .text._ZN12NordicStreamD0Ev
                0x00019610       0x12 ./L2_Drivers/src/nrf_stream.o
                0x00019610                NordicStream::~NordicStream()
 .text._ZN12NordicStream5flushEv
                0x00019622       0x64 ./L2_Drivers/src/nrf_stream.o
                0x00019622                NordicStream::flush()
 .text._ZN12NordicStream7putCharEcj
                0x00019686       0x22 ./L2_Drivers/src/nrf_stream.o
                0x00019686                NordicStream::putChar(char, unsigned int)
 .text._ZN12NordicStream7getCharEPcj
                0x000196a8       0x38 ./L2_Drivers/src/nrf_stream.o
                0x000196a8                NordicStream::getChar(char*, unsigned int)
 .text._ZN12NordicStreamC2Ev
                0x000196e0       0x40 ./L2_Drivers/src/nrf_stream.o
                0x000196e0                NordicStream::NordicStream()
                0x000196e0                NordicStream::NordicStream()
 .text.rtc_gettime
                0x00019720       0x44 ./L2_Drivers/src/rtc.o
                0x00019720                rtc_gettime
 .text.rtc_settime
                0x00019764       0x60 ./L2_Drivers/src/rtc.o
                0x00019764                rtc_settime
 .text.rtc_init
                0x000197c4       0xd4 ./L2_Drivers/src/rtc.o
                0x000197c4                rtc_init
 .text.rtc_get_date_time_str
                0x00019898       0x10 ./L2_Drivers/src/rtc.o
                0x00019898                rtc_get_date_time_str
 .text.ssp1_dma_init
                0x000198a8       0x1c ./L2_Drivers/src/spi_dma.o
                0x000198a8                ssp1_dma_init
 .text.ssp1_dma_transfer_block
                0x000198c4       0xc4 ./L2_Drivers/src/spi_dma.o
                0x000198c4                ssp1_dma_transfer_block
 .text.spi1_lock
                0x00019988       0x28 ./L2_Drivers/src/spi_sem.o
                0x00019988                spi1_lock
 .text.spi1_unlock
                0x000199b0       0x14 ./L2_Drivers/src/spi_sem.o
                0x000199b0                spi1_unlock
 .text._ZN5Uart0D2Ev
                0x000199c4       0x14 ./L2_Drivers/src/uart0.o
                0x000199c4                Uart0::~Uart0()
                0x000199c4                Uart0::~Uart0()
 .text._ZN5Uart0D0Ev
                0x000199d8       0x12 ./L2_Drivers/src/uart0.o
                0x000199d8                Uart0::~Uart0()
 *fill*         0x000199ea        0x2 00
 .text._ZN5Uart04initEjii
                0x000199ec       0x44 ./L2_Drivers/src/uart0.o
                0x000199ec                Uart0::init(unsigned int, int, int)
 .text._ZN5Uart0C2Ev
                0x00019a30       0x1c ./L2_Drivers/src/uart0.o
                0x00019a30                Uart0::Uart0()
                0x00019a30                Uart0::Uart0()
 .text.UART0_IRQHandler
                0x00019a4c       0x24 ./L2_Drivers/src/uart0.o
                0x00019a4c                UART0_IRQHandler
 .text._ZN5Uart2D2Ev
                0x00019a70       0x14 ./L2_Drivers/src/uart2.o
                0x00019a70                Uart2::~Uart2()
                0x00019a70                Uart2::~Uart2()
 .text._ZN5Uart2D0Ev
                0x00019a84       0x12 ./L2_Drivers/src/uart2.o
                0x00019a84                Uart2::~Uart2()
 *fill*         0x00019a96        0x2 00
 .text._ZN5Uart2C2Ev
                0x00019a98       0x1c ./L2_Drivers/src/uart2.o
                0x00019a98                Uart2::Uart2()
                0x00019a98                Uart2::Uart2()
 .text.UART2_IRQHandler
                0x00019ab4       0x24 ./L2_Drivers/src/uart2.o
                0x00019ab4                UART2_IRQHandler
 .text._ZN5Uart3D2Ev
                0x00019ad8       0x14 ./L2_Drivers/src/uart3.o
                0x00019ad8                Uart3::~Uart3()
                0x00019ad8                Uart3::~Uart3()
 .text._ZN5Uart3D0Ev
                0x00019aec       0x12 ./L2_Drivers/src/uart3.o
                0x00019aec                Uart3::~Uart3()
 *fill*         0x00019afe        0x2 00
 .text._ZN5Uart3C2Ev
                0x00019b00       0x1c ./L2_Drivers/src/uart3.o
                0x00019b00                Uart3::Uart3()
                0x00019b00                Uart3::Uart3()
 .text.UART3_IRQHandler
                0x00019b1c       0x24 ./L2_Drivers/src/uart3.o
                0x00019b1c                UART3_IRQHandler
 .text._ZN7CharDev5flushEv
                0x00019b40        0x4 ./L2_Drivers/base/char_dev.o
                0x00019b40                CharDev::flush()
 .text._ZN7CharDevD2Ev
                0x00019b44        0xc ./L2_Drivers/base/char_dev.o
                0x00019b44                CharDev::~CharDev()
                0x00019b44                CharDev::~CharDev()
 .text._ZN7CharDevD0Ev
                0x00019b50       0x14 ./L2_Drivers/base/char_dev.o
                0x00019b50                CharDev::~CharDev()
 .text._ZN7CharDev3putEPKcj
                0x00019b64       0x28 ./L2_Drivers/base/char_dev.o
                0x00019b64                CharDev::put(char const*, unsigned int)
 .text._ZN7CharDev7putlineEPKcj
                0x00019b8c       0x1c ./L2_Drivers/base/char_dev.o
                0x00019b8c                CharDev::putline(char const*, unsigned int)
 .text._ZN7CharDev4getsEPcij
                0x00019ba8       0x50 ./L2_Drivers/base/char_dev.o
                0x00019ba8                CharDev::gets(char*, int, unsigned int)
 .text._ZN7CharDev6printfEPKcz
                0x00019bf8       0x94 ./L2_Drivers/base/char_dev.o
                0x00019bf8                CharDev::printf(char const*, ...)
 .text._ZN7CharDevC2Ev
                0x00019c8c       0x28 ./L2_Drivers/base/char_dev.o
                0x00019c8c                CharDev::CharDev()
                0x00019c8c                CharDev::CharDev()
 .text._ZN8I2C_Base8transferEccPcj
                0x00019cb4       0xd4 ./L2_Drivers/base/i2c_base.o
                0x00019cb4                I2C_Base::transfer(char, char, char*, unsigned int)
 .text._ZN8I2C_Base14writeRegistersEccPcj
                0x00019d88        0x8 ./L2_Drivers/base/i2c_base.o
                0x00019d88                I2C_Base::writeRegisters(char, char, char*, unsigned int)
 .text._ZN8I2C_Base8writeRegEccc
                0x00019d90       0x16 ./L2_Drivers/base/i2c_base.o
                0x00019d90                I2C_Base::writeReg(char, char, char)
 .text._ZN8I2C_Base13readRegistersEccPcj
                0x00019da6        0x8 ./L2_Drivers/base/i2c_base.o
                0x00019da6                I2C_Base::readRegisters(char, char, char*, unsigned int)
 .text._ZN8I2C_Base7readRegEcc
                0x00019dae       0x1a ./L2_Drivers/base/i2c_base.o
                0x00019dae                I2C_Base::readReg(char, char)
 .text._ZN8I2C_Base19checkDeviceResponseEc
                0x00019dc8       0x14 ./L2_Drivers/base/i2c_base.o
                0x00019dc8                I2C_Base::checkDeviceResponse(char)
 .text._ZN8I2C_BaseC2EP15LPC_I2C_TypeDef
                0x00019ddc       0x5c ./L2_Drivers/base/i2c_base.o
                0x00019ddc                I2C_Base::I2C_Base(LPC_I2C_TypeDef*)
                0x00019ddc                I2C_Base::I2C_Base(LPC_I2C_TypeDef*)
 .text._ZN8I2C_Base4initEjj
                0x00019e38       0x90 ./L2_Drivers/base/i2c_base.o
                0x00019e38                I2C_Base::init(unsigned int, unsigned int)
 .text._ZN8I2C_Base15i2cStateMachineEv
                0x00019ec8      0x126 ./L2_Drivers/base/i2c_base.o
                0x00019ec8                I2C_Base::i2cStateMachine()
 *fill*         0x00019fee        0x2 00
 .text._ZN8I2C_Base15handleInterruptEv
                0x00019ff0       0x2c ./L2_Drivers/base/i2c_base.o
                0x00019ff0                I2C_Base::handleInterrupt()
 .text._ZN7UartDev7putCharEcj
                0x0001a01c       0x66 ./L2_Drivers/base/uart_dev.o
                0x0001a01c                UartDev::putChar(char, unsigned int)
 *fill*         0x0001a082        0x2 00
 .text._ZN7UartDevD2Ev
                0x0001a084       0x14 ./L2_Drivers/base/uart_dev.o
                0x0001a084                UartDev::~UartDev()
                0x0001a084                UartDev::~UartDev()
 .text._ZN7UartDevD0Ev
                0x0001a098       0x12 ./L2_Drivers/base/uart_dev.o
                0x0001a098                UartDev::~UartDev()
 .text._ZN7UartDev7getCharEPcj
                0x0001a0aa       0x5a ./L2_Drivers/base/uart_dev.o
                0x0001a0aa                UartDev::getChar(char*, unsigned int)
 .text._ZN7UartDev5flushEv
                0x0001a104       0x20 ./L2_Drivers/base/uart_dev.o
                0x0001a104                UartDev::flush()
 .text._ZN7UartDev11setBaudRateEj
                0x0001a124       0x3c ./L2_Drivers/base/uart_dev.o
                0x0001a124                UartDev::setBaudRate(unsigned int)
 .text._ZN7UartDev15handleInterruptEv
                0x0001a160       0xb4 ./L2_Drivers/base/uart_dev.o
                0x0001a160                UartDev::handleInterrupt()
 .text._ZN7UartDevC2EPj
                0x0001a214       0x28 ./L2_Drivers/base/uart_dev.o
                0x0001a214                UartDev::UartDev(unsigned int*)
                0x0001a214                UartDev::UartDev(unsigned int*)
 .text._ZN7UartDev4initEjjii
                0x0001a23c       0xb0 ./L2_Drivers/base/uart_dev.o
                0x0001a23c                UartDev::init(unsigned int, unsigned int, int, int)
 .text.vListInitialise
                0x0001a2ec       0x16 ./L1_FreeRTOS/src/list.o
                0x0001a2ec                vListInitialise
 .text.vListInitialiseItem
                0x0001a302        0x6 ./L1_FreeRTOS/src/list.o
                0x0001a302                vListInitialiseItem
 .text.vListInsertEnd
                0x0001a308       0x18 ./L1_FreeRTOS/src/list.o
                0x0001a308                vListInsertEnd
 .text.vListInsert
                0x0001a320       0x30 ./L1_FreeRTOS/src/list.o
                0x0001a320                vListInsert
 .text.uxListRemove
                0x0001a350       0x20 ./L1_FreeRTOS/src/list.o
                0x0001a350                uxListRemove
 .text.prvCopyDataFromQueue
                0x0001a370       0x26 ./L1_FreeRTOS/src/queue.o
 .text.prvCopyDataToQueue
                0x0001a396       0x66 ./L1_FreeRTOS/src/queue.o
 .text.prvNotifyQueueSetContainer
                0x0001a3fc       0x32 ./L1_FreeRTOS/src/queue.o
 .text.prvUnlockQueue
                0x0001a42e       0x78 ./L1_FreeRTOS/src/queue.o
 .text.xQueueGenericReset
                0x0001a4a6       0x5c ./L1_FreeRTOS/src/queue.o
                0x0001a4a6                xQueueGenericReset
 .text.xQueueGenericCreate
                0x0001a502       0x50 ./L1_FreeRTOS/src/queue.o
                0x0001a502                xQueueGenericCreate
 .text.xQueueCreateCountingSemaphore
                0x0001a552       0x12 ./L1_FreeRTOS/src/queue.o
                0x0001a552                xQueueCreateCountingSemaphore
 .text.xQueueGenericSend
                0x0001a564       0xe2 ./L1_FreeRTOS/src/queue.o
                0x0001a564                xQueueGenericSend
 .text.xQueueCreateMutex
                0x0001a646       0x4e ./L1_FreeRTOS/src/queue.o
                0x0001a646                xQueueCreateMutex
 .text.xQueueGenericSendFromISR
                0x0001a694       0x72 ./L1_FreeRTOS/src/queue.o
                0x0001a694                xQueueGenericSendFromISR
 .text.xQueueGenericReceive
                0x0001a706      0x102 ./L1_FreeRTOS/src/queue.o
                0x0001a706                xQueueGenericReceive
 .text.xQueueReceiveFromISR
                0x0001a808       0x52 ./L1_FreeRTOS/src/queue.o
                0x0001a808                xQueueReceiveFromISR
 .text.uxQueueMessagesWaiting
                0x0001a85a       0x12 ./L1_FreeRTOS/src/queue.o
                0x0001a85a                uxQueueMessagesWaiting
 .text.uxQueueMessagesWaitingFromISR
                0x0001a86c        0x4 ./L1_FreeRTOS/src/queue.o
                0x0001a86c                uxQueueMessagesWaitingFromISR
 .text.xQueueSelectFromSet
                0x0001a870       0x14 ./L1_FreeRTOS/src/queue.o
                0x0001a870                xQueueSelectFromSet
 .text.prvResetRunTimeStatsInList
                0x0001a884       0x2e ./L1_FreeRTOS/src/tasks.o
 *fill*         0x0001a8b2        0x2 00
 .text.prvIdleTask
                0x0001a8b4       0x18 ./L1_FreeRTOS/src/tasks.o
 .text.prvResetNextTaskUnblockTime
                0x0001a8cc       0x24 ./L1_FreeRTOS/src/tasks.o
 .text.prvAddCurrentTaskToDelayedList
                0x0001a8f0       0x50 ./L1_FreeRTOS/src/tasks.o
 .text.prvListTaskWithinSingleList
                0x0001a940       0x86 ./L1_FreeRTOS/src/tasks.o
 *fill*         0x0001a9c6        0x2 00
 .text.xTaskGenericCreate
                0x0001a9c8      0x18c ./L1_FreeRTOS/src/tasks.o
                0x0001a9c8                xTaskGenericCreate
 .text.vTaskStartScheduler
                0x0001ab54       0x54 ./L1_FreeRTOS/src/tasks.o
                0x0001ab54                vTaskStartScheduler
 .text.vTaskEndScheduler
                0x0001aba8       0x18 ./L1_FreeRTOS/src/tasks.o
                0x0001aba8                vTaskEndScheduler
 .text.vTaskSuspendAll
                0x0001abc0       0x10 ./L1_FreeRTOS/src/tasks.o
                0x0001abc0                vTaskSuspendAll
 .text.xTaskGetTickCount
                0x0001abd0       0x18 ./L1_FreeRTOS/src/tasks.o
                0x0001abd0                xTaskGetTickCount
 .text.xTaskGetTickCountFromISR
                0x0001abe8       0x18 ./L1_FreeRTOS/src/tasks.o
                0x0001abe8                xTaskGetTickCountFromISR
 .text.uxTaskGetNumberOfTasks
                0x0001ac00        0xc ./L1_FreeRTOS/src/tasks.o
                0x0001ac00                uxTaskGetNumberOfTasks
 .text.xTaskIncrementTick
                0x0001ac0c      0x104 ./L1_FreeRTOS/src/tasks.o
                0x0001ac0c                xTaskIncrementTick
 .text.xTaskResumeAll
                0x0001ad10       0xc0 ./L1_FreeRTOS/src/tasks.o
                0x0001ad10                xTaskResumeAll
 .text.uxTaskGetSystemState
                0x0001add0       0x88 ./L1_FreeRTOS/src/tasks.o
                0x0001add0                uxTaskGetSystemState
 .text.vTaskDelay
                0x0001ae58       0x54 ./L1_FreeRTOS/src/tasks.o
                0x0001ae58                vTaskDelay
 .text.vTaskDelayUntil
                0x0001aeac       0x78 ./L1_FreeRTOS/src/tasks.o
                0x0001aeac                vTaskDelayUntil
 .text.vTaskSwitchContext
                0x0001af24       0xc0 ./L1_FreeRTOS/src/tasks.o
                0x0001af24                vTaskSwitchContext
 .text.vTaskSuspend
                0x0001afe4       0xa0 ./L1_FreeRTOS/src/tasks.o
                0x0001afe4                vTaskSuspend
 .text.vTaskPlaceOnEventList
                0x0001b084       0x60 ./L1_FreeRTOS/src/tasks.o
                0x0001b084                vTaskPlaceOnEventList
 .text.xTaskRemoveFromEventList
                0x0001b0e4       0x70 ./L1_FreeRTOS/src/tasks.o
                0x0001b0e4                xTaskRemoveFromEventList
 .text.vTaskSetTimeOutState
                0x0001b154       0x18 ./L1_FreeRTOS/src/tasks.o
                0x0001b154                vTaskSetTimeOutState
 .text.xTaskCheckForTimeOut
                0x0001b16c       0x4c ./L1_FreeRTOS/src/tasks.o
                0x0001b16c                xTaskCheckForTimeOut
 .text.vTaskMissedYield
                0x0001b1b8        0xc ./L1_FreeRTOS/src/tasks.o
                0x0001b1b8                vTaskMissedYield
 .text.uxTaskGetStackHighWaterMark
                0x0001b1c4       0x20 ./L1_FreeRTOS/src/tasks.o
                0x0001b1c4                uxTaskGetStackHighWaterMark
 .text.xTaskGetCurrentTaskHandle
                0x0001b1e4        0xc ./L1_FreeRTOS/src/tasks.o
                0x0001b1e4                xTaskGetCurrentTaskHandle
 .text.xTaskGetSchedulerState
                0x0001b1f0       0x20 ./L1_FreeRTOS/src/tasks.o
                0x0001b1f0                xTaskGetSchedulerState
 .text.vTaskPriorityInherit
                0x0001b210       0x94 ./L1_FreeRTOS/src/tasks.o
                0x0001b210                vTaskPriorityInherit
 .text.vTaskPriorityDisinherit
                0x0001b2a4       0x70 ./L1_FreeRTOS/src/tasks.o
                0x0001b2a4                vTaskPriorityDisinherit
 .text.vTaskResetRunTimeStats
                0x0001b314       0x6c ./L1_FreeRTOS/src/tasks.o
                0x0001b314                vTaskResetRunTimeStats
 .text.prvPortStartFirstTask
                0x0001b380       0x14 ./L1_FreeRTOS/portable/port.o
 .text.pxPortInitialiseStack
                0x0001b394       0x16 ./L1_FreeRTOS/portable/port.o
                0x0001b394                pxPortInitialiseStack
 *fill*         0x0001b3aa        0x2 00
 .text.vPortSVCHandler
                0x0001b3ac       0x20 ./L1_FreeRTOS/portable/port.o
                0x0001b3ac                vPortSVCHandler
 .text.vPortEndScheduler
                0x0001b3cc        0x2 ./L1_FreeRTOS/portable/port.o
                0x0001b3cc                vPortEndScheduler
 *fill*         0x0001b3ce        0x2 00
 .text.vPortYield
                0x0001b3d0       0x18 ./L1_FreeRTOS/portable/port.o
                0x0001b3d0                vPortYield
 .text.ulPortSetInterruptMask
                0x0001b3e8       0x10 ./L1_FreeRTOS/portable/port.o
                0x0001b3e8                ulPortSetInterruptMask
 .text.vPortEnterCritical
                0x0001b3f8       0x1c ./L1_FreeRTOS/portable/port.o
                0x0001b3f8                vPortEnterCritical
 .text.vPortClearInterruptMask
                0x0001b414        0x6 ./L1_FreeRTOS/portable/port.o
                0x0001b414                vPortClearInterruptMask
 *fill*         0x0001b41a        0x2 00
 .text.vPortExitCritical
                0x0001b41c       0x14 ./L1_FreeRTOS/portable/port.o
                0x0001b41c                vPortExitCritical
 .text.xPortPendSVHandler
                0x0001b430       0x3c ./L1_FreeRTOS/portable/port.o
                0x0001b430                xPortPendSVHandler
 .text.xPortSysTickHandler
                0x0001b46c       0x24 ./L1_FreeRTOS/portable/port.o
                0x0001b46c                xPortSysTickHandler
 .text.vPortSetupTimerInterrupt
                0x0001b490       0x14 ./L1_FreeRTOS/portable/port.o
                0x0001b490                vPortSetupTimerInterrupt
 .text.xPortStartScheduler
                0x0001b4a4       0x30 ./L1_FreeRTOS/portable/port.o
                0x0001b4a4                xPortStartScheduler
 .text.vConfigureTimerForRunTimeStats
                0x0001b4d4       0x2c ./L1_FreeRTOS/portable/run_time_stats.o
                0x0001b4d4                vConfigureTimerForRunTimeStats
 .text.uxGetTimerForRunTimeStats
                0x0001b500        0x8 ./L1_FreeRTOS/portable/run_time_stats.o
                0x0001b500                uxGetTimerForRunTimeStats
 .text.resetRunTimeCounter
                0x0001b508        0xa ./L1_FreeRTOS/portable/run_time_stats.o
                0x0001b508                resetRunTimeCounter
 .text.vApplicationIdleHook
                0x0001b512        0x4 ./L1_FreeRTOS/hooks/hooks.o
                0x0001b512                vApplicationIdleHook
 *fill*         0x0001b516        0x2 00
 .text.vApplicationStackOverflowHook
                0x0001b518       0x38 ./L1_FreeRTOS/hooks/hooks.o
                0x0001b518                vApplicationStackOverflowHook
 .text.vApplicationMallocFailedHook
                0x0001b550       0x24 ./L1_FreeRTOS/hooks/hooks.o
                0x0001b550                vApplicationMallocFailedHook
 .text.pvPortMalloc
                0x0001b574       0x1e ./L1_FreeRTOS/MemMang/heap_3.o
                0x0001b574                pvPortMalloc
 .text.vPortFree
                0x0001b592       0x1a ./L1_FreeRTOS/MemMang/heap_3.o
                0x0001b592                vPortFree
 .text.__set_PSP
                0x0001b5ac        0x6 ./L0_LowLevel/source/core_cm3.o
                0x0001b5ac                __set_PSP
 .text.__set_MSP
                0x0001b5b2        0x6 ./L0_LowLevel/source/core_cm3.o
                0x0001b5b2                __set_MSP
 .text.__set_BASEPRI
                0x0001b5b8        0x6 ./L0_LowLevel/source/core_cm3.o
                0x0001b5b8                __set_BASEPRI
 *fill*         0x0001b5be        0x2 00
 .text.sys_get_boot_type
                0x0001b5c0        0xc ./L0_LowLevel/source/low_level_init.o
                0x0001b5c0                sys_get_boot_type
 .text.sys_get_boot_time
                0x0001b5cc       0x14 ./L0_LowLevel/source/low_level_init.o
                0x0001b5cc                sys_get_boot_time
 .text._Z14low_level_initv
                0x0001b5e0      0x204 ./L0_LowLevel/source/low_level_init.o
                0x0001b5e0                low_level_init()
 .text.lpc_pconp
                0x0001b7e4       0x30 ./L0_LowLevel/source/lpc_peripherals.o
                0x0001b7e4                lpc_pconp
 .text.lpc_pclk
                0x0001b814       0x4c ./L0_LowLevel/source/lpc_peripherals.o
                0x0001b814                lpc_pclk
 .text.RIT_IRQHandler
                0x0001b860       0x1c ./L0_LowLevel/source/lpc_sys.o
                0x0001b860                RIT_IRQHandler
 .text.sys_get_mem_info_str
                0x0001b87c       0x38 ./L0_LowLevel/source/lpc_sys.o
                0x0001b87c                sys_get_mem_info_str
 .text.sys_rit_setup
                0x0001b8b4       0x58 ./L0_LowLevel/source/lpc_sys.o
                0x0001b8b4                sys_rit_setup
 .text.sys_rit_disable
                0x0001b90c       0x1c ./L0_LowLevel/source/lpc_sys.o
                0x0001b90c                sys_rit_disable
 .text.sys_rit_running
                0x0001b928       0x10 ./L0_LowLevel/source/lpc_sys.o
                0x0001b928                sys_rit_running
 .text.HardFault_HandlerC
                0x0001b938       0x94 ./L0_LowLevel/source/startup.o
                0x0001b938                HardFault_HandlerC
 .text._ZL19sys_clock_pll0_feedv
                0x0001b9cc       0x14 ./L0_LowLevel/source/sys_clock.o
 .text._ZL23sys_clock_configure_plljjPiS_S_.constprop.0
                0x0001b9e0       0x78 ./L0_LowLevel/source/sys_clock.o
 .text._Z19sys_clock_configurev
                0x0001ba58       0xac ./L0_LowLevel/source/sys_clock.o
                0x0001ba58                sys_clock_configure()
 .text.sys_get_cpu_clock
                0x0001bb04       0x9c ./L0_LowLevel/source/sys_clock.o
                0x0001bb04                sys_get_cpu_clock
 .text.uart0_init
                0x0001bba0       0x60 ./L0_LowLevel/source/uart0_min.o
                0x0001bba0                uart0_init
 .text.uart0_getchar
                0x0001bc00       0x18 ./L0_LowLevel/source/uart0_min.o
                0x0001bc00                uart0_getchar
 .text.uart0_putchar
                0x0001bc18       0x1c ./L0_LowLevel/source/uart0_min.o
                0x0001bc18                uart0_putchar
 .text.uart0_puts
                0x0001bc34       0x1c ./L0_LowLevel/source/uart0_min.o
                0x0001bc34                uart0_puts
 .text._ZNK10__cxxabiv120__si_class_type_info12__do_dyncastEiNS_17__class_type_info10__sub_kindEPKS1_PKvS4_S6_RNS1_16__dyncast_resultE
                0x0001bc50       0x7c c:/sjsu_dev/toolchain/bin/../lib/gcc/arm-none-eabi/4.7.4/../../../../arm-none-eabi/lib/armv7-m\libstdc++_s.a(si_class_type_info.o)
                0x0001bc50                __cxxabiv1::__si_class_type_info::__do_dyncast(int, __cxxabiv1::__class_type_info::__sub_kind, __cxxabiv1::__class_type_info const*, void const*, __cxxabiv1::__class_type_info const*, void const*, __cxxabiv1::__class_type_info::__dyncast_result&) const
 .text._ZN10__cxxabiv120__si_class_type_infoD2Ev
                0x0001bccc       0x14 c:/sjsu_dev/toolchain/bin/../lib/gcc/arm-none-eabi/4.7.4/../../../../arm-none-eabi/lib/armv7-m\libstdc++_s.a(si_class_type_info.o)
                0x0001bccc                __cxxabiv1::__si_class_type_info::~__si_class_type_info()
                0x0001bccc                __cxxabiv1::__si_class_type_info::~__si_class_type_info()
 .text._ZN10__cxxabiv120__si_class_type_infoD0Ev
                0x0001bce0       0x12 c:/sjsu_dev/toolchain/bin/../lib/gcc/arm-none-eabi/4.7.4/../../../../arm-none-eabi/lib/armv7-m\libstdc++_s.a(si_class_type_info.o)
                0x0001bce0                __cxxabiv1::__si_class_type_info::~__si_class_type_info()
 .text._ZNK10__cxxabiv120__si_class_type_info20__do_find_public_srcEiPKvPKNS_17__class_type_infoES2_
                0x0001bcf2       0x32 c:/sjsu_dev/toolchain/bin/../lib/gcc/arm-none-eabi/4.7.4/../../../../arm-none-eabi/lib/armv7-m\libstdc++_s.a(si_class_type_info.o)
                0x0001bcf2                __cxxabiv1::__si_class_type_info::__do_find_public_src(int, void const*, __cxxabiv1::__class_type_info const*, void const*) const
 .text._ZNK10__cxxabiv120__si_class_type_info11__do_upcastEPKNS_17__class_type_infoEPKvRNS1_15__upcast_resultE
                0x0001bd24       0x24 c:/sjsu_dev/toolchain/bin/../lib/gcc/arm-none-eabi/4.7.4/../../../../arm-none-eabi/lib/armv7-m\libstdc++_s.a(si_class_type_info.o)