Archive member included because of file (symbol)

c:/sjsu_dev/toolchain/bin/../lib/gcc/arm-none-eabi/4.7.4/../../../../arm-none-eabi/lib/armv7-m\libstdc++_s.a(si_class_type_info.o)
                              ./L5_Application/source/MotorControlTask.o (vtable for __cxxabiv1::__si_class_type_info)
c:/sjsu_dev/toolchain/bin/../lib/gcc/arm-none-eabi/4.7.4/../../../../arm-none-eabi/lib/armv7-m\libstdc++_s.a(pure.o)
                              ./L5_Application/source/MotorControlTask.o (__cxa_pure_virtual)
c:/sjsu_dev/toolchain/bin/../lib/gcc/arm-none-eabi/4.7.4/../../../../arm-none-eabi/lib/armv7-m\libstdc++_s.a(guard.o)
                              ./L5_Application/source/cmd_handlers/handlers.o (__cxa_guard_acquire)
c:/sjsu_dev/toolchain/bin/../lib/gcc/arm-none-eabi/4.7.4/../../../../arm-none-eabi/lib/armv7-m\libstdc++_s.a(class_type_info.o)
                              c:/sjsu_dev/toolchain/bin/../lib/gcc/arm-none-eabi/4.7.4/../../../../arm-none-eabi/lib/armv7-m\libstdc++_s.a(si_class_type_info.o) (__cxxabiv1::__class_type_info::__do_upcast(__cxxabiv1::__class_type_info const*, void**) const)
c:/sjsu_dev/toolchain/bin/../lib/gcc/arm-none-eabi/4.7.4/../../../../arm-none-eabi/lib/armv7-m\libstdc++_s.a(vmi_class_type_info.o)
                              ./L3_Utils/src/file_logger.o (vtable for __cxxabiv1::__vmi_class_type_info)
c:/sjsu_dev/toolchain/bin/../lib/gcc/arm-none-eabi/4.7.4/../../../../arm-none-eabi/lib/armv7-m\libstdc++_s.a(eh_terminate.o)
                              c:/sjsu_dev/toolchain/bin/../lib/gcc/arm-none-eabi/4.7.4/../../../../arm-none-eabi/lib/armv7-m\libstdc++_s.a(pure.o) (std::terminate())
c:/sjsu_dev/toolchain/bin/../lib/gcc/arm-none-eabi/4.7.4/../../../../arm-none-eabi/lib/armv7-m\libstdc++_s.a(tinfo.o)
                              c:/sjsu_dev/toolchain/bin/../lib/gcc/arm-none-eabi/4.7.4/../../../../arm-none-eabi/lib/armv7-m\libstdc++_s.a(class_type_info.o) (std::type_info::~type_info())
c:/sjsu_dev/toolchain/bin/../lib/gcc/arm-none-eabi/4.7.4/../../../../arm-none-eabi/lib/armv7-m\libstdc++_s.a(eh_unex_handler.o)
                              c:/sjsu_dev/toolchain/bin/../lib/gcc/arm-none-eabi/4.7.4/../../../../arm-none-eabi/lib/armv7-m\libstdc++_s.a(eh_terminate.o) (__cxxabiv1::__unexpected_handler)
c:/sjsu_dev/toolchain/bin/../lib/gcc/arm-none-eabi/4.7.4/../../../../arm-none-eabi/lib/armv7-m\libstdc++_s.a(eh_term_handler.o)
                              c:/sjsu_dev/toolchain/bin/../lib/gcc/arm-none-eabi/4.7.4/../../../../arm-none-eabi/lib/armv7-m\libstdc++_s.a(eh_terminate.o) (__cxxabiv1::__terminate_handler)
c:/sjsu_dev/toolchain/bin/../lib/gcc/arm-none-eabi/4.7.4/../../../../arm-none-eabi/lib/armv7-m\libm.a(lib_a-w_atan2.o)
                              ./L5_Application/source/OrientationTask.o (atan2)
c:/sjsu_dev/toolchain/bin/../lib/gcc/arm-none-eabi/4.7.4/../../../../arm-none-eabi/lib/armv7-m\libm.a(lib_a-e_atan2.o)
                              c:/sjsu_dev/toolchain/bin/../lib/gcc/arm-none-eabi/4.7.4/../../../../arm-none-eabi/lib/armv7-m\libm.a(lib_a-w_atan2.o) (__ieee754_atan2)
c:/sjsu_dev/toolchain/bin/../lib/gcc/arm-none-eabi/4.7.4/../../../../arm-none-eabi/lib/armv7-m\libm.a(lib_a-s_atan.o)
                              c:/sjsu_dev/toolchain/bin/../lib/gcc/arm-none-eabi/4.7.4/../../../../arm-none-eabi/lib/armv7-m\libm.a(lib_a-e_atan2.o) (atan)
c:/sjsu_dev/toolchain/bin/../lib/gcc/arm-none-eabi/4.7.4/../../../../arm-none-eabi/lib/armv7-m\libm.a(lib_a-s_fabs.o)
                              c:/sjsu_dev/toolchain/bin/../lib/gcc/arm-none-eabi/4.7.4/../../../../arm-none-eabi/lib/armv7-m\libm.a(lib_a-e_atan2.o) (fabs)
c:/sjsu_dev/toolchain/bin/../lib/gcc/arm-none-eabi/4.7.4/armv7-m\libgcc.a(_ashldi3.o)
                              ./L2_Drivers/src/eint.o (__aeabi_llsl)
c:/sjsu_dev/toolchain/bin/../lib/gcc/arm-none-eabi/4.7.4/armv7-m\libgcc.a(_arm_addsubdf3.o)
                              c:/sjsu_dev/toolchain/bin/../lib/gcc/arm-none-eabi/4.7.4/../../../../arm-none-eabi/lib/armv7-m\libm.a(lib_a-e_atan2.o) (__aeabi_dsub)
c:/sjsu_dev/toolchain/bin/../lib/gcc/arm-none-eabi/4.7.4/armv7-m\libgcc.a(_arm_muldivdf3.o)
                              ./L5_Application/source/MotorControlTask.o (__aeabi_dmul)
c:/sjsu_dev/toolchain/bin/../lib/gcc/arm-none-eabi/4.7.4/armv7-m\libgcc.a(_arm_cmpdf2.o)
                              ./L5_Application/source/OrientationTask.o (__aeabi_dcmpgt)
c:/sjsu_dev/toolchain/bin/../lib/gcc/arm-none-eabi/4.7.4/armv7-m\libgcc.a(_arm_fixunsdfsi.o)
                              ./L5_Application/source/OrientationTask.o (__aeabi_d2uiz)
c:/sjsu_dev/toolchain/bin/../lib/gcc/arm-none-eabi/4.7.4/armv7-m\libgcc.a(_arm_truncdfsf2.o)
                              ./L5_Application/source/MotorControlTask.o (__aeabi_d2f)
c:/sjsu_dev/toolchain/bin/../lib/gcc/arm-none-eabi/4.7.4/armv7-m\libgcc.a(_arm_addsubsf3.o)
                              ./L5_Application/source/cmd_handlers/handlers.o (__aeabi_fsub)
[...]
Memory Configuration

Name             Origin             Length             Attributes
MFlash512        0x00010000         0x00070000         xr
RamLoc32         0x10000000         0x00008000         xrw
RamAHB32         0x2007c000         0x00008000         xrw
*default*        0x00000000         0xffffffff

Linker script and memory map

LOAD ./newlib/malloc_lock.o
LOAD ./newlib/memory.o
LOAD ./newlib/newlib_syscalls.o
LOAD ./newlib/newlib_time.o
LOAD ./newlib/printf_lib.o
LOAD ./L5_Application/source/cmd_handlers/handlers.o
LOAD ./L5_Application/source/cmd_handlers/prog_handlers.o
LOAD ./L5_Application/source/cmd_handlers/wireless_handlers.o
LOAD ./L5_Application/source/10dof.o
LOAD ./L5_Application/source/BM_Controller.o
LOAD ./L5_Application/source/LCD.o
LOAD ./L5_Application/source/MotorControlTask.o
LOAD ./L5_Application/source/OrientationTask.o
LOAD ./L5_Application/source/PIDController.o
LOAD ./L5_Application/source/PWMController.o
LOAD ./L5_Application/source/debug_sensor.o
LOAD ./L5_Application/source/high_level_init.o
LOAD ./L5_Application/source/pid_controllers.o
LOAD ./L5_Application/source/remote.o
LOAD ./L5_Application/source/terminal.o
LOAD ./L5_Application/examples/examples.o
LOAD ./L5_Application/examples/rn_xv_task.o
LOAD ./L5_Application/main.o
LOAD ./L4_IO/wireless/src/mesh.o
LOAD ./L4_IO/wireless/src/nrf24L01Plus.o
LOAD ./L4_IO/wireless/src/wireless.o
LOAD ./L4_IO/src/gpio.o
LOAD ./L4_IO/src/io_source.o
LOAD ./L4_IO/src/storage.o
LOAD ./L4_IO/fat/option/ccsbcs.o
LOAD ./L4_IO/fat/option/reentrant.o
LOAD ./L4_IO/fat/disk/diskio.o
LOAD ./L4_IO/fat/disk/sd.o
LOAD ./L4_IO/fat/disk/spi_flash.o
LOAD ./L4_IO/fat/fatfs_time.o
LOAD ./L4_IO/fat/ff.o
LOAD ./L3_Utils/tlm/src/c_tlm_binary.o
LOAD ./L3_Utils/tlm/src/c_tlm_comp.o
LOAD ./L3_Utils/tlm/src/c_tlm_stream.o
LOAD ./L3_Utils/tlm/src/c_tlm_var.o
LOAD ./L3_Utils/src/c_list.o
LOAD ./L3_Utils/src/command_handler.o
LOAD ./L3_Utils/src/file_logger.o
LOAD ./L3_Utils/src/freertos_timer.o
LOAD ./L3_Utils/src/logger.o
LOAD ./L3_Utils/src/rtc_alarm.o
LOAD ./L3_Utils/src/scheduler_task.o
LOAD ./L3_Utils/src/str.o
LOAD ./L3_Utils/src/utilities.o
LOAD ./L2_Drivers/src/can.o
LOAD ./L2_Drivers/src/eint.o
LOAD ./L2_Drivers/src/i2c2.o
LOAD ./L2_Drivers/src/lpc_pwm.o
LOAD ./L2_Drivers/src/nrf_stream.o
LOAD ./L2_Drivers/src/rtc.o
LOAD ./L2_Drivers/src/spi_dma.o
LOAD ./L2_Drivers/src/spi_sem.o
LOAD ./L2_Drivers/src/uart0.o
LOAD ./L2_Drivers/src/uart2.o
LOAD ./L2_Drivers/src/uart3.o
LOAD ./L2_Drivers/base/char_dev.o
LOAD ./L2_Drivers/base/i2c_base.o
LOAD ./L2_Drivers/base/uart_dev.o
LOAD ./L1_FreeRTOS/src/croutine.o
LOAD ./L1_FreeRTOS/src/event_groups.o
LOAD ./L1_FreeRTOS/src/list.o
LOAD ./L1_FreeRTOS/src/queue.o
LOAD ./L1_FreeRTOS/src/tasks.o
LOAD ./L1_FreeRTOS/src/timers.o
LOAD ./L1_FreeRTOS/portable/port.o
LOAD ./L1_FreeRTOS/portable/run_time_stats.o
LOAD ./L1_FreeRTOS/hooks/hooks.o
LOAD ./L1_FreeRTOS/MemMang/heap_1.o
LOAD ./L1_FreeRTOS/MemMang/heap_2.o
LOAD ./L1_FreeRTOS/MemMang/heap_3.o
LOAD ./L1_FreeRTOS/MemMang/heap_4.o
LOAD ./L0_LowLevel/source/core_cm3.o
LOAD ./L0_LowLevel/source/low_level_init.o
LOAD ./L0_LowLevel/source/lpc_peripherals.o
LOAD ./L0_LowLevel/source/lpc_sys.o
LOAD ./L0_LowLevel/source/startup.o
LOAD ./L0_LowLevel/source/sys_clock.o
LOAD ./L0_LowLevel/source/uart0_min.o
LOAD c:/sjsu_dev/toolchain/bin/../lib/gcc/arm-none-eabi/4.7.4/../../../../arm-none-eabi/lib/armv7-m\libstdc++_s.a
LOAD c:/sjsu_dev/toolchain/bin/../lib/gcc/arm-none-eabi/4.7.4/../../../../arm-none-eabi/lib/armv7-m\libm.a
START GROUP
LOAD c:/sjsu_dev/toolchain/bin/../lib/gcc/arm-none-eabi/4.7.4/armv7-m\libgcc.a
LOAD c:/sjsu_dev/toolchain/bin/../lib/gcc/arm-none-eabi/4.7.4/../../../../arm-none-eabi/lib/armv7-m\libc_s.a
END GROUP
                0x20084000                __top_RamAHB32 = 0x20084000

.text           0x00010000    0x16f98
 FILL mask 0xff
 *(.isr_vector)
 .isr_vector    0x00010000       0xcc ./L0_LowLevel/source/startup.o
                0x00010000                g_pfnVectors
                0x000100cc                . = ALIGN (0x4)
                0x000100cc                __section_table_start = .
                0x000100cc                __data_section_table = .
                0x000100cc        0x4 LONG 0x26fa0 LOADADDR (.data)
                0x000100d0        0x4 LONG 0x2007c000 ADDR (.data)
                0x000100d4        0x4 LONG 0x120 SIZEOF (.data)
                0x000100d8                __data_section_table_end = .
                0x000100d8                __bss_section_table = .
                0x000100d8        0x4 LONG 0x2007c120 ADDR (.bss)
                0x000100dc        0x4 LONG 0x57c SIZEOF (.bss)
                0x000100e0                __bss_section_table_end = .
                0x000100e0                __section_table_end = .
 *(.after_vectors*)
 .after_vectors
                0x000100e0      0x138 ./L0_LowLevel/source/startup.o
                0x000100e0                HardFault_Handler
                0x000100fc                I2C0_IRQHandler
                0x000100fc                MCPWM_IRQHandler
                0x000100fc                TIMER2_IRQHandler
                0x000100fc                DMA_IRQHandler
                0x000100fc                USBActivity_IRQHandler
                0x000100fc                PWM1_IRQHandler
                0x000100fc                EINT0_IRQHandler
                0x000100fc                QEI_IRQHandler
                0x000100fc                I2C1_IRQHandler
                0x000100fc                EINT2_IRQHandler
                0x000100fc                UART1_IRQHandler
                0x000100fc                CANActivity_IRQHandler
                0x000100fc                TIMER3_IRQHandler
                0x000100fc                WDT_IRQHandler
                0x000100fc                IntDefaultHandler
                0x000100fc                PLL0_IRQHandler
                0x000100fc                PLL1_IRQHandler
                0x000100fc                SSP0_IRQHandler
                0x000100fc                I2S_IRQHandler
                0x000100fc                TIMER0_IRQHandler
                0x000100fc                SPI_IRQHandler
                0x000100fc                EINT1_IRQHandler
                0x000100fc                ADC_IRQHandler
                0x000100fc                SSP1_IRQHandler
                0x000100fc                BOD_IRQHandler
                0x000100fc                USB_IRQHandler
                0x000100fc                ENET_IRQHandler
                0x0001010c                DebugMon_Handler
                0x0001011c                UsageFault_Handler
                0x0001012c                BusFault_Handler
                0x0001013c                MemManage_Handler
                0x0001014c                NMI_Handler
                0x0001015c                data_init(unsigned int, unsigned int, unsigned int)
                0x0001016e                bss_init(unsigned int, unsigned int)
                0x0001017e                ResetISR
                0x000101e8                SVC_Handler
                0x000101f8                PendSV_Handler
                0x00010208                SysTick_Handler
 *(.text*)
 .text._sbrk    0x00010218       0x70 ./newlib/memory.o
                0x00010218                _sbrk
 .text._Znwj    0x00010288        0x4 ./newlib/memory.o
                0x00010288                operator new(unsigned int)
 .text._Znaj    0x0001028c        0x4 ./newlib/memory.o
                0x0001028c                operator new[](unsigned int)
 .text._ZdlPv   0x00010290        0x4 ./newlib/memory.o
                0x00010290                operator delete(void*)
 .text._ZdaPv   0x00010294        0x4 ./newlib/memory.o
                0x00010294                operator delete[](void*)
 .text.sys_get_mem_info
                0x00010298       0xb4 ./newlib/memory.o
                0x00010298                sys_get_mem_info
 .text.__aeabi_atexit
                0x0001034c        0x4 ./newlib/memory.o
                0x0001034c                __aeabi_atexit
 .text._ZN9__gnu_cxx27__verbose_terminate_handlerEv
                0x00010350        0x2 ./newlib/memory.o
                0x00010350                __gnu_cxx::__verbose_terminate_handler()
 *fill*         0x00010352        0x2 00
 .text.sys_set_outchar_func
                0x00010354        0xc ./newlib/newlib_syscalls.o
                0x00010354                sys_set_outchar_func
 .text.sys_set_inchar_func
                0x00010360        0xc ./newlib/newlib_syscalls.o
                0x00010360                sys_set_inchar_func
 .text._kill    0x0001036c       0x10 ./newlib/newlib_syscalls.o
                0x0001036c                _kill
 .text._exit    0x0001037c       0x10 ./newlib/newlib_syscalls.o
                0x0001037c                _exit
 .text._getpid  0x0001038c        0x4 ./newlib/newlib_syscalls.o
                0x0001038c                _getpid
 .text._init    0x00010390        0x4 ./newlib/newlib_syscalls.o
                0x00010390                _init
 .text._write   0x00010394       0x28 ./newlib/newlib_syscalls.o
                0x00010394                _write
 .text._read    0x000103bc       0x2c ./newlib/newlib_syscalls.o
                0x000103bc                _read
 .text.syscalls_init
                0x000103e8        0x2 ./newlib/newlib_syscalls.o
                0x000103e8                syscalls_init
 .text._fstat   0x000103ea        0x4 ./newlib/newlib_syscalls.o
                0x000103ea                _fstat
 *fill*         0x000103ee        0x2 00
 .text._isatty  0x000103f0       0x24 ./newlib/newlib_syscalls.o
                0x000103f0                _isatty
 .text._lseek   0x00010414        0x4 ./newlib/newlib_syscalls.o
                0x00010414                _lseek
 .text._close   0x00010418        0x4 ./newlib/newlib_syscalls.o
                0x00010418                _close
 .text._gettimeofday
                0x0001041c       0x80 ./newlib/newlib_time.o
                0x0001041c                _gettimeofday
 .text.u0_dbg_put
                0x0001049c       0x20 ./newlib/printf_lib.o
                0x0001049c                u0_dbg_put
 .text._ZN7Storage13getFlashDriveEv
                0x000104bc       0x48 ./L5_Application/source/cmd_handlers/handlers.o
                0x000104bc                Storage::getFlashDrive()
 .text._ZN7Storage10getSDDriveEv
                0x00010504       0x4c ./L5_Application/source/cmd_handlers/handlers.o
                0x00010504                Storage::getSDDrive()
 .text._Z7pid_setR3strR7CharDevPv
                0x00010550      0x18c ./L5_Application/source/cmd_handlers/handlers.o
                0x00010550                pid_set(str&, CharDev&, void*)
 .text._Z7pid_getR3strR7CharDevPv
                0x000106dc      0x188 ./L5_Application/source/cmd_handlers/handlers.o
                0x000106dc                pid_get(str&, CharDev&, void*)
 .text._Z15taskListHandlerR3strR7CharDevPv
                0x00010864       0xcc ./L5_Application/source/cmd_handlers/handlers.o
                0x00010864                taskListHandler(str&, CharDev&, void*)
 .text._Z14memInfoHandlerR3strR7CharDevPv
                0x00010930       0x22 ./L5_Application/source/cmd_handlers/handlers.o
                0x00010930                memInfoHandler(str&, CharDev&, void*)
 *fill*         0x00010952        0x2 00
 .text._Z11timeHandlerR3strR7CharDevPv
                0x00010954       0xc4 ./L5_Application/source/cmd_handlers/handlers.o
                0x00010954                timeHandler(str&, CharDev&, void*)
 .text._Z9cpHandlerR3strR7CharDevPv
                0x00010a18       0x80 ./L5_Application/source/cmd_handlers/handlers.o
                0x00010a18                cpHandler(str&, CharDev&, void*)
 .text._Z10catHandlerR3strR7CharDevPv
                0x00010a98       0xe0 ./L5_Application/source/cmd_handlers/handlers.o
                0x00010a98                catHandler(str&, CharDev&, void*)
 .text._Z9lsHandlerR3strR7CharDevPv
                0x00010b78      0x1a8 ./L5_Application/source/cmd_handlers/handlers.o
                0x00010b78                lsHandler(str&, CharDev&, void*)
 .text._Z12mkdirHandlerR3strR7CharDevPv
                0x00010d20       0x3c ./L5_Application/source/cmd_handlers/handlers.o
                0x00010d20                mkdirHandler(str&, CharDev&, void*)
 .text._Z9rmHandlerR3strR7CharDevPv
                0x00010d5c       0x3c ./L5_Application/source/cmd_handlers/handlers.o
                0x00010d5c                rmHandler(str&, CharDev&, void*)
 .text._Z9mvHandlerR3strR7CharDevPv
                0x00010d98       0x5c ./L5_Application/source/cmd_handlers/handlers.o
                0x00010d98                mvHandler(str&, CharDev&, void*)
 .text._Z14newFileHandlerR3strR7CharDevPv
                0x00010df4       0xac ./L5_Application/source/cmd_handlers/handlers.o
                0x00010df4                newFileHandler(str&, CharDev&, void*)
 .text._Z10dcpHandlerR3strR7CharDevPv
                0x00010ea0      0x138 ./L5_Application/source/cmd_handlers/handlers.o
                0x00010ea0                dcpHandler(str&, CharDev&, void*)
 .text._Z14storageHandlerR3strR7CharDevPv
                0x00010fd8       0xb4 ./L5_Application/source/cmd_handlers/handlers.o
                0x00010fd8                storageHandler(str&, CharDev&, void*)
 .text._Z14learnIrHandlerR3strR7CharDevPv
                0x0001108c       0x34 ./L5_Application/source/cmd_handlers/handlers.o
                0x0001108c                learnIrHandler(str&, CharDev&, void*)
 .text._ZN17SingletonTemplateI4I2C2E11getInstanceEv
                0x000110c0       0x20 ./L5_Application/source/cmd_handlers/handlers.o
                0x000110c0                SingletonTemplate<I2C2>::getInstance()
 .text._Z12i2cIoHandlerR3strR7CharDevPv
                0x000110e0      0x128 ./L5_Application/source/cmd_handlers/handlers.o
                0x000110e0                i2cIoHandler(str&, CharDev&, void*)
 .text._Z13healthHandlerR3strR7CharDevPv
                0x00011208      0x1a0 ./L5_Application/source/cmd_handlers/handlers.o
                0x00011208                healthHandler(str&, CharDev&, void*)
 .text._ZN17SingletonTemplateI13PWMControllerE11getInstanceEv
                0x000113a8       0x20 ./L5_Application/source/cmd_handlers/handlers.o
                0x000113a8                SingletonTemplate<PWMController>::getInstance()
 .text._Z7pwm_setR3strR7CharDevPv
                0x000113c8       0xf8 ./L5_Application/source/cmd_handlers/handlers.o
                0x000113c8                pwm_set(str&, CharDev&, void*)
 .text._Z10killcopterR3strR7CharDevPv
                0x000114c0       0x2a ./L5_Application/source/cmd_handlers/handlers.o
                0x000114c0                killcopter(str&, CharDev&, void*)
 *fill*         0x000114ea        0x2 00
 .text._ZN17SingletonTemplateI10FileLoggerE11getInstanceEv
                0x000114ec       0x20 ./L5_Application/source/cmd_handlers/handlers.o
                0x000114ec                SingletonTemplate<FileLogger>::getInstance()
 .text._Z13rebootHandlerR3strR7CharDevPv
                0x0001150c       0x34 ./L5_Application/source/cmd_handlers/handlers.o
                0x0001150c                rebootHandler(str&, CharDev&, void*)
 .text._Z10logHandlerR3strR7CharDevPv
                0x00011540       0x6c ./L5_Application/source/cmd_handlers/handlers.o
                0x00011540                logHandler(str&, CharDev&, void*)
 .text._Z16flashProgHandlerR3strR7CharDevPv
                0x000115ac       0x94 ./L5_Application/source/cmd_handlers/prog_handlers.o
                0x000115ac                flashProgHandler(str&, CharDev&, void*)
 .text._Z14getFileHandlerR3strR7CharDevPv
                0x00011640      0x134 ./L5_Application/source/cmd_handlers/prog_handlers.o
                0x00011640                getFileHandler(str&, CharDev&, void*)
 .text._ZL25wirelessHandlerPrintStatsR7CharDevP12mesh_stats_th
                0x00011774       0x3c ./L5_Application/source/cmd_handlers/wireless_handlers.o
 .text._ZL14wsStatsHandlerR3strR7CharDevPv
                0x000117b0       0x1e ./L5_Application/source/cmd_handlers/wireless_handlers.o
 *fill*         0x000117ce        0x2 00
 .text._ZL11wsTxHandlerR3strR7CharDevPv
                0x000117d0      0x10c ./L5_Application/source/cmd_handlers/wireless_handlers.o
 .text._ZL13wsAddrHandlerR3strR7CharDevPv
                0x000118dc       0x34 ./L5_Application/source/cmd_handlers/wireless_handlers.o
 .text._ZL11wsRxHandlerR3strR7CharDevPv
                0x00011910       0x80 ./L5_Application/source/cmd_handlers/wireless_handlers.o
 .text._Z12wsRteHandlerR3strR7CharDevPv
                0x00011990       0x74 ./L5_Application/source/cmd_handlers/wireless_handlers.o
                0x00011990                wsRteHandler(str&, CharDev&, void*)
 .text._ZN17SingletonTemplateI12NordicStreamE11getInstanceEv
                0x00011a04       0x20 ./L5_Application/source/cmd_handlers/wireless_handlers.o
                0x00011a04                SingletonTemplate<NordicStream>::getInstance()
 .text._ZL15wsFileTxHandlerR3strR7CharDevPv
                0x00011a24      0x21c ./L5_Application/source/cmd_handlers/wireless_handlers.o
 .text._ZL15wsStreamHandlerR3strR7CharDevPv
                0x00011c40      0x11c ./L5_Application/source/cmd_handlers/wireless_handlers.o
 .text._ZN6VECTORIN16CommandProcessor16CmdProcessorTypeEE14changeCapacityEj
                0x00011d5c       0x42 ./L5_Application/source/cmd_handlers/wireless_handlers.o
                0x00011d5c                VECTOR<CommandProcessor::CmdProcessorType>::changeCapacity(unsigned int)
 *fill*         0x00011d9e        0x2 00
 .text._Z15wirelessHandlerR3strR7CharDevPv
                0x00011da0      0x130 ./L5_Application/source/cmd_handlers/wireless_handlers.o
                0x00011da0                wirelessHandler(str&, CharDev&, void*)
 .text._ZN15I2C_Device_Base13readRegistersEhPcj
                0x00011ed0       0x18 ./L5_Application/source/10dof.o
                0x00011ed0                I2C_Device_Base::readRegisters(unsigned char, char*, unsigned int)
 .text._ZN6_10dof13Accelerometer4initEv
                0x00011ee8       0x24 ./L5_Application/source/10dof.o
                0x00011ee8                _10dof::Accelerometer::init()
 .text._ZN6_10dof13Accelerometer6getXYZEv
                0x00011f0c       0x14 ./L5_Application/source/10dof.o
                0x00011f0c                _10dof::Accelerometer::getXYZ()
 .text._ZN6_10dof9Gyroscope4initEv
                0x00011f20       0x16 ./L5_Application/source/10dof.o
                0x00011f20                _10dof::Gyroscope::init()
 .text._ZN6_10dof9Gyroscope6getXYZEv
                0x00011f36       0x52 ./L5_Application/source/10dof.o
                0x00011f36                _10dof::Gyroscope::getXYZ()
 .text._ZN14scheduler_taskD2Ev
                0x00011f88        0xc ./L5_Application/source/MotorControlTask.o
                0x00011f88                scheduler_task::~scheduler_task()
                0x00011f88                scheduler_task::~scheduler_task()
 .text._ZN14scheduler_task4initEv
                0x00011f94        0x4 ./L5_Application/source/MotorControlTask.o
                0x00011f94                scheduler_task::init()
 .text._ZN14scheduler_task6regTlmEv
                0x00011f98        0x4 ./L5_Application/source/MotorControlTask.o
                0x00011f98                scheduler_task::regTlm()
 .text._ZN14scheduler_task9taskEntryEv
                0x00011f9c        0x4 ./L5_Application/source/MotorControlTask.o
                0x00011f9c                scheduler_task::taskEntry()
 .text._ZN16MotorControlTaskD2Ev
                0x00011fa0        0xc ./L5_Application/source/MotorControlTask.o
                0x00011fa0                MotorControlTask::~MotorControlTask()
                0x00011fa0                MotorControlTask::~MotorControlTask()
 .text._ZN16MotorControlTaskD0Ev
                0x00011fac       0x14 ./L5_Application/source/MotorControlTask.o
                0x00011fac                MotorControlTask::~MotorControlTask()
 .text._ZN14scheduler_taskD0Ev
                0x00011fc0       0x14 ./L5_Application/source/MotorControlTask.o
                0x00011fc0                scheduler_task::~scheduler_task()
 *fill*         0x00011fd4        0x4 00
 .text._ZN16MotorControlTask13timeToResolveEff
                0x00011fd8       0x58 ./L5_Application/source/MotorControlTask.o
                0x00011fd8                MotorControlTask::timeToResolve(float, float)
 .text._ZN16MotorControlTask23getOrientationFromQueueEv
                0x00012030        0xe ./L5_Application/source/MotorControlTask.o
                0x00012030                MotorControlTask::getOrientationFromQueue()
 *fill*         0x0001203e        0x2 00
 .text._ZN16MotorControlTask23updateMotorServoControlEv
                0x00012040      0x2e8 ./L5_Application/source/MotorControlTask.o
                0x00012040                MotorControlTask::updateMotorServoControl()
 .text._ZN16MotorControlTask3runEPv
                0x00012328       0x40 ./L5_Application/source/MotorControlTask.o
                0x00012328                MotorControlTask::run(void*)
 .text._ZN16MotorControlTask4initEv
                0x00012368       0xa8 ./L5_Application/source/MotorControlTask.o
                0x00012368                MotorControlTask::init()
 .text._ZN15OrientationTaskD2Ev
                0x00012410        0xc ./L5_Application/source/OrientationTask.o
                0x00012410                OrientationTask::~OrientationTask()
                0x00012410                OrientationTask::~OrientationTask()
 .text._ZN15OrientationTaskD0Ev
                0x0001241c       0x14 ./L5_Application/source/OrientationTask.o
                0x0001241c                OrientationTask::~OrientationTask()
 .text._Z15distance_sensorv
                0x00012430       0x78 ./L5_Application/source/OrientationTask.o
                0x00012430                distance_sensor()
 .text._ZN15OrientationTask15get_orientationEv
                0x000124a8        0x4 ./L5_Application/source/OrientationTask.o
                0x000124a8                OrientationTask::get_orientation()
 .text._ZN15OrientationTask15compute_averageEv
                0x000124ac      0x160 ./L5_Application/source/OrientationTask.o
                0x000124ac                OrientationTask::compute_average()
 *fill*         0x0001260c        0x4 00
 .text._ZN15OrientationTask3runEPv
                0x00012610      0x2d8 ./L5_Application/source/OrientationTask.o
                0x00012610                OrientationTask::run(void*)
 .text._ZN15OrientationTask4initEv
                0x000128e8      0x118 ./L5_Application/source/OrientationTask.o
                0x000128e8                OrientationTask::init()
 .text._ZN13PIDControllerC2Effff
                0x00012a00       0x16 ./L5_Application/source/PIDController.o
                0x00012a00                PIDController::PIDController(float, float, float, float)
                0x00012a00                PIDController::PIDController(float, float, float, float)
 .text._ZN13PIDController6get_kpEv
                0x00012a16        0x4 ./L5_Application/source/PIDController.o
                0x00012a16                PIDController::get_kp()
 .text._ZN13PIDController6get_kiEv
                0x00012a1a        0x4 ./L5_Application/source/PIDController.o
                0x00012a1a                PIDController::get_ki()
 .text._ZN13PIDController6get_kdEv
                0x00012a1e        0x4 ./L5_Application/source/PIDController.o
                0x00012a1e                PIDController::get_kd()
 .text._ZN13PIDController6get_ksEv
                0x00012a22        0x4 ./L5_Application/source/PIDController.o
                0x00012a22                PIDController::get_ks()
 .text._ZN13PIDController15updateConstantsEffff
                0x00012a26       0x10 ./L5_Application/source/PIDController.o
                0x00012a26                PIDController::updateConstants(float, float, float, float)
 *fill*         0x00012a36        0x2 00
 .text._ZN13PIDController16calculate_outputEfff
                0x00012a38       0xa4 ./L5_Application/source/PIDController.o
                0x00012a38                PIDController::calculate_output(float, float, float)
 .text._ZN13PWMControllerC2Ev
                0x00012adc       0x48 ./L5_Application/source/PWMController.o
                0x00012adc                PWMController::PWMController()
                0x00012adc                PWMController::PWMController()
 .text._ZN13PWMController10enablePortENS_7pwmTypeE
                0x00012b24       0x54 ./L5_Application/source/PWMController.o
                0x00012b24                PWMController::enablePort(PWMController::pwmType)
 .text._ZN13PWMController10setPercentENS_7pwmTypeEf
                0x00012b78       0x6c ./L5_Application/source/PWMController.o
                0x00012b78                PWMController::setPercent(PWMController::pwmType, float)
 .text.ssp_set_max_clock
                0x00012be4       0x2c ./L5_Application/source/high_level_init.o
 .text._ZL13hl_print_linev
                0x00012c10        0xc ./L5_Application/source/high_level_init.o
 .text._ZL16hl_mount_storageR16FileSystemObjectPKc
                0x00012c1c       0x94 ./L5_Application/source/high_level_init.o
 .text._ZL19hl_periodic_servicev
                0x00012cb0       0x74 ./L5_Application/source/high_level_init.o
 .text.vApplicationTickHook
                0x00012d24        0x4 ./L5_Application/source/high_level_init.o
                0x00012d24                vApplicationTickHook
 .text.sys_get_uptime_ms
                0x00012d28       0x10 ./L5_Application/source/high_level_init.o
                0x00012d28                sys_get_uptime_ms
 .text._ZN17SingletonTemplateI11LED_DisplayE11getInstanceEv
                0x00012d38       0x28 ./L5_Application/source/high_level_init.o
                0x00012d38                SingletonTemplate<LED_Display>::getInstance()
 .text._ZN17SingletonTemplateI3LEDE11getInstanceEv
                0x00012d60       0x1c ./L5_Application/source/high_level_init.o
                0x00012d60                SingletonTemplate<LED>::getInstance()
 .text._Z15high_level_initv
                0x00012d7c      0x4d0 ./L5_Application/source/high_level_init.o
                0x00012d7c                high_level_init()
 .text._ZN13PIDControllerD2Ev
                0x0001324c        0x2 ./L5_Application/source/pid_controllers.o
                0x0001324c                PIDController::~PIDController()
                0x0001324c                PIDController::~PIDController()
 *fill*         0x0001324e        0x2 00
 .text.startup._GLOBAL__sub_I_pid_roll
                0x00013250       0xc8 ./L5_Application/source/pid_controllers.o
 .text._ZN12terminalTask6regTlmEv
                0x00013318        0x4 ./L5_Application/source/terminal.o
                0x00013318                terminalTask::regTlm()
 .text._ZN12terminalTask22handleEchoAndBackspaceEPNS_9cmdChan_tEc
                0x0001331c       0x5c ./L5_Application/source/terminal.o
                0x0001331c                terminalTask::handleEchoAndBackspace(terminalTask::cmdChan_t*, char)
 .text._ZN12terminalTask10getCommandEv
                0x00013378      0x106 ./L5_Application/source/terminal.o
                0x00013378                terminalTask::getCommand()
 *fill*         0x0001347e        0x2 00
 .text._ZN12terminalTask3runEPv
                0x00013480       0x98 ./L5_Application/source/terminal.o
                0x00013480                terminalTask::run(void*)
 .text._ZN17SingletonTemplateI5Uart0E11getInstanceEv
                0x00013518       0x20 ./L5_Application/source/terminal.o
                0x00013518                SingletonTemplate<Uart0>::getInstance()
 .text._ZN5Uart017putcharIntrDrivenEc
                0x00013538       0x18 ./L5_Application/source/terminal.o
                0x00013538                Uart0::putcharIntrDriven(char)
 .text._ZN5Uart017getcharIntrDrivenEc
                0x00013550       0x20 ./L5_Application/source/terminal.o
                0x00013550                Uart0::getcharIntrDriven(char)
 .text._ZN6VECTORIN16CommandProcessor16CmdProcessorTypeEED2Ev
                0x00013570       0x24 ./L5_Application/source/terminal.o
                0x00013570                VECTOR<CommandProcessor::CmdProcessorType>::~VECTOR()
                0x00013570                VECTOR<CommandProcessor::CmdProcessorType>::~VECTOR()
 .text._ZN12terminalTaskD2Ev
                0x00013594       0x40 ./L5_Application/source/terminal.o
                0x00013594                terminalTask::~terminalTask()
                0x00013594                terminalTask::~terminalTask()
 .text._ZN12terminalTaskD0Ev
                0x000135d4       0x12 ./L5_Application/source/terminal.o
                0x000135d4                terminalTask::~terminalTask()
 .text._ZN6VECTORIN12terminalTask9cmdChan_tEE14changeCapacityEj
                0x000135e6       0x3a ./L5_Application/source/terminal.o
                0x000135e6                VECTOR<terminalTask::cmdChan_t>::changeCapacity(unsigned int)
 .text._ZN12terminalTask17addCommandChannelEP7CharDevb
                0x00013620       0x44 ./L5_Application/source/terminal.o
                0x00013620                terminalTask::addCommandChannel(CharDev*, bool)
 .text._ZN12terminalTask9taskEntryEv
                0x00013664      0x2e0 ./L5_Application/source/terminal.o
                0x00013664                terminalTask::taskEntry()
 .text._ZN12terminalTaskC2Eh
                0x00013944       0x7c ./L5_Application/source/terminal.o
                0x00013944                terminalTask::terminalTask(unsigned char)
                0x00013944                terminalTask::terminalTask(unsigned char)
 .text._Z9debugTaskPv
                0x000139c0      0x23c ./L5_Application/main.o
                0x000139c0                debugTask(void*)
 .text.startup.main
                0x00013bfc       0xb8 ./L5_Application/main.o
                0x00013bfc                main
 .text.startup._GLOBAL__sub_I__Z5get_xP7balance
                0x00013cb4       0x28 ./L5_Application/main.o
 .text.mesh_incr_soft_timers_for_arr
                0x00013cdc       0x26 ./L4_IO/wireless/src/mesh.o
 *fill*         0x00013d02        0x2 00
 .text.mesh_update_soft_timers
                0x00013d04       0x4c ./L4_IO/wireless/src/mesh.o
 .text.mesh_send_packet
                0x00013d50       0x3c ./L4_IO/wireless/src/mesh.o
 .text.mesh_send_retry_packet
                0x00013d8c       0x34 ./L4_IO/wireless/src/mesh.o
 .text.mesh_find_rte_tbl_entry
                0x00013dc0       0x24 ./L4_IO/wireless/src/mesh.o
 .text.mesh_update_rte_scores
                0x00013de4       0x28 ./L4_IO/wireless/src/mesh.o
 .text.mesh_get_pnd_pkt_slot
                0x00013e0c       0x4c ./L4_IO/wireless/src/mesh.o
 .text.mesh_pending_packets_add
                0x00013e58       0x8c ./L4_IO/wireless/src/mesh.o
 .text.mesh_get_rte_to_modify
                0x00013ee4       0x64 ./L4_IO/wireless/src/mesh.o
 .text.mesh_handle_pnd_pkts_for_arr
                0x00013f48      0x19c ./L4_IO/wireless/src/mesh.o
 .text.mesh_set_node_address
                0x000140e4       0x18 ./L4_IO/wireless/src/mesh.o
                0x000140e4                mesh_set_node_address
 .text.mesh_get_node_address
                0x000140fc        0xc ./L4_IO/wireless/src/mesh.o
                0x000140fc                mesh_get_node_address
 .text.mesh_set_retry_count
                0x00014108       0x10 ./L4_IO/wireless/src/mesh.o
                0x00014108                mesh_set_retry_count
 .text.mesh_form_pkt
                0x00014118       0xe4 ./L4_IO/wireless/src/mesh.o
                0x00014118                mesh_form_pkt
 .text.mesh_send_formed_pkt
                0x000141fc       0x60 ./L4_IO/wireless/src/mesh.o
                0x000141fc                mesh_send_formed_pkt
 .text.mesh_init
                0x0001425c      0x104 ./L4_IO/wireless/src/mesh.o
                0x0001425c                mesh_init
 .text.mesh_send
                0x00014360       0x42 ./L4_IO/wireless/src/mesh.o
                0x00014360                mesh_send
 .text.mesh_send_ack
                0x000143a2       0x18 ./L4_IO/wireless/src/mesh.o
 *fill*         0x000143ba        0x2 00
 .text.mesh_get_routing_entry
                0x000143bc       0x2c ./L4_IO/wireless/src/mesh.o
                0x000143bc                mesh_get_routing_entry
 .text.mesh_get_num_routing_entries
                0x000143e8       0x1c ./L4_IO/wireless/src/mesh.o
                0x000143e8                mesh_get_num_routing_entries
 .text.mesh_service
                0x00014404      0x2c4 ./L4_IO/wireless/src/mesh.o
                0x00014404                mesh_service
 .text.mesh_get_pnd_pkt_count
                0x000146c8       0x34 ./L4_IO/wireless/src/mesh.o
                0x000146c8                mesh_get_pnd_pkt_count
 .text.mesh_get_max_timeout_before_packet_fails
                0x000146fc       0x20 ./L4_IO/wireless/src/mesh.o
                0x000146fc                mesh_get_max_timeout_before_packet_fails
 .text.mesh_get_stats
                0x0001471c       0x14 ./L4_IO/wireless/src/mesh.o
                0x0001471c                mesh_get_stats
 .text.nordic_transfer
                0x00014730      0x10c ./L4_IO/wireless/src/nrf24L01Plus.o
 .text.nordic_readRegister
                0x0001483c       0x1c ./L4_IO/wireless/src/nrf24L01Plus.o
 .text.nordic_writeRegister
                0x00014858       0x1c ./L4_IO/wireless/src/nrf24L01Plus.o
 .text.nordic_is_tx_fifo_empty
                0x00014874        0xe ./L4_IO/wireless/src/nrf24L01Plus.o
                0x00014874                nordic_is_tx_fifo_empty
 .text.nordic_clear_all_intr_flags
                0x00014882        0x8 ./L4_IO/wireless/src/nrf24L01Plus.o
                0x00014882                nordic_clear_all_intr_flags
 .text.nordic_queue_tx_fifo
                0x0001488a       0x10 ./L4_IO/wireless/src/nrf24L01Plus.o
                0x0001488a                nordic_queue_tx_fifo
 .text.nordic_standby1_to_tx_mode1
                0x0001489a       0x18 ./L4_IO/wireless/src/nrf24L01Plus.o
                0x0001489a                nordic_standby1_to_tx_mode1
 *fill*         0x000148b2        0x2 00
 .text.nordic_rx_to_Stanby1
                0x000148b4       0x10 ./L4_IO/wireless/src/nrf24L01Plus.o
                0x000148b4                nordic_rx_to_Stanby1
 .text.nordic_standby1_to_rx
                0x000148c4       0x24 ./L4_IO/wireless/src/nrf24L01Plus.o
                0x000148c4                nordic_standby1_to_rx
 .text.nordic_clear_packet_sent_flag
                0x000148e8        0x8 ./L4_IO/wireless/src/nrf24L01Plus.o
                0x000148e8                nordic_clear_packet_sent_flag
 .text.nordic_flush_tx_fifo
                0x000148f0        0xe ./L4_IO/wireless/src/nrf24L01Plus.o
                0x000148f0                nordic_flush_tx_fifo
 *fill*         0x000148fe        0x2 00
 .text.nordic_mode1_send_single_packet
                0x00014900       0x4c ./L4_IO/wireless/src/nrf24L01Plus.o
                0x00014900                nordic_mode1_send_single_packet
 .text.nordic_is_packet_available
                0x0001494c       0x12 ./L4_IO/wireless/src/nrf24L01Plus.o
                0x0001494c                nordic_is_packet_available
 .text.nordic_clear_packet_available_flag
                0x0001495e        0x8 ./L4_IO/wireless/src/nrf24L01Plus.o
                0x0001495e                nordic_clear_packet_available_flag
 .text.nordic_read_rx_fifo
                0x00014966       0x16 ./L4_IO/wireless/src/nrf24L01Plus.o
                0x00014966                nordic_read_rx_fifo
 .text.nordic_flush_rx_fifo
                0x0001497c        0xe ./L4_IO/wireless/src/nrf24L01Plus.o
                0x0001497c                nordic_flush_rx_fifo
 .text.nordic_set_intr_signals
                0x0001498a       0x40 ./L4_IO/wireless/src/nrf24L01Plus.o
                0x0001498a                nordic_set_intr_signals
 .text.nordic_set_crc
                0x000149ca       0x3a ./L4_IO/wireless/src/nrf24L01Plus.o
                0x000149ca                nordic_set_crc
 .text.nordic_power_up
                0x00014a04       0x18 ./L4_IO/wireless/src/nrf24L01Plus.o
                0x00014a04                nordic_power_up
 .text.nordic_power_down
                0x00014a1c       0x18 ./L4_IO/wireless/src/nrf24L01Plus.o
                0x00014a1c                nordic_power_down
 .text.nordic_set_channel
                0x00014a34       0x24 ./L4_IO/wireless/src/nrf24L01Plus.o
                0x00014a34                nordic_set_channel
 .text.nordic_set_air_data_rate
                0x00014a58       0x2e ./L4_IO/wireless/src/nrf24L01Plus.o
                0x00014a58                nordic_set_air_data_rate
 .text.nordic_set_power_level
                0x00014a86       0x26 ./L4_IO/wireless/src/nrf24L01Plus.o
                0x00014a86                nordic_set_power_level
 .text.nordic_set_auto_transmit_options
                0x00014aac       0x30 ./L4_IO/wireless/src/nrf24L01Plus.o
                0x00014aac                nordic_set_auto_transmit_options
 .text.nordic_set_payload_for_pipe
                0x00014adc       0x18 ./L4_IO/wireless/src/nrf24L01Plus.o
                0x00014adc                nordic_set_payload_for_pipe
 .text.nordic_set_addr_width
                0x00014af4       0x16 ./L4_IO/wireless/src/nrf24L01Plus.o
                0x00014af4                nordic_set_addr_width
 .text.nordic_set_tx_address
                0x00014b0a        0xe ./L4_IO/wireless/src/nrf24L01Plus.o
                0x00014b0a                nordic_set_tx_address
 .text.nordic_set_rx_pipe0_addr
                0x00014b18        0xe ./L4_IO/wireless/src/nrf24L01Plus.o
                0x00014b18                nordic_set_rx_pipe0_addr
 *fill*         0x00014b26        0x2 00
 .text.nordic_init
                0x00014b28       0xc4 ./L4_IO/wireless/src/nrf24L01Plus.o
                0x00014b28                nordic_init
 .text.nrf_driver_get_timer
                0x00014bec       0x1e ./L4_IO/wireless/src/wireless.o
 *fill*         0x00014c0a        0x2 00
 .text.nrf_irq_callback
                0x00014c0c       0x2c ./L4_IO/wireless/src/wireless.o
 .text.nrf_driver_app_recv
                0x00014c38       0x60 ./L4_IO/wireless/src/wireless.o
 .text.nrf_driver_init
                0x00014c98       0x78 ./L4_IO/wireless/src/wireless.o
 .text.wireless_get_queued_pkt
                0x00014d10       0x50 ./L4_IO/wireless/src/wireless.o
 .text.nrf_driver_send
                0x00014d60       0x70 ./L4_IO/wireless/src/wireless.o
 .text.nrf_driver_receive
                0x00014dd0       0x22 ./L4_IO/wireless/src/wireless.o
 *fill*         0x00014df2        0x2 00
 .text.wireless_init
                0x00014df4       0x4c ./L4_IO/wireless/src/wireless.o
                0x00014df4                wireless_init
 .text.wireless_get_rx_pkt
                0x00014e40       0x14 ./L4_IO/wireless/src/wireless.o
                0x00014e40                wireless_get_rx_pkt
 .text.wireless_get_ack_pkt
                0x00014e54       0x14 ./L4_IO/wireless/src/wireless.o
                0x00014e54                wireless_get_ack_pkt
 .text.wireless_service
                0x00014e68       0x4c ./L4_IO/wireless/src/wireless.o
                0x00014e68                wireless_service
 .text.adc0_get_reading.constprop.0
                0x00014eb4       0x3c ./L4_IO/src/io_source.o
 .text._ZN15I2C_Device_Base8writeRegEhh
                0x00014ef0       0x18 ./L4_IO/src/io_source.o
                0x00014ef0                I2C_Device_Base::writeReg(unsigned char, unsigned char)
 .text._ZN15I2C_Device_Base16get16BitRegisterEh
                0x00014f08       0x30 ./L4_IO/src/io_source.o
                0x00014f08                I2C_Device_Base::get16BitRegister(unsigned char)
 .text.TIMER1_IRQHandler
                0x00014f38       0xa0 ./L4_IO/src/io_source.o
                0x00014f38                TIMER1_IRQHandler
 .text._ZN11LED_Display12setLeftDigitEc
                0x00014fd8       0x18 ./L4_IO/src/io_source.o
                0x00014fd8                LED_Display::setLeftDigit(char)
 .text._ZN11LED_Display13setRightDigitEc
                0x00014ff0       0x18 ./L4_IO/src/io_source.o
                0x00014ff0                LED_Display::setRightDigit(char)
 .text._ZN11LED_Display9setNumberEc
                0x00015008       0x3e ./L4_IO/src/io_source.o
                0x00015008                LED_Display::setNumber(char)
 *fill*         0x00015046        0x2 00
 .text._ZN3LED6setAllEc
                0x00015048       0x50 ./L4_IO/src/io_source.o
                0x00015048                LED::setAll(char)
 .text._ZN12Light_Sensor11getRawValueEv
                0x00015098        0x4 ./L4_IO/src/io_source.o
                0x00015098                Light_Sensor::getRawValue()
 .text._ZN8Switches15getSwitchValuesEv
                0x0001509c       0x18 ./L4_IO/src/io_source.o
                0x0001509c                Switches::getSwitchValues()
 .text._ZN8I2C_Temp10getCelsiusEv
                0x000150b4       0x32 ./L4_IO/src/io_source.o
                0x000150b4                I2C_Temp::getCelsius()
 *fill*         0x000150e6        0x2 00
 .text._ZN8I2C_Temp12getFarenheitEv
                0x000150e8       0x24 ./L4_IO/src/io_source.o
                0x000150e8                I2C_Temp::getFarenheit()
 .text._ZN7Storage4copyEPKcS1_PjS2_S2_
                0x0001510c       0xd2 ./L4_IO/src/storage.o
                0x0001510c                Storage::copy(char const*, char const*, unsigned int*, unsigned int*, unsigned int*)
 .text._ZN7Storage4readEPKcPvjj
                0x000151de       0x42 ./L4_IO/src/storage.o
                0x000151de                Storage::read(char const*, void*, unsigned int, unsigned int)
 .text._ZN7Storage5writeEPKcPvjj
                0x00015220       0x42 ./L4_IO/src/storage.o
                0x00015220                Storage::write(char const*, void*, unsigned int, unsigned int)
 .text._ZN7Storage6appendEPKcPvjj
                0x00015262       0x46 ./L4_IO/src/storage.o
                0x00015262                Storage::append(char const*, void*, unsigned int, unsigned int)
 .text.ff_convert
                0x000152a8       0x38 ./L4_IO/fat/option/ccsbcs.o
                0x000152a8                ff_convert
 .text.ff_wtoupper
                0x000152e0       0x24 ./L4_IO/fat/option/ccsbcs.o
                0x000152e0                ff_wtoupper
 .text.ff_cre_syncobj
                0x00015304       0x14 ./L4_IO/fat/option/reentrant.o
                0x00015304                ff_cre_syncobj
 .text.ff_del_syncobj
                0x00015318        0x4 ./L4_IO/fat/option/reentrant.o
                0x00015318                ff_del_syncobj
 .text.ff_req_grant
                0x0001531c       0x26 ./L4_IO/fat/option/reentrant.o
                0x0001531c                ff_req_grant
 .text.ff_rel_grant
                0x00015342       0x1e ./L4_IO/fat/option/reentrant.o
                0x00015342                ff_rel_grant
 .text.disk_initialize
                0x00015360       0x26 ./L4_IO/fat/disk/diskio.o
                0x00015360                disk_initialize
 .text.disk_status
                0x00015386        0xe ./L4_IO/fat/disk/diskio.o
                0x00015386                disk_status
 .text.disk_read
                0x00015394       0x38 ./L4_IO/fat/disk/diskio.o
                0x00015394                disk_read
 .text.disk_write
                0x000153cc       0x38 ./L4_IO/fat/disk/diskio.o
                0x000153cc                disk_write
 .text.disk_ioctl
                0x00015404       0x32 ./L4_IO/fat/disk/diskio.o
                0x00015404                disk_ioctl
 *fill*         0x00015436        0x2 00
 .text.ssp_set_max_clock.constprop.2
                0x00015438       0x30 ./L4_IO/fat/disk/sd.o
 .text.ssp1_exchange_byte
                0x00015468       0x18 ./L4_IO/fat/disk/sd.o
 .text.wait_ready
                0x00015480       0x34 ./L4_IO/fat/disk/sd.o
                0x00015480                wait_ready
 .text.power_off
                0x000154b4       0x24 ./L4_IO/fat/disk/sd.o
                0x000154b4                power_off
 .text.rcvr_datablock
                0x000154d8       0x8c ./L4_IO/fat/disk/sd.o
                0x000154d8                rcvr_datablock
 .text.xmit_datablock
                0x00015564       0x54 ./L4_IO/fat/disk/sd.o
                0x00015564                xmit_datablock
 .text.send_cmd
                0x000155b8       0x94 ./L4_IO/fat/disk/sd.o
                0x000155b8                send_cmd
 .text.sd_update_card_status
                0x0001564c       0x20 ./L4_IO/fat/disk/sd.o
                0x0001564c                sd_update_card_status
 .text.sd_ioctl
                0x0001566c      0x24c ./L4_IO/fat/disk/sd.o
                0x0001566c                sd_ioctl
 .text.sd_write
                0x000158b8       0xc0 ./L4_IO/fat/disk/sd.o
                0x000158b8                sd_write
 .text.sd_read  0x00015978       0xa0 ./L4_IO/fat/disk/sd.o
                0x00015978                sd_read
 .text.sd_status
                0x00015a18       0x10 ./L4_IO/fat/disk/sd.o
                0x00015a18                sd_status
 .text.sd_initialize
                0x00015a28      0x16c ./L4_IO/fat/disk/sd.o
                0x00015a28                sd_initialize
 .text._ZL37flash_perform_page_io_of_fatfs_sectorPFvPhmmES_m
                0x00015b94       0x70 ./L4_IO/fat/disk/spi_flash.o
 .text.ssp1_exchange_data
                0x00015c04       0xc8 ./L4_IO/fat/disk/spi_flash.o
 .text._ZL18flash_send_op_addr14flash_opcode_tm
                0x00015ccc       0x20 ./L4_IO/fat/disk/spi_flash.o
 .text._ZL15flash_read_pagePhmm
                0x00015cec       0x3c ./L4_IO/fat/disk/spi_flash.o
 .text._ZL20flash_wait_for_readyv
                0x00015d28       0x40 ./L4_IO/fat/disk/spi_flash.o
 .text.flash_initialize
                0x00015d68       0x88 ./L4_IO/fat/disk/spi_flash.o
                0x00015d68                flash_initialize
 .text.flash_read_sectors
                0x00015df0       0x38 ./L4_IO/fat/disk/spi_flash.o
                0x00015df0                flash_read_sectors
 .text.flash_write_sectors
                0x00015e28       0x34 ./L4_IO/fat/disk/spi_flash.o
                0x00015e28                flash_write_sectors
 .text.flash_ioctl
                0x00015e5c       0x4c ./L4_IO/fat/disk/spi_flash.o
                0x00015e5c                flash_ioctl
 .text.flash_write_permanent_id
                0x00015ea8       0x3c ./L4_IO/fat/disk/spi_flash.o
                0x00015ea8                flash_write_permanent_id
 .text.flash_read_permanent_id
                0x00015ee4       0x24 ./L4_IO/fat/disk/spi_flash.o
                0x00015ee4                flash_read_permanent_id
 .text.flash_get_page_count
                0x00015f08       0x30 ./L4_IO/fat/disk/spi_flash.o
                0x00015f08                flash_get_page_count
 .text.flash_supports_metadata
                0x00015f38       0x10 ./L4_IO/fat/disk/spi_flash.o
                0x00015f38                flash_supports_metadata
 .text._ZL16flash_write_pagePhmm
                0x00015f48       0x80 ./L4_IO/fat/disk/spi_flash.o
 .text.flash_get_page_write_count
                0x00015fc8       0x50 ./L4_IO/fat/disk/spi_flash.o
                0x00015fc8                flash_get_page_write_count
 .text.get_fattime
                0x00016018       0x50 ./L4_IO/fat/fatfs_time.o
                0x00016018                get_fattime
 .text.mem_cpy  0x00016068       0x2e ./L4_IO/fat/ff.o
 .text.mem_set  0x00016096        0xe ./L4_IO/fat/ff.o
 .text.chk_lock
                0x000160a4       0x64 ./L4_IO/fat/ff.o
 .text.inc_lock
                0x00016108       0x88 ./L4_IO/fat/ff.o
 .text.dec_lock
                0x00016190       0x3c ./L4_IO/fat/ff.o
 .text.sum_sfn  0x000161cc       0x1e ./L4_IO/fat/ff.o
 .text.get_ldnumber
                0x000161ea       0x2c ./L4_IO/fat/ff.o
 .text.get_fileinfo
                0x00016216       0xac ./L4_IO/fat/ff.o
 .text.sync_window
                0x000162c2       0x4a ./L4_IO/fat/ff.o
 .text.sync_fs  0x0001630c       0x74 ./L4_IO/fat/ff.o
 .text.validate
                0x00016380       0x3a ./L4_IO/fat/ff.o
 .text.move_window
                0x000163ba       0x2e ./L4_IO/fat/ff.o
 .text.check_fs
                0x000163e8       0x4c ./L4_IO/fat/ff.o
 .text.unlock_fs
                0x00016434       0x1a ./L4_IO/fat/ff.o
 *fill*         0x0001644e        0x2 00
 .text.find_volume
                0x00016450      0x244 ./L4_IO/fat/ff.o
 .text.clust2sect
                0x00016694       0x18 ./L4_IO/fat/ff.o
                0x00016694                clust2sect
 .text.get_fat  0x000166ac       0xa0 ./L4_IO/fat/ff.o
                0x000166ac                get_fat
 .text.dir_sdi  0x0001674c       0x84 ./L4_IO/fat/ff.o
 .text.put_fat  0x000167d0       0xce ./L4_IO/fat/ff.o
                0x000167d0                put_fat
 .text.create_chain
                0x0001689e       0x9e ./L4_IO/fat/ff.o
 .text.dir_next
                0x0001693c       0xf0 ./L4_IO/fat/ff.o
 .text.dir_find.part.8
                0x00016a2c      0x120 ./L4_IO/fat/ff.o
 .text.follow_path
                0x00016b4c      0x280 ./L4_IO/fat/ff.o
 .text.dir_remove
                0x00016dcc       0x4e ./L4_IO/fat/ff.o
 *fill*         0x00016e1a        0x2 00
 .text.dir_read.constprop.10
                0x00016e1c       0xec ./L4_IO/fat/ff.o
 .text.remove_chain
                0x00016f08       0x58 ./L4_IO/fat/ff.o
 .text.gen_numname
                0x00016f60       0x78 ./L4_IO/fat/ff.o
                0x00016f60                gen_numname
 .text.dir_register
                0x00016fd8      0x1b0 ./L4_IO/fat/ff.o
 .text.f_mount  0x00017188       0xa0 ./L4_IO/fat/ff.o
                0x00017188                f_mount
 .text.f_open   0x00017228      0x198 ./L4_IO/fat/ff.o
                0x00017228                f_open
 .text.f_read   0x000173c0      0x14c ./L4_IO/fat/ff.o
                0x000173c0                f_read
 .text.f_write  0x0001750c      0x1a4 ./L4_IO/fat/ff.o
                0x0001750c                f_write
 .text.f_sync   0x000176b0       0x64 ./L4_IO/fat/ff.o
                0x000176b0                f_sync
 .text.f_close  0x00017714       0x30 ./L4_IO/fat/ff.o
                0x00017714                f_close
 .text.f_lseek  0x00017744      0x116 ./L4_IO/fat/ff.o
                0x00017744                f_lseek
 .text.f_opendir
                0x0001785a       0xa4 ./L4_IO/fat/ff.o
                0x0001785a                f_opendir
 .text.f_readdir
                0x000178fe       0x5e ./L4_IO/fat/ff.o
                0x000178fe                f_readdir
 .text.f_getfree
                0x0001795c       0xc8 ./L4_IO/fat/ff.o
                0x0001795c                f_getfree
 .text.f_unlink
                0x00017a24       0xd2 ./L4_IO/fat/ff.o
                0x00017a24                f_unlink
 .text.f_mkdir  0x00017af6      0x14e ./L4_IO/fat/ff.o
                0x00017af6                f_mkdir
 .text.f_rename
                0x00017c44      0x124 ./L4_IO/fat/ff.o
                0x00017c44                f_rename
 .text.f_mkfs   0x00017d68      0x48c ./L4_IO/fat/ff.o
                0x00017d68                f_mkfs
 .text.c_list_for_each_elm
                0x000181f4       0x32 ./L3_Utils/src/c_list.o
                0x000181f4                c_list_for_each_elm
 *fill*         0x00018226        0x2 00
 .text._ZN16CommandProcessor10addHandlerEPFbR3strR7CharDevPvEPKcS8_S4_
                0x00018228       0x78 ./L3_Utils/src/command_handler.o
                0x00018228                CommandProcessor::addHandler(bool (*)(str&, CharDev&, void*), char const*, char const*, void*)
 .text._ZN16CommandProcessor15prepareCmdParamER3strPKc
                0x000182a0       0x3c ./L3_Utils/src/command_handler.o
                0x000182a0                CommandProcessor::prepareCmdParam(str&, char const*)
 .text._ZN6VECTORIN16CommandProcessor16CmdProcessorTypeEEixEj
                0x000182dc       0x12 ./L3_Utils/src/command_handler.o
                0x000182dc                VECTOR<CommandProcessor::CmdProcessorType>::operator[](unsigned int)
 *fill*         0x000182ee        0x2 00
 .text._ZN16CommandProcessor24getRegisteredCommandListER7CharDev
                0x000182f0       0x68 ./L3_Utils/src/command_handler.o
                0x000182f0                CommandProcessor::getRegisteredCommandList(CharDev&)
 .text._ZN16CommandProcessor11getHelpTextER3strR7CharDev
                0x00018358       0x70 ./L3_Utils/src/command_handler.o
                0x00018358                CommandProcessor::getHelpText(str&, CharDev&)
 .text._ZN16CommandProcessor13handleCommandER3strR7CharDev
                0x000183c8      0x144 ./L3_Utils/src/command_handler.o
                0x000183c8                CommandProcessor::handleCommand(str&, CharDev&)
 .text._ZN10LoggerBaseD2Ev
                0x0001850c        0xc ./L3_Utils/src/file_logger.o
                0x0001850c                LoggerBase::~LoggerBase()
                0x0001850c                LoggerBase::~LoggerBase()
 .text._ZN10LoggerBase7semTakeEv
                0x00018518        0x2 ./L3_Utils/src/file_logger.o
                0x00018518                LoggerBase::semTake()
 .text._ZN10LoggerBase7semGiveEv
                0x0001851a        0x2 ./L3_Utils/src/file_logger.o
                0x0001851a                LoggerBase::semGive()
 .text._ZN10LoggerBase12getTimestampEv
                0x0001851c        0x4 ./L3_Utils/src/file_logger.o
                0x0001851c                LoggerBase::getTimestamp()
 .text._ZN10FileLoggerD2Ev
                0x00018520        0xc ./L3_Utils/src/file_logger.o
                0x00018520                FileLogger::~FileLogger()
                0x00018520                FileLogger::~FileLogger()
 .text._ZN10FileLoggerD0Ev
                0x0001852c       0x14 ./L3_Utils/src/file_logger.o
                0x0001852c                FileLogger::~FileLogger()
 .text._ZN10LoggerBaseD0Ev
                0x00018540       0x14 ./L3_Utils/src/file_logger.o
                0x00018540                LoggerBase::~LoggerBase()
 .text._ZN10FileLogger12getTimestampEv
                0x00018554        0x8 ./L3_Utils/src/file_logger.o
                0x00018554                FileLogger::getTimestamp()
 .text._ZN10FileLogger7semGiveEv
                0x0001855c       0x1c ./L3_Utils/src/file_logger.o
                0x0001855c                FileLogger::semGive()
 .text._ZN10FileLogger7semTakeEv
                0x00018578       0x1e ./L3_Utils/src/file_logger.o
                0x00018578                FileLogger::semTake()
 *fill*         0x00018596        0x2 00
 .text._ZN10FileLogger21handleCompletedBufferEPcj
                0x00018598       0x74 ./L3_Utils/src/file_logger.o
                0x00018598                FileLogger::handleCompletedBuffer(char*, unsigned int)
 .text._ZN10FileLogger5flushEv
                0x0001860c       0x1a ./L3_Utils/src/file_logger.o
                0x0001860c                FileLogger::flush()
 *fill*         0x00018626        0x2 00
 .text._ZN10FileLoggerC2Ev
                0x00018628       0x34 ./L3_Utils/src/file_logger.o
                0x00018628                FileLogger::FileLogger()
                0x00018628                FileLogger::FileLogger()
 .text._ZN10LoggerBase5flushEv
                0x0001865c       0x16 ./L3_Utils/src/logger.o
                0x0001865c                LoggerBase::flush()
 .text._ZN10LoggerBase3logEPKc
                0x00018672       0x4e ./L3_Utils/src/logger.o
                0x00018672                LoggerBase::log(char const*)
 .text._ZN10LoggerBase13logCsvMessageEPKcS1_S1_S1_i
                0x000186c0      0x11c ./L3_Utils/src/logger.o
                0x000186c0                LoggerBase::logCsvMessage(char const*, char const*, char const*, char const*, int)
 .text._ZN10LoggerBase7logInfoEPKcS1_S1_i
                0x000187dc       0x1c ./L3_Utils/src/logger.o
                0x000187dc                LoggerBase::logInfo(char const*, char const*, char const*, int)
 .text.for_each_recur_alarm_callback
                0x000187f8       0x24 ./L3_Utils/src/rtc_alarm.o
 .text.for_each_alarm_callback
                0x0001881c       0x5e ./L3_Utils/src/rtc_alarm.o
 *fill*         0x0001887a        0x2 00
 .text.RTC_IRQHandler
                0x0001887c       0xa4 ./L3_Utils/src/rtc_alarm.o
                0x0001887c                RTC_IRQHandler
 .text._ZL9printlinePKcS0_
                0x00018920       0xb4 ./L3_Utils/src/scheduler_task.o
 .text._ZL9dbg_printPKcS0_
                0x000189d4       0x78 ./L3_Utils/src/scheduler_task.o
 .text._Z24scheduler_c_task_privatePv
                0x00018a4c      0x110 ./L3_Utils/src/scheduler_task.o
                0x00018a4c                scheduler_c_task_private(void*)
 .text._Z18scheduler_init_allb
                0x00018b5c       0xe8 ./L3_Utils/src/scheduler_task.o
                0x00018b5c                scheduler_init_all(bool)
 .text._Z18scheduler_add_taskP14scheduler_task
                0x00018c44       0x20 ./L3_Utils/src/scheduler_task.o
                0x00018c44                scheduler_add_task(scheduler_task*)
 .text._Z15scheduler_startbb
                0x00018c64       0x5c ./L3_Utils/src/scheduler_task.o
                0x00018c64                scheduler_start(bool, bool)
 .text._ZN14scheduler_taskC2EPKcmhPv
                0x00018cc0       0x34 ./L3_Utils/src/scheduler_task.o
                0x00018cc0                scheduler_task::scheduler_task(char const*, unsigned long, unsigned char, void*)
                0x00018cc0                scheduler_task::scheduler_task(char const*, unsigned long, unsigned char, void*)
 .text._ZN14scheduler_task15getSharedObjectEh
                0x00018cf4       0x18 ./L3_Utils/src/scheduler_task.o
                0x00018cf4                scheduler_task::getSharedObject(unsigned char)
 .text._ZN3str7toFloatEPKc
                0x00018d0c        0xc ./L3_Utils/src/str.o
                0x00018d0c                str::toFloat(char const*)
 .text._ZN3strC2EPci
                0x00018d18       0x28 ./L3_Utils/src/str.o
                0x00018d18                str::str(char*, int)
                0x00018d18                str::str(char*, int)
 .text._ZN3strD2Ev
                0x00018d40       0x24 ./L3_Utils/src/str.o
                0x00018d40                str::~str()
                0x00018d40                str::~str()
 .text._ZNK3str6getLenEv
                0x00018d64        0x6 ./L3_Utils/src/str.o
                0x00018d64                str::getLen() const
 .text._ZNK3str11getCapacityEv
                0x00018d6a        0x4 ./L3_Utils/src/str.o
                0x00018d6a                str::getCapacity() const
 .text._ZN3str5clearEv
                0x00018d6e        0x8 ./L3_Utils/src/str.o
                0x00018d6e                str::clear()
 .text._ZN3str5scanfEPKcz
                0x00018d76       0x1a ./L3_Utils/src/str.o
                0x00018d76                str::scanf(char const*, ...)
 .text._ZN3str8tokenizeEPKciz
                0x00018d90       0x48 ./L3_Utils/src/str.o
                0x00018d90                str::tokenize(char const*, int, ...)
 .text._ZNK3str9compareToEPKc
                0x00018dd8       0x16 ./L3_Utils/src/str.o
                0x00018dd8                str::compareTo(char const*) const
 .text._ZNK3str19compareToIgnoreCaseEPKc
                0x00018dee       0x12 ./L3_Utils/src/str.o
                0x00018dee                str::compareToIgnoreCase(char const*) const
 .text._ZNK3str22firstIndexOfIgnoreCaseEPKc
                0x00018e00       0x8c ./L3_Utils/src/str.o
                0x00018e00                str::firstIndexOfIgnoreCase(char const*) const
 .text._ZNK3str18containsIgnoreCaseEPKc
                0x00018e8c        0xe ./L3_Utils/src/str.o
                0x00018e8c                str::containsIgnoreCase(char const*) const
 .text._ZNK3str12firstIndexOfEPKc
                0x00018e9a       0x16 ./L3_Utils/src/str.o
                0x00018e9a                str::firstIndexOf(char const*) const
 .text._ZNK3str10beginsWithEPKc
                0x00018eb0       0x30 ./L3_Utils/src/str.o
                0x00018eb0                str::beginsWith(char const*) const
 .text._ZNK3str20beginsWithIgnoreCaseEPKc
                0x00018ee0       0x30 ./L3_Utils/src/str.o
                0x00018ee0                str::beginsWithIgnoreCase(char const*) const
 .text._ZNK3str29beginsWithWholeWordIgnoreCaseEPKcc
                0x00018f10       0x3a ./L3_Utils/src/str.o
                0x00018f10                str::beginsWithWholeWordIgnoreCase(char const*, char) const
 .text._ZN3str10eraseFirstEi
                0x00018f4a       0x28 ./L3_Utils/src/str.o
                0x00018f4a                str::eraseFirst(int)
 .text._ZN3str9eraseLastEi
                0x00018f72       0x20 ./L3_Utils/src/str.o
                0x00018f72                str::eraseLast(int)
 .text._ZN3str10eraseAfterEii
                0x00018f92       0x38 ./L3_Utils/src/str.o
                0x00018f92                str::eraseAfter(int, int)
 .text._ZN3str5eraseEPKc
                0x00018fca       0x28 ./L3_Utils/src/str.o
                0x00018fca                str::erase(char const*)
 .text._ZN3str15eraseFirstWordsEic
                0x00018ff2       0x2a ./L3_Utils/src/str.o
                0x00018ff2                str::eraseFirstWords(int, char)
 .text._ZN3str9trimStartEPKc
                0x0001901c       0x40 ./L3_Utils/src/str.o
                0x0001901c                str::trimStart(char const*)
 .text._ZN3str7trimEndEPKc
                0x0001905c       0x3c ./L3_Utils/src/str.o
                0x0001905c                str::trimEnd(char const*)
 .text._ZNK3streqEPKc
                0x00019098        0x4 ./L3_Utils/src/str.o
                0x00019098                str::operator==(char const*) const
 .text._ZNK3strclEv
                0x0001909c        0x4 ./L3_Utils/src/str.o
                0x0001909c                str::operator()() const
 .text._ZNK3strcviEv
                0x000190a0        0x6 ./L3_Utils/src/str.o
                0x000190a0                str::operator int() const
 .text._ZNK3strcvfEv
                0x000190a6        0x6 ./L3_Utils/src/str.o
                0x000190a6                str::operator float() const
 .text._ZN3strixEi
                0x000190ac       0x14 ./L3_Utils/src/str.o
                0x000190ac                str::operator[](int)
 .text._ZN3str13reAllocateMemEi
                0x000190c0       0x4c ./L3_Utils/src/str.o
                0x000190c0                str::reAllocateMem(int)
 .text._ZN3str26ensureMemoryToInsertNCharsEi
                0x0001910c       0x22 ./L3_Utils/src/str.o
                0x0001910c                str::ensureMemoryToInsertNChars(int)
 .text._ZN3str11insertAtEndEPKc
                0x0001912e       0x22 ./L3_Utils/src/str.o
                0x0001912e                str::insertAtEnd(char const*)
 .text._ZN3strpLEc
                0x00019150       0x16 ./L3_Utils/src/str.o
                0x00019150                str::operator+=(char)
 .text._ZN3str4initEi
                0x00019166       0x10 ./L3_Utils/src/str.o
                0x00019166                str::init(int)
 .text._ZN3strC2Ei
                0x00019176        0xc ./L3_Utils/src/str.o
                0x00019176                str::str(int)
                0x00019176                str::str(int)
 .text._ZN3strC2Ev
                0x00019182        0xe ./L3_Utils/src/str.o
                0x00019182                str::str()
                0x00019182                str::str()
 .text._ZN3str7reserveEi
                0x00019190        0xe ./L3_Utils/src/str.o
                0x00019190                str::reserve(int)
 .text._ZN3str9subStringEii
                0x0001919e       0x66 ./L3_Utils/src/str.o
                0x0001919e                str::subString(int, int)
 .text._ZN3str9subStringEi
                0x00019204       0x18 ./L3_Utils/src/str.o
                0x00019204                str::subString(int)
 .text._ZN3str6printfEPKcz
                0x0001921c       0x40 ./L3_Utils/src/str.o
                0x0001921c                str::printf(char const*, ...)
 .text._ZN3str8copyFromEPKc
                0x0001925c       0x3c ./L3_Utils/src/str.o
                0x0001925c                str::copyFrom(char const*)
 .text._ZN3straSEPKc
                0x00019298        0x4 ./L3_Utils/src/str.o
                0x00019298                str::operator=(char const*)
 .text._ZN3straSERKS_
                0x0001929c       0x12 ./L3_Utils/src/str.o
                0x0001929c                str::operator=(str const&)
 .text._ZN3strC2ERKS_
                0x000192ae       0x20 ./L3_Utils/src/str.o
                0x000192ae                str::str(str const&)
                0x000192ae                str::str(str const&)
 .text.delay_us
                0x000192ce       0x2a ./L3_Utils/src/utilities.o
                0x000192ce                delay_us
 .text.is_freertos_running
                0x000192f8        0xe ./L3_Utils/src/utilities.o
                0x000192f8                is_freertos_running
 .text.delay_ms
                0x00019306       0x22 ./L3_Utils/src/utilities.o
                0x00019306                delay_ms
 .text.CAN_tx_now
                0x00019328       0x42 ./L2_Drivers/src/can.o
 *fill*         0x0001936a        0x2 00
 .text.CAN_handle_isr
                0x0001936c       0xac ./L2_Drivers/src/can.o
 .text.CAN_IRQHandler
                0x00019418       0x3c ./L2_Drivers/src/can.o
                0x00019418                CAN_IRQHandler
 .text.eint3_enable.part.0
                0x00019454       0x70 ./L2_Drivers/src/eint.o
 .text.EINT3_IRQHandler
                0x000194c4       0x70 ./L2_Drivers/src/eint.o
                0x000194c4                EINT3_IRQHandler
 .text.eint3_enable_port0
                0x00019534        0xc ./L2_Drivers/src/eint.o
                0x00019534                eint3_enable_port0
 .text._ZN4I2C24initEj
                0x00019540       0x6c ./L2_Drivers/src/i2c2.o
                0x00019540                I2C2::init(unsigned int)
 .text._ZN4I2C2C2Ev
                0x000195ac       0x14 ./L2_Drivers/src/i2c2.o
                0x000195ac                I2C2::I2C2()
                0x000195ac                I2C2::I2C2()
 .text.I2C2_IRQHandler
                0x000195c0       0x24 ./L2_Drivers/src/i2c2.o
                0x000195c0                I2C2_IRQHandler
 .text._ZN12NordicStreamD2Ev
                0x000195e4       0x14 ./L2_Drivers/src/nrf_stream.o
                0x000195e4                NordicStream::~NordicStream()
                0x000195e4                NordicStream::~NordicStream()
 .text._ZN12NordicStreamD0Ev
                0x000195f8       0x12 ./L2_Drivers/src/nrf_stream.o
                0x000195f8                NordicStream::~NordicStream()
 .text._ZN12NordicStream5flushEv
                0x0001960a       0x64 ./L2_Drivers/src/nrf_stream.o
                0x0001960a                NordicStream::flush()
 .text._ZN12NordicStream7putCharEcj
                0x0001966e       0x22 ./L2_Drivers/src/nrf_stream.o
                0x0001966e                NordicStream::putChar(char, unsigned int)
 .text._ZN12NordicStream7getCharEPcj
                0x00019690       0x38 ./L2_Drivers/src/nrf_stream.o
                0x00019690                NordicStream::getChar(char*, unsigned int)
 .text._ZN12NordicStreamC2Ev
                0x000196c8       0x40 ./L2_Drivers/src/nrf_stream.o
                0x000196c8                NordicStream::NordicStream()
                0x000196c8                NordicStream::NordicStream()
 .text.rtc_gettime
                0x00019708       0x44 ./L2_Drivers/src/rtc.o
                0x00019708                rtc_gettime
 .text.rtc_settime
                0x0001974c       0x60 ./L2_Drivers/src/rtc.o
                0x0001974c                rtc_settime
 .text.rtc_init
                0x000197ac       0xd4 ./L2_Drivers/src/rtc.o
                0x000197ac                rtc_init
 .text.rtc_get_date_time_str
                0x00019880       0x10 ./L2_Drivers/src/rtc.o
                0x00019880                rtc_get_date_time_str
 .text.ssp1_dma_init
                0x00019890       0x1c ./L2_Drivers/src/spi_dma.o
                0x00019890                ssp1_dma_init
 .text.ssp1_dma_transfer_block
                0x000198ac       0xc4 ./L2_Drivers/src/spi_dma.o
                0x000198ac                ssp1_dma_transfer_block
 .text.spi1_lock
                0x00019970       0x28 ./L2_Drivers/src/spi_sem.o
                0x00019970                spi1_lock
 .text.spi1_unlock
                0x00019998       0x14 ./L2_Drivers/src/spi_sem.o
                0x00019998                spi1_unlock
 .text._ZN5Uart0D2Ev
                0x000199ac       0x14 ./L2_Drivers/src/uart0.o
                0x000199ac                Uart0::~Uart0()
                0x000199ac                Uart0::~Uart0()
 .text._ZN5Uart0D0Ev
                0x000199c0       0x12 ./L2_Drivers/src/uart0.o
                0x000199c0                Uart0::~Uart0()
 *fill*         0x000199d2        0x2 00
 .text._ZN5Uart04initEjii
                0x000199d4       0x44 ./L2_Drivers/src/uart0.o
                0x000199d4                Uart0::init(unsigned int, int, int)
 .text._ZN5Uart0C2Ev
                0x00019a18       0x1c ./L2_Drivers/src/uart0.o
                0x00019a18                Uart0::Uart0()
                0x00019a18                Uart0::Uart0()
 .text.UART0_IRQHandler
                0x00019a34       0x24 ./L2_Drivers/src/uart0.o
                0x00019a34                UART0_IRQHandler
 .text._ZN5Uart2D2Ev
                0x00019a58       0x14 ./L2_Drivers/src/uart2.o
                0x00019a58                Uart2::~Uart2()
                0x00019a58                Uart2::~Uart2()
 .text._ZN5Uart2D0Ev
                0x00019a6c       0x12 ./L2_Drivers/src/uart2.o
                0x00019a6c                Uart2::~Uart2()
 *fill*         0x00019a7e        0x2 00
 .text._ZN5Uart2C2Ev
                0x00019a80       0x1c ./L2_Drivers/src/uart2.o
                0x00019a80                Uart2::Uart2()
                0x00019a80                Uart2::Uart2()
 .text.UART2_IRQHandler
                0x00019a9c       0x24 ./L2_Drivers/src/uart2.o
                0x00019a9c                UART2_IRQHandler
 .text._ZN5Uart3D2Ev
                0x00019ac0       0x14 ./L2_Drivers/src/uart3.o
                0x00019ac0                Uart3::~Uart3()
                0x00019ac0                Uart3::~Uart3()
 .text._ZN5Uart3D0Ev
                0x00019ad4       0x12 ./L2_Drivers/src/uart3.o
                0x00019ad4                Uart3::~Uart3()
 *fill*         0x00019ae6        0x2 00
 .text._ZN5Uart3C2Ev
                0x00019ae8       0x1c ./L2_Drivers/src/uart3.o
                0x00019ae8                Uart3::Uart3()
                0x00019ae8                Uart3::Uart3()
 .text.UART3_IRQHandler
                0x00019b04       0x24 ./L2_Drivers/src/uart3.o
                0x00019b04                UART3_IRQHandler
 .text._ZN7CharDev5flushEv
                0x00019b28        0x4 ./L2_Drivers/base/char_dev.o
                0x00019b28                CharDev::flush()
 .text._ZN7CharDevD2Ev
                0x00019b2c        0xc ./L2_Drivers/base/char_dev.o
                0x00019b2c                CharDev::~CharDev()
                0x00019b2c                CharDev::~CharDev()
 .text._ZN7CharDevD0Ev
                0x00019b38       0x14 ./L2_Drivers/base/char_dev.o
                0x00019b38                CharDev::~CharDev()
 .text._ZN7CharDev3putEPKcj
                0x00019b4c       0x28 ./L2_Drivers/base/char_dev.o
                0x00019b4c                CharDev::put(char const*, unsigned int)
 .text._ZN7CharDev7putlineEPKcj
                0x00019b74       0x1c ./L2_Drivers/base/char_dev.o
                0x00019b74                CharDev::putline(char const*, unsigned int)
 .text._ZN7CharDev4getsEPcij
                0x00019b90       0x50 ./L2_Drivers/base/char_dev.o
                0x00019b90                CharDev::gets(char*, int, unsigned int)
 .text._ZN7CharDev6printfEPKcz
                0x00019be0       0x94 ./L2_Drivers/base/char_dev.o
                0x00019be0                CharDev::printf(char const*, ...)
 .text._ZN7CharDevC2Ev
                0x00019c74       0x28 ./L2_Drivers/base/char_dev.o
                0x00019c74                CharDev::CharDev()
                0x00019c74                CharDev::CharDev()
 .text._ZN8I2C_Base8transferEccPcj
                0x00019c9c       0xd4 ./L2_Drivers/base/i2c_base.o
                0x00019c9c                I2C_Base::transfer(char, char, char*, unsigned int)
 .text._ZN8I2C_Base14writeRegistersEccPcj
                0x00019d70        0x8 ./L2_Drivers/base/i2c_base.o
                0x00019d70                I2C_Base::writeRegisters(char, char, char*, unsigned int)
 .text._ZN8I2C_Base8writeRegEccc
                0x00019d78       0x16 ./L2_Drivers/base/i2c_base.o
                0x00019d78                I2C_Base::writeReg(char, char, char)
 .text._ZN8I2C_Base13readRegistersEccPcj
                0x00019d8e        0x8 ./L2_Drivers/base/i2c_base.o
                0x00019d8e                I2C_Base::readRegisters(char, char, char*, unsigned int)
 .text._ZN8I2C_Base7readRegEcc
                0x00019d96       0x1a ./L2_Drivers/base/i2c_base.o
                0x00019d96                I2C_Base::readReg(char, char)
 .text._ZN8I2C_Base19checkDeviceResponseEc
                0x00019db0       0x14 ./L2_Drivers/base/i2c_base.o
                0x00019db0                I2C_Base::checkDeviceResponse(char)
 .text._ZN8I2C_BaseC2EP15LPC_I2C_TypeDef
                0x00019dc4       0x5c ./L2_Drivers/base/i2c_base.o
                0x00019dc4                I2C_Base::I2C_Base(LPC_I2C_TypeDef*)
                0x00019dc4                I2C_Base::I2C_Base(LPC_I2C_TypeDef*)
 .text._ZN8I2C_Base4initEjj
                0x00019e20       0x90 ./L2_Drivers/base/i2c_base.o
                0x00019e20                I2C_Base::init(unsigned int, unsigned int)
 .text._ZN8I2C_Base15i2cStateMachineEv
                0x00019eb0      0x126 ./L2_Drivers/base/i2c_base.o
                0x00019eb0                I2C_Base::i2cStateMachine()
 *fill*         0x00019fd6        0x2 00
 .text._ZN8I2C_Base15handleInterruptEv
                0x00019fd8       0x2c ./L2_Drivers/base/i2c_base.o
                0x00019fd8                I2C_Base::handleInterrupt()
 .text._ZN7UartDev7putCharEcj
                0x0001a004       0x66 ./L2_Drivers/base/uart_dev.o
                0x0001a004                UartDev::putChar(char, unsigned int)
 *fill*         0x0001a06a        0x2 00
 .text._ZN7UartDevD2Ev
                0x0001a06c       0x14 ./L2_Drivers/base/uart_dev.o
                0x0001a06c                UartDev::~UartDev()
                0x0001a06c                UartDev::~UartDev()
 .text._ZN7UartDevD0Ev
                0x0001a080       0x12 ./L2_Drivers/base/uart_dev.o
                0x0001a080                UartDev::~UartDev()
 .text._ZN7UartDev7getCharEPcj
                0x0001a092       0x5a ./L2_Drivers/base/uart_dev.o
                0x0001a092                UartDev::getChar(char*, unsigned int)
 .text._ZN7UartDev5flushEv
                0x0001a0ec       0x20 ./L2_Drivers/base/uart_dev.o
                0x0001a0ec                UartDev::flush()
 .text._ZN7UartDev11setBaudRateEj
                0x0001a10c       0x3c ./L2_Drivers/base/uart_dev.o
                0x0001a10c                UartDev::setBaudRate(unsigned int)
 .text._ZN7UartDev15handleInterruptEv
                0x0001a148       0xb4 ./L2_Drivers/base/uart_dev.o
                0x0001a148                UartDev::handleInterrupt()
 .text._ZN7UartDevC2EPj
                0x0001a1fc       0x28 ./L2_Drivers/base/uart_dev.o
                0x0001a1fc                UartDev::UartDev(unsigned int*)
                0x0001a1fc                UartDev::UartDev(unsigned int*)
 .text._ZN7UartDev4initEjjii
                0x0001a224       0xb0 ./L2_Drivers/base/uart_dev.o
                0x0001a224                UartDev::init(unsigned int, unsigned int, int, int)
 .text.vListInitialise
                0x0001a2d4       0x16 ./L1_FreeRTOS/src/list.o
                0x0001a2d4                vListInitialise
 .text.vListInitialiseItem
                0x0001a2ea        0x6 ./L1_FreeRTOS/src/list.o
                0x0001a2ea                vListInitialiseItem
 .text.vListInsertEnd
                0x0001a2f0       0x18 ./L1_FreeRTOS/src/list.o
                0x0001a2f0                vListInsertEnd
 .text.vListInsert
                0x0001a308       0x30 ./L1_FreeRTOS/src/list.o
                0x0001a308                vListInsert
 .text.uxListRemove
                0x0001a338       0x20 ./L1_FreeRTOS/src/list.o
                0x0001a338                uxListRemove
 .text.prvCopyDataFromQueue
                0x0001a358       0x26 ./L1_FreeRTOS/src/queue.o
 .text.prvCopyDataToQueue
                0x0001a37e       0x66 ./L1_FreeRTOS/src/queue.o
 .text.prvNotifyQueueSetContainer
                0x0001a3e4       0x32 ./L1_FreeRTOS/src/queue.o
 .text.prvUnlockQueue
                0x0001a416       0x78 ./L1_FreeRTOS/src/queue.o
 .text.xQueueGenericReset
                0x0001a48e       0x5c ./L1_FreeRTOS/src/queue.o
                0x0001a48e                xQueueGenericReset
 .text.xQueueGenericCreate
                0x0001a4ea       0x50 ./L1_FreeRTOS/src/queue.o
                0x0001a4ea                xQueueGenericCreate
 .text.xQueueCreateCountingSemaphore
                0x0001a53a       0x12 ./L1_FreeRTOS/src/queue.o
                0x0001a53a                xQueueCreateCountingSemaphore
 .text.xQueueGenericSend
                0x0001a54c       0xe2 ./L1_FreeRTOS/src/queue.o
                0x0001a54c                xQueueGenericSend
 .text.xQueueCreateMutex
                0x0001a62e       0x4e ./L1_FreeRTOS/src/queue.o
                0x0001a62e                xQueueCreateMutex
 .text.xQueueGenericSendFromISR
                0x0001a67c       0x72 ./L1_FreeRTOS/src/queue.o
                0x0001a67c                xQueueGenericSendFromISR
 .text.xQueueGenericReceive
                0x0001a6ee      0x102 ./L1_FreeRTOS/src/queue.o
                0x0001a6ee                xQueueGenericReceive
 .text.xQueueReceiveFromISR
                0x0001a7f0       0x52 ./L1_FreeRTOS/src/queue.o
                0x0001a7f0                xQueueReceiveFromISR
 .text.uxQueueMessagesWaiting
                0x0001a842       0x12 ./L1_FreeRTOS/src/queue.o
                0x0001a842                uxQueueMessagesWaiting
 .text.uxQueueMessagesWaitingFromISR
                0x0001a854        0x4 ./L1_FreeRTOS/src/queue.o
                0x0001a854                uxQueueMessagesWaitingFromISR
 .text.xQueueSelectFromSet
                0x0001a858       0x14 ./L1_FreeRTOS/src/queue.o
                0x0001a858                xQueueSelectFromSet
 .text.prvResetRunTimeStatsInList
                0x0001a86c       0x2e ./L1_FreeRTOS/src/tasks.o
 *fill*         0x0001a89a        0x2 00
 .text.prvIdleTask
                0x0001a89c       0x18 ./L1_FreeRTOS/src/tasks.o
 .text.prvResetNextTaskUnblockTime
                0x0001a8b4       0x24 ./L1_FreeRTOS/src/tasks.o
 .text.prvAddCurrentTaskToDelayedList
                0x0001a8d8       0x50 ./L1_FreeRTOS/src/tasks.o
 .text.prvListTaskWithinSingleList
                0x0001a928       0x86 ./L1_FreeRTOS/src/tasks.o
 *fill*         0x0001a9ae        0x2 00
 .text.xTaskGenericCreate
                0x0001a9b0      0x18c ./L1_FreeRTOS/src/tasks.o
                0x0001a9b0                xTaskGenericCreate
 .text.vTaskStartScheduler
                0x0001ab3c       0x54 ./L1_FreeRTOS/src/tasks.o
                0x0001ab3c                vTaskStartScheduler
 .text.vTaskEndScheduler
                0x0001ab90       0x18 ./L1_FreeRTOS/src/tasks.o
                0x0001ab90                vTaskEndScheduler
 .text.vTaskSuspendAll
                0x0001aba8       0x10 ./L1_FreeRTOS/src/tasks.o
                0x0001aba8                vTaskSuspendAll
 .text.xTaskGetTickCount
                0x0001abb8       0x18 ./L1_FreeRTOS/src/tasks.o
                0x0001abb8                xTaskGetTickCount
 .text.xTaskGetTickCountFromISR
                0x0001abd0       0x18 ./L1_FreeRTOS/src/tasks.o
                0x0001abd0                xTaskGetTickCountFromISR
 .text.uxTaskGetNumberOfTasks
                0x0001abe8        0xc ./L1_FreeRTOS/src/tasks.o
                0x0001abe8                uxTaskGetNumberOfTasks
 .text.xTaskIncrementTick
                0x0001abf4      0x104 ./L1_FreeRTOS/src/tasks.o
                0x0001abf4                xTaskIncrementTick
 .text.xTaskResumeAll
                0x0001acf8       0xc0 ./L1_FreeRTOS/src/tasks.o
                0x0001acf8                xTaskResumeAll
 .text.uxTaskGetSystemState
                0x0001adb8       0x88 ./L1_FreeRTOS/src/tasks.o
                0x0001adb8                uxTaskGetSystemState
 .text.vTaskDelay
                0x0001ae40       0x54 ./L1_FreeRTOS/src/tasks.o
                0x0001ae40                vTaskDelay
 .text.vTaskDelayUntil
                0x0001ae94       0x78 ./L1_FreeRTOS/src/tasks.o
                0x0001ae94                vTaskDelayUntil
 .text.vTaskSwitchContext
                0x0001af0c       0xc0 ./L1_FreeRTOS/src/tasks.o
                0x0001af0c                vTaskSwitchContext
 .text.vTaskSuspend
                0x0001afcc       0xa0 ./L1_FreeRTOS/src/tasks.o
                0x0001afcc                vTaskSuspend
 .text.vTaskPlaceOnEventList
                0x0001b06c       0x60 ./L1_FreeRTOS/src/tasks.o
                0x0001b06c                vTaskPlaceOnEventList
 .text.xTaskRemoveFromEventList
                0x0001b0cc       0x70 ./L1_FreeRTOS/src/tasks.o
                0x0001b0cc                xTaskRemoveFromEventList
 .text.vTaskSetTimeOutState
                0x0001b13c       0x18 ./L1_FreeRTOS/src/tasks.o
                0x0001b13c                vTaskSetTimeOutState
 .text.xTaskCheckForTimeOut
                0x0001b154       0x4c ./L1_FreeRTOS/src/tasks.o
                0x0001b154                xTaskCheckForTimeOut
 .text.vTaskMissedYield
                0x0001b1a0        0xc ./L1_FreeRTOS/src/tasks.o
                0x0001b1a0                vTaskMissedYield
 .text.uxTaskGetStackHighWaterMark
                0x0001b1ac       0x20 ./L1_FreeRTOS/src/tasks.o
                0x0001b1ac                uxTaskGetStackHighWaterMark
 .text.xTaskGetCurrentTaskHandle
                0x0001b1cc        0xc ./L1_FreeRTOS/src/tasks.o
                0x0001b1cc                xTaskGetCurrentTaskHandle
 .text.xTaskGetSchedulerState
                0x0001b1d8       0x20 ./L1_FreeRTOS/src/tasks.o
                0x0001b1d8                xTaskGetSchedulerState
 .text.vTaskPriorityInherit
                0x0001b1f8       0x94 ./L1_FreeRTOS/src/tasks.o
                0x0001b1f8                vTaskPriorityInherit
 .text.vTaskPriorityDisinherit
                0x0001b28c       0x70 ./L1_FreeRTOS/src/tasks.o
                0x0001b28c                vTaskPriorityDisinherit
 .text.vTaskResetRunTimeStats
                0x0001b2fc       0x6c ./L1_FreeRTOS/src/tasks.o
                0x0001b2fc                vTaskResetRunTimeStats
 .text.prvPortStartFirstTask
                0x0001b368       0x14 ./L1_FreeRTOS/portable/port.o
 .text.pxPortInitialiseStack
                0x0001b37c       0x16 ./L1_FreeRTOS/portable/port.o
                0x0001b37c                pxPortInitialiseStack
 *fill*         0x0001b392        0x2 00
 .text.vPortSVCHandler
                0x0001b394       0x20 ./L1_FreeRTOS/portable/port.o
                0x0001b394                vPortSVCHandler
 .text.vPortEndScheduler
                0x0001b3b4        0x2 ./L1_FreeRTOS/portable/port.o
                0x0001b3b4                vPortEndScheduler
 *fill*         0x0001b3b6        0x2 00
 .text.vPortYield
                0x0001b3b8       0x18 ./L1_FreeRTOS/portable/port.o
                0x0001b3b8                vPortYield
 .text.ulPortSetInterruptMask
                0x0001b3d0       0x10 ./L1_FreeRTOS/portable/port.o
                0x0001b3d0                ulPortSetInterruptMask
 .text.vPortEnterCritical
                0x0001b3e0       0x1c ./L1_FreeRTOS/portable/port.o
                0x0001b3e0                vPortEnterCritical
 .text.vPortClearInterruptMask
                0x0001b3fc        0x6 ./L1_FreeRTOS/portable/port.o
                0x0001b3fc                vPortClearInterruptMask
 *fill*         0x0001b402        0x2 00
 .text.vPortExitCritical
                0x0001b404       0x14 ./L1_FreeRTOS/portable/port.o
                0x0001b404                vPortExitCritical
 .text.xPortPendSVHandler
                0x0001b418       0x3c ./L1_FreeRTOS/portable/port.o
                0x0001b418                xPortPendSVHandler
 .text.xPortSysTickHandler
                0x0001b454       0x24 ./L1_FreeRTOS/portable/port.o
                0x0001b454                xPortSysTickHandler
 .text.vPortSetupTimerInterrupt
                0x0001b478       0x14 ./L1_FreeRTOS/portable/port.o
                0x0001b478                vPortSetupTimerInterrupt
 .text.xPortStartScheduler
                0x0001b48c       0x30 ./L1_FreeRTOS/portable/port.o
                0x0001b48c                xPortStartScheduler
 .text.vConfigureTimerForRunTimeStats
                0x0001b4bc       0x2c ./L1_FreeRTOS/portable/run_time_stats.o
                0x0001b4bc                vConfigureTimerForRunTimeStats
 .text.uxGetTimerForRunTimeStats
                0x0001b4e8        0x8 ./L1_FreeRTOS/portable/run_time_stats.o
                0x0001b4e8                uxGetTimerForRunTimeStats
 .text.resetRunTimeCounter
                0x0001b4f0        0xa ./L1_FreeRTOS/portable/run_time_stats.o
                0x0001b4f0                resetRunTimeCounter
 .text.vApplicationIdleHook
                0x0001b4fa        0x4 ./L1_FreeRTOS/hooks/hooks.o
                0x0001b4fa                vApplicationIdleHook
 *fill*         0x0001b4fe        0x2 00
 .text.vApplicationStackOverflowHook
                0x0001b500       0x38 ./L1_FreeRTOS/hooks/hooks.o
                0x0001b500                vApplicationStackOverflowHook
 .text.vApplicationMallocFailedHook
                0x0001b538       0x24 ./L1_FreeRTOS/hooks/hooks.o
                0x0001b538                vApplicationMallocFailedHook
 .text.pvPortMalloc
                0x0001b55c       0x1e ./L1_FreeRTOS/MemMang/heap_3.o
                0x0001b55c                pvPortMalloc
 .text.vPortFree
                0x0001b57a       0x1a ./L1_FreeRTOS/MemMang/heap_3.o
                0x0001b57a                vPortFree
 .text.__set_PSP
                0x0001b594        0x6 ./L0_LowLevel/source/core_cm3.o
                0x0001b594                __set_PSP
 .text.__set_MSP
                0x0001b59a        0x6 ./L0_LowLevel/source/core_cm3.o
                0x0001b59a                __set_MSP
 .text.__set_BASEPRI
                0x0001b5a0        0x6 ./L0_LowLevel/source/core_cm3.o
                0x0001b5a0                __set_BASEPRI
 *fill*         0x0001b5a6        0x2 00
 .text.sys_get_boot_type
                0x0001b5a8        0xc ./L0_LowLevel/source/low_level_init.o
                0x0001b5a8                sys_get_boot_type
 .text.sys_get_boot_time
                0x0001b5b4       0x14 ./L0_LowLevel/source/low_level_init.o
                0x0001b5b4                sys_get_boot_time
 .text._Z14low_level_initv
                0x0001b5c8      0x204 ./L0_LowLevel/source/low_level_init.o
                0x0001b5c8                low_level_init()
 .text.lpc_pconp
                0x0001b7cc       0x30 ./L0_LowLevel/source/lpc_peripherals.o
                0x0001b7cc                lpc_pconp
 .text.lpc_pclk
                0x0001b7fc       0x4c ./L0_LowLevel/source/lpc_peripherals.o
                0x0001b7fc                lpc_pclk
 .text.RIT_IRQHandler
                0x0001b848       0x1c ./L0_LowLevel/source/lpc_sys.o
                0x0001b848                RIT_IRQHandler
 .text.sys_get_mem_info_str
                0x0001b864       0x38 ./L0_LowLevel/source/lpc_sys.o
                0x0001b864                sys_get_mem_info_str
 .text.sys_rit_setup
                0x0001b89c       0x58 ./L0_LowLevel/source/lpc_sys.o
                0x0001b89c                sys_rit_setup
 .text.sys_rit_disable
                0x0001b8f4       0x1c ./L0_LowLevel/source/lpc_sys.o
                0x0001b8f4                sys_rit_disable
 .text.sys_rit_running
                0x0001b910       0x10 ./L0_LowLevel/source/lpc_sys.o
                0x0001b910                sys_rit_running
 .text.HardFault_HandlerC
                0x0001b920       0x94 ./L0_LowLevel/source/startup.o
                0x0001b920                HardFault_HandlerC
 .text._ZL19sys_clock_pll0_feedv
                0x0001b9b4       0x14 ./L0_LowLevel/source/sys_clock.o
 .text._ZL23sys_clock_configure_plljjPiS_S_.constprop.0
                0x0001b9c8       0x78 ./L0_LowLevel/source/sys_clock.o
 .text._Z19sys_clock_configurev
                0x0001ba40       0xac ./L0_LowLevel/source/sys_clock.o
                0x0001ba40                sys_clock_configure()
 .text.sys_get_cpu_clock
                0x0001baec       0x9c ./L0_LowLevel/source/sys_clock.o
                0x0001baec                sys_get_cpu_clock
 .text.uart0_init
                0x0001bb88       0x60 ./L0_LowLevel/source/uart0_min.o
                0x0001bb88                uart0_init
 .text.uart0_getchar
                0x0001bbe8       0x18 ./L0_LowLevel/source/uart0_min.o
                0x0001bbe8                uart0_getchar
 .text.uart0_putchar
                0x0001bc00       0x1c ./L0_LowLevel/source/uart0_min.o
                0x0001bc00                uart0_putchar
 .text.uart0_puts
                0x0001bc1c       0x1c ./L0_LowLevel/source/uart0_min.o
                0x0001bc1c                uart0_puts
 .text._ZNK10__cxxabiv120__si_class_type_info12__do_dyncastEiNS_17__class_type_info10__sub_kindEPKS1_PKvS4_S6_RNS1_16__dyncast_resultE
                0x0001bc38       0x7c c:/sjsu_dev/toolchain/bin/../lib/gcc/arm-none-eabi/4.7.4/../../../../arm-none-eabi/lib/armv7-m\libstdc++_s.a(si_class_type_info.o)
                0x0001bc38                __cxxabiv1::__si_class_type_info::__do_dyncast(int, __cxxabiv1::__class_type_info::__sub_kind, __cxxabiv1::__class_type_info const*, void const*, __cxxabiv1::__class_type_info const*, void const*, __cxxabiv1::__class_type_info::__dyncast_result&) const
 .text._ZN10__cxxabiv120__si_class_type_infoD2Ev
                0x0001bcb4       0x14 c:/sjsu_dev/toolchain/bin/../lib/gcc/arm-none-eabi/4.7.4/../../../../arm-none-eabi/lib/armv7-m\libstdc++_s.a(si_class_type_info.o)
                0x0001bcb4                __cxxabiv1::__si_class_type_info::~__si_class_type_info()
                0x0001bcb4                __cxxabiv1::__si_class_type_info::~__si_class_type_info()
 .text._ZN10__cxxabiv120__si_class_type_infoD0Ev
                0x0001bcc8       0x12 c:/sjsu_dev/toolchain/bin/../lib/gcc/arm-none-eabi/4.7.4/../../../../arm-none-eabi/lib/armv7-m\libstdc++_s.a(si_class_type_info.o)
                0x0001bcc8                __cxxabiv1::__si_class_type_info::~__si_class_type_info()
 .text._ZNK10__cxxabiv120__si_class_type_info20__do_find_public_srcEiPKvPKNS_17__class_type_infoES2_
                0x0001bcda       0x32 c:/sjsu_dev/toolchain/bin/../lib/gcc/arm-none-eabi/4.7.4/../../../../arm-none-eabi/lib/armv7-m\libstdc++_s.a(si_class_type_info.o)
                0x0001bcda                __cxxabiv1::__si_class_type_info::__do_find_public_src(int, void const*, __cxxabiv1::__class_type_info const*, void const*) const
 .text._ZNK10__cxxabiv120__si_class_type_info11__do_upcastEPKNS_17__class_type_infoEPKvRNS1_15__upcast_resultE
                0x0001bd0c       0x24 c:/sjsu_dev/toolchain/bin/../lib/gcc/arm-none-eabi/4.7.4/../../../../arm-none-eabi/lib/armv7-m\libstdc++_s.a(si_class_type_info.o)